Archive member included to satisfy reference by file (symbol)

c:/st/stm32cubeide_1.9.0/stm32cubeide/plugins/com.st.stm32cube.ide.mcu.externaltools.gnu-tools-for-stm32.10.3-2021.10.win32_1.0.0.202111181127/tools/bin/../lib/gcc/arm-none-eabi/10.3.1/../../../../arm-none-eabi/lib/thumb/v6-m/nofp\libc.a(lib_a-atof.o)
                              BOS\BOS_CLI.o (atof)
c:/st/stm32cubeide_1.9.0/stm32cubeide/plugins/com.st.stm32cube.ide.mcu.externaltools.gnu-tools-for-stm32.10.3-2021.10.win32_1.0.0.202111181127/tools/bin/../lib/gcc/arm-none-eabi/10.3.1/../../../../arm-none-eabi/lib/thumb/v6-m/nofp\libc.a(lib_a-atoi.o)
                              BOS\BOS_CLI.o (atoi)
c:/st/stm32cubeide_1.9.0/stm32cubeide/plugins/com.st.stm32cube.ide.mcu.externaltools.gnu-tools-for-stm32.10.3-2021.10.win32_1.0.0.202111181127/tools/bin/../lib/gcc/arm-none-eabi/10.3.1/../../../../arm-none-eabi/lib/thumb/v6-m/nofp\libc.a(lib_a-atol.o)
                              BOS\BOS.o (atol)
c:/st/stm32cubeide_1.9.0/stm32cubeide/plugins/com.st.stm32cube.ide.mcu.externaltools.gnu-tools-for-stm32.10.3-2021.10.win32_1.0.0.202111181127/tools/bin/../lib/gcc/arm-none-eabi/10.3.1/../../../../arm-none-eabi/lib/thumb/v6-m/nofp\libc.a(lib_a-ctype_.o)
                              BOS\BOS_CLI.o (_ctype_)
c:/st/stm32cubeide_1.9.0/stm32cubeide/plugins/com.st.stm32cube.ide.mcu.externaltools.gnu-tools-for-stm32.10.3-2021.10.win32_1.0.0.202111181127/tools/bin/../lib/gcc/arm-none-eabi/10.3.1/../../../../arm-none-eabi/lib/thumb/v6-m/nofp\libc.a(lib_a-exit.o)
                              c:/st/stm32cubeide_1.9.0/stm32cubeide/plugins/com.st.stm32cube.ide.mcu.externaltools.gnu-tools-for-stm32.10.3-2021.10.win32_1.0.0.202111181127/tools/bin/../lib/gcc/arm-none-eabi/10.3.1/../../../../arm-none-eabi/lib/thumb/v6-m/nofp/crt0.o (exit)
c:/st/stm32cubeide_1.9.0/stm32cubeide/plugins/com.st.stm32cube.ide.mcu.externaltools.gnu-tools-for-stm32.10.3-2021.10.win32_1.0.0.202111181127/tools/bin/../lib/gcc/arm-none-eabi/10.3.1/../../../../arm-none-eabi/lib/thumb/v6-m/nofp\libc.a(lib_a-impure.o)
                              c:/st/stm32cubeide_1.9.0/stm32cubeide/plugins/com.st.stm32cube.ide.mcu.externaltools.gnu-tools-for-stm32.10.3-2021.10.win32_1.0.0.202111181127/tools/bin/../lib/gcc/arm-none-eabi/10.3.1/../../../../arm-none-eabi/lib/thumb/v6-m/nofp\libc.a(lib_a-exit.o) (_global_impure_ptr)
c:/st/stm32cubeide_1.9.0/stm32cubeide/plugins/com.st.stm32cube.ide.mcu.externaltools.gnu-tools-for-stm32.10.3-2021.10.win32_1.0.0.202111181127/tools/bin/../lib/gcc/arm-none-eabi/10.3.1/../../../../arm-none-eabi/lib/thumb/v6-m/nofp\libc.a(lib_a-init.o)
                              c:/st/stm32cubeide_1.9.0/stm32cubeide/plugins/com.st.stm32cube.ide.mcu.externaltools.gnu-tools-for-stm32.10.3-2021.10.win32_1.0.0.202111181127/tools/bin/../lib/gcc/arm-none-eabi/10.3.1/../../../../arm-none-eabi/lib/thumb/v6-m/nofp/crt0.o (__libc_init_array)
c:/st/stm32cubeide_1.9.0/stm32cubeide/plugins/com.st.stm32cube.ide.mcu.externaltools.gnu-tools-for-stm32.10.3-2021.10.win32_1.0.0.202111181127/tools/bin/../lib/gcc/arm-none-eabi/10.3.1/../../../../arm-none-eabi/lib/thumb/v6-m/nofp\libc.a(lib_a-malloc.o)
                              BOS\BOS.o (malloc)
c:/st/stm32cubeide_1.9.0/stm32cubeide/plugins/com.st.stm32cube.ide.mcu.externaltools.gnu-tools-for-stm32.10.3-2021.10.win32_1.0.0.202111181127/tools/bin/../lib/gcc/arm-none-eabi/10.3.1/../../../../arm-none-eabi/lib/thumb/v6-m/nofp\libc.a(lib_a-mallocr.o)
                              c:/st/stm32cubeide_1.9.0/stm32cubeide/plugins/com.st.stm32cube.ide.mcu.externaltools.gnu-tools-for-stm32.10.3-2021.10.win32_1.0.0.202111181127/tools/bin/../lib/gcc/arm-none-eabi/10.3.1/../../../../arm-none-eabi/lib/thumb/v6-m/nofp\libc.a(lib_a-malloc.o) (_malloc_r)
c:/st/stm32cubeide_1.9.0/stm32cubeide/plugins/com.st.stm32cube.ide.mcu.externaltools.gnu-tools-for-stm32.10.3-2021.10.win32_1.0.0.202111181127/tools/bin/../lib/gcc/arm-none-eabi/10.3.1/../../../../arm-none-eabi/lib/thumb/v6-m/nofp\libc.a(lib_a-memcpy-stub.o)
                              BOS\BOS.o (memcpy)
c:/st/stm32cubeide_1.9.0/stm32cubeide/plugins/com.st.stm32cube.ide.mcu.externaltools.gnu-tools-for-stm32.10.3-2021.10.win32_1.0.0.202111181127/tools/bin/../lib/gcc/arm-none-eabi/10.3.1/../../../../arm-none-eabi/lib/thumb/v6-m/nofp\libc.a(lib_a-memset.o)
                              c:/st/stm32cubeide_1.9.0/stm32cubeide/plugins/com.st.stm32cube.ide.mcu.externaltools.gnu-tools-for-stm32.10.3-2021.10.win32_1.0.0.202111181127/tools/bin/../lib/gcc/arm-none-eabi/10.3.1/../../../../arm-none-eabi/lib/thumb/v6-m/nofp/crt0.o (memset)
c:/st/stm32cubeide_1.9.0/stm32cubeide/plugins/com.st.stm32cube.ide.mcu.externaltools.gnu-tools-for-stm32.10.3-2021.10.win32_1.0.0.202111181127/tools/bin/../lib/gcc/arm-none-eabi/10.3.1/../../../../arm-none-eabi/lib/thumb/v6-m/nofp\libc.a(lib_a-mlock.o)
[...]
Memory Configuration

Name             Origin             Length             Attributes
RAM              0x0000000020000000 0x0000000000024000 xrw
FLASH            0x0000000008000000 0x0000000000080000 xr
*default*        0x0000000000000000 0xffffffffffffffff

Linker script and memory map

LOAD c:/st/stm32cubeide_1.9.0/stm32cubeide/plugins/com.st.stm32cube.ide.mcu.externaltools.gnu-tools-for-stm32.10.3-2021.10.win32_1.0.0.202111181127/tools/bin/../lib/gcc/arm-none-eabi/10.3.1/thumb/v6-m/nofp/crti.o
LOAD c:/st/stm32cubeide_1.9.0/stm32cubeide/plugins/com.st.stm32cube.ide.mcu.externaltools.gnu-tools-for-stm32.10.3-2021.10.win32_1.0.0.202111181127/tools/bin/../lib/gcc/arm-none-eabi/10.3.1/thumb/v6-m/nofp/crtbegin.o
LOAD c:/st/stm32cubeide_1.9.0/stm32cubeide/plugins/com.st.stm32cube.ide.mcu.externaltools.gnu-tools-for-stm32.10.3-2021.10.win32_1.0.0.202111181127/tools/bin/../lib/gcc/arm-none-eabi/10.3.1/../../../../arm-none-eabi/lib/thumb/v6-m/nofp/crt0.o
LOAD BOS\BOS.o
LOAD BOS\BOS_CLI.o
LOAD BOS\BOS_CLIcommands.o
LOAD BOS\BOS_dma.o
LOAD BOS\BOS_freertos.o
LOAD BOS\BOS_messaging.o
LOAD BOS\BOS_msgparser.o
LOAD H09R9\H09R9.o
LOAD H09R9\H09R9_dma.o
LOAD H09R9\H09R9_eeprom.o
LOAD H09R9\H09R9_gpio.o
LOAD H09R9\H09R9_i2c.o
LOAD H09R9\H09R9_inputs.o
LOAD H09R9\H09R9_it.o
LOAD H09R9\H09R9_rtc.o
LOAD H09R9\H09R9_timers.o
LOAD H09R9\H09R9_uart.o
LOAD H09R9\startup_stm32g0b1ceuxn.o
LOAD Thirdparty\CMSIS\STM32G0xx\Device\ST\STM32G0xx\Source\Templates\system_stm32g0xx.o
LOAD Thirdparty\Middleware\STM32G0xx\FreeRTOS\Source\CMSIS_RTOS\cmsis_os.o
LOAD Thirdparty\Middleware\STM32G0xx\FreeRTOS\Source\FreeRTOS_CLI.o
LOAD Thirdparty\Middleware\STM32G0xx\FreeRTOS\Source\croutine.o
LOAD Thirdparty\Middleware\STM32G0xx\FreeRTOS\Source\event_groups.o
LOAD Thirdparty\Middleware\STM32G0xx\FreeRTOS\Source\list.o
LOAD Thirdparty\Middleware\STM32G0xx\FreeRTOS\Source\portable\GCC\ARM_CM0\port.o
LOAD Thirdparty\Middleware\STM32G0xx\FreeRTOS\Source\portable\MemMang\heap_4.o
LOAD Thirdparty\Middleware\STM32G0xx\FreeRTOS\Source\queue.o
LOAD Thirdparty\Middleware\STM32G0xx\FreeRTOS\Source\stream_buffer.o
LOAD Thirdparty\Middleware\STM32G0xx\FreeRTOS\Source\tasks.o
LOAD Thirdparty\Middleware\STM32G0xx\FreeRTOS\Source\timers.o
LOAD Thirdparty\STM32G0xx_HAL_Driver\Src\stm32g0xx_hal.o
LOAD Thirdparty\STM32G0xx_HAL_Driver\Src\stm32g0xx_hal_adc.o
LOAD Thirdparty\STM32G0xx_HAL_Driver\Src\stm32g0xx_hal_adc_ex.o
LOAD Thirdparty\STM32G0xx_HAL_Driver\Src\stm32g0xx_hal_cec.o
LOAD Thirdparty\STM32G0xx_HAL_Driver\Src\stm32g0xx_hal_comp.o
LOAD Thirdparty\STM32G0xx_HAL_Driver\Src\stm32g0xx_hal_cortex.o
LOAD Thirdparty\STM32G0xx_HAL_Driver\Src\stm32g0xx_hal_crc.o
LOAD Thirdparty\STM32G0xx_HAL_Driver\Src\stm32g0xx_hal_crc_ex.o
LOAD Thirdparty\STM32G0xx_HAL_Driver\Src\stm32g0xx_hal_cryp.o
LOAD Thirdparty\STM32G0xx_HAL_Driver\Src\stm32g0xx_hal_cryp_ex.o
LOAD Thirdparty\STM32G0xx_HAL_Driver\Src\stm32g0xx_hal_dac.o
LOAD Thirdparty\STM32G0xx_HAL_Driver\Src\stm32g0xx_hal_dac_ex.o
LOAD Thirdparty\STM32G0xx_HAL_Driver\Src\stm32g0xx_hal_dma.o
LOAD Thirdparty\STM32G0xx_HAL_Driver\Src\stm32g0xx_hal_dma_ex.o
LOAD Thirdparty\STM32G0xx_HAL_Driver\Src\stm32g0xx_hal_exti.o
LOAD Thirdparty\STM32G0xx_HAL_Driver\Src\stm32g0xx_hal_fdcan.o
LOAD Thirdparty\STM32G0xx_HAL_Driver\Src\stm32g0xx_hal_flash.o
LOAD Thirdparty\STM32G0xx_HAL_Driver\Src\stm32g0xx_hal_flash_ex.o
LOAD Thirdparty\STM32G0xx_HAL_Driver\Src\stm32g0xx_hal_gpio.o
LOAD Thirdparty\STM32G0xx_HAL_Driver\Src\stm32g0xx_hal_hcd.o
LOAD Thirdparty\STM32G0xx_HAL_Driver\Src\stm32g0xx_hal_i2c.o
LOAD Thirdparty\STM32G0xx_HAL_Driver\Src\stm32g0xx_hal_i2c_ex.o
LOAD Thirdparty\STM32G0xx_HAL_Driver\Src\stm32g0xx_hal_i2s.o
LOAD Thirdparty\STM32G0xx_HAL_Driver\Src\stm32g0xx_hal_irda.o
LOAD Thirdparty\STM32G0xx_HAL_Driver\Src\stm32g0xx_hal_iwdg.o
LOAD Thirdparty\STM32G0xx_HAL_Driver\Src\stm32g0xx_hal_lptim.o
LOAD Thirdparty\STM32G0xx_HAL_Driver\Src\stm32g0xx_hal_msp_template.o
LOAD Thirdparty\STM32G0xx_HAL_Driver\Src\stm32g0xx_hal_pcd.o
LOAD Thirdparty\STM32G0xx_HAL_Driver\Src\stm32g0xx_hal_pcd_ex.o
LOAD Thirdparty\STM32G0xx_HAL_Driver\Src\stm32g0xx_hal_pwr.o
LOAD Thirdparty\STM32G0xx_HAL_Driver\Src\stm32g0xx_hal_pwr_ex.o
LOAD Thirdparty\STM32G0xx_HAL_Driver\Src\stm32g0xx_hal_rcc.o
LOAD Thirdparty\STM32G0xx_HAL_Driver\Src\stm32g0xx_hal_rcc_ex.o
LOAD Thirdparty\STM32G0xx_HAL_Driver\Src\stm32g0xx_hal_rng.o
LOAD Thirdparty\STM32G0xx_HAL_Driver\Src\stm32g0xx_hal_rtc.o
LOAD Thirdparty\STM32G0xx_HAL_Driver\Src\stm32g0xx_hal_rtc_ex.o
LOAD Thirdparty\STM32G0xx_HAL_Driver\Src\stm32g0xx_hal_smartcard.o
LOAD Thirdparty\STM32G0xx_HAL_Driver\Src\stm32g0xx_hal_smartcard_ex.o
LOAD Thirdparty\STM32G0xx_HAL_Driver\Src\stm32g0xx_hal_smbus.o
LOAD Thirdparty\STM32G0xx_HAL_Driver\Src\stm32g0xx_hal_smbus_ex.o
LOAD Thirdparty\STM32G0xx_HAL_Driver\Src\stm32g0xx_hal_spi.o
LOAD Thirdparty\STM32G0xx_HAL_Driver\Src\stm32g0xx_hal_spi_ex.o
LOAD Thirdparty\STM32G0xx_HAL_Driver\Src\stm32g0xx_hal_tim.o
LOAD Thirdparty\STM32G0xx_HAL_Driver\Src\stm32g0xx_hal_tim_ex.o
LOAD Thirdparty\STM32G0xx_HAL_Driver\Src\stm32g0xx_hal_uart.o
LOAD Thirdparty\STM32G0xx_HAL_Driver\Src\stm32g0xx_hal_uart_ex.o
LOAD Thirdparty\STM32G0xx_HAL_Driver\Src\stm32g0xx_hal_usart.o
LOAD Thirdparty\STM32G0xx_HAL_Driver\Src\stm32g0xx_hal_usart_ex.o
LOAD Thirdparty\STM32G0xx_HAL_Driver\Src\stm32g0xx_hal_wwdg.o
LOAD Thirdparty\STM32G0xx_HAL_Driver\Src\stm32g0xx_ll_adc.o
LOAD Thirdparty\STM32G0xx_HAL_Driver\Src\stm32g0xx_ll_comp.o
LOAD Thirdparty\STM32G0xx_HAL_Driver\Src\stm32g0xx_ll_crc.o
LOAD Thirdparty\STM32G0xx_HAL_Driver\Src\stm32g0xx_ll_crs.o
LOAD Thirdparty\STM32G0xx_HAL_Driver\Src\stm32g0xx_ll_dac.o
LOAD Thirdparty\STM32G0xx_HAL_Driver\Src\stm32g0xx_ll_dma.o
LOAD Thirdparty\STM32G0xx_HAL_Driver\Src\stm32g0xx_ll_exti.o
LOAD Thirdparty\STM32G0xx_HAL_Driver\Src\stm32g0xx_ll_gpio.o
LOAD Thirdparty\STM32G0xx_HAL_Driver\Src\stm32g0xx_ll_i2c.o
LOAD Thirdparty\STM32G0xx_HAL_Driver\Src\stm32g0xx_ll_lptim.o
LOAD Thirdparty\STM32G0xx_HAL_Driver\Src\stm32g0xx_ll_lpuart.o
LOAD Thirdparty\STM32G0xx_HAL_Driver\Src\stm32g0xx_ll_pwr.o
LOAD Thirdparty\STM32G0xx_HAL_Driver\Src\stm32g0xx_ll_rcc.o
LOAD Thirdparty\STM32G0xx_HAL_Driver\Src\stm32g0xx_ll_rng.o
LOAD Thirdparty\STM32G0xx_HAL_Driver\Src\stm32g0xx_ll_rtc.o
LOAD Thirdparty\STM32G0xx_HAL_Driver\Src\stm32g0xx_ll_spi.o
LOAD Thirdparty\STM32G0xx_HAL_Driver\Src\stm32g0xx_ll_tim.o
LOAD Thirdparty\STM32G0xx_HAL_Driver\Src\stm32g0xx_ll_ucpd.o
LOAD Thirdparty\STM32G0xx_HAL_Driver\Src\stm32g0xx_ll_usart.o
LOAD Thirdparty\STM32G0xx_HAL_Driver\Src\stm32g0xx_ll_usb.o
LOAD Thirdparty\STM32G0xx_HAL_Driver\Src\stm32g0xx_ll_utils.o
LOAD User\main.o
START GROUP
LOAD c:/st/stm32cubeide_1.9.0/stm32cubeide/plugins/com.st.stm32cube.ide.mcu.externaltools.gnu-tools-for-stm32.10.3-2021.10.win32_1.0.0.202111181127/tools/bin/../lib/gcc/arm-none-eabi/10.3.1/../../../../arm-none-eabi/lib/thumb/v6-m/nofp\libc.a
LOAD c:/st/stm32cubeide_1.9.0/stm32cubeide/plugins/com.st.stm32cube.ide.mcu.externaltools.gnu-tools-for-stm32.10.3-2021.10.win32_1.0.0.202111181127/tools/bin/../lib/gcc/arm-none-eabi/10.3.1/../../../../arm-none-eabi/lib/thumb/v6-m/nofp\libm.a
END GROUP
START GROUP
LOAD c:/st/stm32cubeide_1.9.0/stm32cubeide/plugins/com.st.stm32cube.ide.mcu.externaltools.gnu-tools-for-stm32.10.3-2021.10.win32_1.0.0.202111181127/tools/bin/../lib/gcc/arm-none-eabi/10.3.1/thumb/v6-m/nofp\libgcc.a
LOAD c:/st/stm32cubeide_1.9.0/stm32cubeide/plugins/com.st.stm32cube.ide.mcu.externaltools.gnu-tools-for-stm32.10.3-2021.10.win32_1.0.0.202111181127/tools/bin/../lib/gcc/arm-none-eabi/10.3.1/../../../../arm-none-eabi/lib/thumb/v6-m/nofp\libc.a
END GROUP
START GROUP
LOAD c:/st/stm32cubeide_1.9.0/stm32cubeide/plugins/com.st.stm32cube.ide.mcu.externaltools.gnu-tools-for-stm32.10.3-2021.10.win32_1.0.0.202111181127/tools/bin/../lib/gcc/arm-none-eabi/10.3.1/thumb/v6-m/nofp\libgcc.a
LOAD c:/st/stm32cubeide_1.9.0/stm32cubeide/plugins/com.st.stm32cube.ide.mcu.externaltools.gnu-tools-for-stm32.10.3-2021.10.win32_1.0.0.202111181127/tools/bin/../lib/gcc/arm-none-eabi/10.3.1/../../../../arm-none-eabi/lib/thumb/v6-m/nofp\libc.a
LOAD c:/st/stm32cubeide_1.9.0/stm32cubeide/plugins/com.st.stm32cube.ide.mcu.externaltools.gnu-tools-for-stm32.10.3-2021.10.win32_1.0.0.202111181127/tools/bin/../lib/gcc/arm-none-eabi/10.3.1/../../../../arm-none-eabi/lib/thumb/v6-m/nofp\libnosys.a
END GROUP
LOAD c:/st/stm32cubeide_1.9.0/stm32cubeide/plugins/com.st.stm32cube.ide.mcu.externaltools.gnu-tools-for-stm32.10.3-2021.10.win32_1.0.0.202111181127/tools/bin/../lib/gcc/arm-none-eabi/10.3.1/thumb/v6-m/nofp/crtend.o
LOAD c:/st/stm32cubeide_1.9.0/stm32cubeide/plugins/com.st.stm32cube.ide.mcu.externaltools.gnu-tools-for-stm32.10.3-2021.10.win32_1.0.0.202111181127/tools/bin/../lib/gcc/arm-none-eabi/10.3.1/thumb/v6-m/nofp/crtn.o
                0x0000000020024000                _estack = (ORIGIN (RAM) + LENGTH (RAM))
                0x0000000000000200                _Min_Heap_Size = 0x200
                0x0000000000000400                _Min_Stack_Size = 0x400

.isr_vector     0x0000000008000000       0xbc
                0x0000000008000000                . = ALIGN (0x4)
 *(.isr_vector)
 .isr_vector    0x0000000008000000       0xbc H09R9\startup_stm32g0b1ceuxn.o
                0x0000000008000000                g_pfnVectors
                0x00000000080000bc                . = ALIGN (0x4)

.text           0x00000000080000c0    0x2a178
                0x00000000080000c0                . = ALIGN (0x4)
 *(.text)
 .text          0x00000000080000c0       0x48 c:/st/stm32cubeide_1.9.0/stm32cubeide/plugins/com.st.stm32cube.ide.mcu.externaltools.gnu-tools-for-stm32.10.3-2021.10.win32_1.0.0.202111181127/tools/bin/../lib/gcc/arm-none-eabi/10.3.1/thumb/v6-m/nofp/crtbegin.o
 .text          0x0000000008000108       0x14 c:/st/stm32cubeide_1.9.0/stm32cubeide/plugins/com.st.stm32cube.ide.mcu.externaltools.gnu-tools-for-stm32.10.3-2021.10.win32_1.0.0.202111181127/tools/bin/../lib/gcc/arm-none-eabi/10.3.1/../../../../arm-none-eabi/lib/thumb/v6-m/nofp\libc.a(lib_a-strcmp.o)
                0x0000000008000108                strcmp
 .text          0x000000000800011c        0xe c:/st/stm32cubeide_1.9.0/stm32cubeide/plugins/com.st.stm32cube.ide.mcu.externaltools.gnu-tools-for-stm32.10.3-2021.10.win32_1.0.0.202111181127/tools/bin/../lib/gcc/arm-none-eabi/10.3.1/../../../../arm-none-eabi/lib/thumb/v6-m/nofp\libc.a(lib_a-strlen.o)
                0x000000000800011c                strlen
 *fill*         0x000000000800012a        0x2 
 .text          0x000000000800012c       0x14 c:/st/stm32cubeide_1.9.0/stm32cubeide/plugins/com.st.stm32cube.ide.mcu.externaltools.gnu-tools-for-stm32.10.3-2021.10.win32_1.0.0.202111181127/tools/bin/../lib/gcc/arm-none-eabi/10.3.1/thumb/v6-m/nofp\libgcc.a(_thumb1_case_uqi.o)
                0x000000000800012c                __gnu_thumb1_case_uqi
 .text          0x0000000008000140       0x14 c:/st/stm32cubeide_1.9.0/stm32cubeide/plugins/com.st.stm32cube.ide.mcu.externaltools.gnu-tools-for-stm32.10.3-2021.10.win32_1.0.0.202111181127/tools/bin/../lib/gcc/arm-none-eabi/10.3.1/thumb/v6-m/nofp\libgcc.a(_thumb1_case_uhi.o)
                0x0000000008000140                __gnu_thumb1_case_uhi
 .text          0x0000000008000154      0x114 c:/st/stm32cubeide_1.9.0/stm32cubeide/plugins/com.st.stm32cube.ide.mcu.externaltools.gnu-tools-for-stm32.10.3-2021.10.win32_1.0.0.202111181127/tools/bin/../lib/gcc/arm-none-eabi/10.3.1/thumb/v6-m/nofp\libgcc.a(_udivsi3.o)
                0x0000000008000154                __aeabi_uidiv
                0x0000000008000154                __udivsi3
                0x0000000008000260                __aeabi_uidivmod
 .text          0x0000000008000268      0x1d4 c:/st/stm32cubeide_1.9.0/stm32cubeide/plugins/com.st.stm32cube.ide.mcu.externaltools.gnu-tools-for-stm32.10.3-2021.10.win32_1.0.0.202111181127/tools/bin/../lib/gcc/arm-none-eabi/10.3.1/thumb/v6-m/nofp\libgcc.a(_divsi3.o)
                0x0000000008000268                __divsi3
                0x0000000008000268                __aeabi_idiv
                0x0000000008000434                __aeabi_idivmod
 .text          0x000000000800043c        0x4 c:/st/stm32cubeide_1.9.0/stm32cubeide/plugins/com.st.stm32cube.ide.mcu.externaltools.gnu-tools-for-stm32.10.3-2021.10.win32_1.0.0.202111181127/tools/bin/../lib/gcc/arm-none-eabi/10.3.1/thumb/v6-m/nofp\libgcc.a(_dvmd_tls.o)
                0x000000000800043c                __aeabi_idiv0
                0x000000000800043c                __aeabi_ldiv0
 .text          0x0000000008000440       0x7c c:/st/stm32cubeide_1.9.0/stm32cubeide/plugins/com.st.stm32cube.ide.mcu.externaltools.gnu-tools-for-stm32.10.3-2021.10.win32_1.0.0.202111181127/tools/bin/../lib/gcc/arm-none-eabi/10.3.1/thumb/v6-m/nofp\libgcc.a(_arm_cmpdf2.o)
                0x0000000008000440                __aeabi_cdrcmple
                0x0000000008000450                __aeabi_cdcmple
                0x0000000008000450                __aeabi_cdcmpeq
                0x0000000008000460                __aeabi_dcmpeq
                0x000000000800046c                __aeabi_dcmplt
                0x0000000008000480                __aeabi_dcmple
                0x0000000008000494                __aeabi_dcmpgt
                0x00000000080004a8                __aeabi_dcmpge
 .text          0x00000000080004bc       0x74 c:/st/stm32cubeide_1.9.0/stm32cubeide/plugins/com.st.stm32cube.ide.mcu.externaltools.gnu-tools-for-stm32.10.3-2021.10.win32_1.0.0.202111181127/tools/bin/../lib/gcc/arm-none-eabi/10.3.1/thumb/v6-m/nofp\libgcc.a(_arm_cmpsf2.o)
                0x00000000080004bc                __aeabi_cfrcmple
                0x00000000080004c4                __aeabi_cfcmpeq
                0x00000000080004c4                __aeabi_cfcmple
                0x00000000080004d4                __aeabi_fcmpeq
                0x00000000080004e0                __aeabi_fcmplt
                0x00000000080004f4                __aeabi_fcmple
                0x0000000008000508                __aeabi_fcmpgt
                0x000000000800051c                __aeabi_fcmpge
 .text          0x0000000008000530       0x14 c:/st/stm32cubeide_1.9.0/stm32cubeide/plugins/com.st.stm32cube.ide.mcu.externaltools.gnu-tools-for-stm32.10.3-2021.10.win32_1.0.0.202111181127/tools/bin/../lib/gcc/arm-none-eabi/10.3.1/thumb/v6-m/nofp\libgcc.a(_aeabi_ulcmp.o)
                0x0000000008000530                __aeabi_ulcmp
 .text          0x0000000008000544       0x40 c:/st/stm32cubeide_1.9.0/stm32cubeide/plugins/com.st.stm32cube.ide.mcu.externaltools.gnu-tools-for-stm32.10.3-2021.10.win32_1.0.0.202111181127/tools/bin/../lib/gcc/arm-none-eabi/10.3.1/thumb/v6-m/nofp\libgcc.a(_aeabi_uldivmod.o)
                0x0000000008000544                __aeabi_uldivmod
 .text          0x0000000008000584       0x5c c:/st/stm32cubeide_1.9.0/stm32cubeide/plugins/com.st.stm32cube.ide.mcu.externaltools.gnu-tools-for-stm32.10.3-2021.10.win32_1.0.0.202111181127/tools/bin/../lib/gcc/arm-none-eabi/10.3.1/thumb/v6-m/nofp\libgcc.a(_muldi3.o)
                0x0000000008000584                __muldi3
                0x0000000008000584                __aeabi_lmul
 .text          0x00000000080005e0       0x30 c:/st/stm32cubeide_1.9.0/stm32cubeide/plugins/com.st.stm32cube.ide.mcu.externaltools.gnu-tools-for-stm32.10.3-2021.10.win32_1.0.0.202111181127/tools/bin/../lib/gcc/arm-none-eabi/10.3.1/thumb/v6-m/nofp\libgcc.a(_fixunssfsi.o)
                0x00000000080005e0                __fixunssfsi
                0x00000000080005e0                __aeabi_f2uiz
 .text          0x0000000008000610       0x3c c:/st/stm32cubeide_1.9.0/stm32cubeide/plugins/com.st.stm32cube.ide.mcu.externaltools.gnu-tools-for-stm32.10.3-2021.10.win32_1.0.0.202111181127/tools/bin/../lib/gcc/arm-none-eabi/10.3.1/thumb/v6-m/nofp\libgcc.a(_fixunsdfsi.o)
                0x0000000008000610                __aeabi_d2uiz
                0x0000000008000610                __fixunsdfsi
 .text          0x000000000800064c       0x3c c:/st/stm32cubeide_1.9.0/stm32cubeide/plugins/com.st.stm32cube.ide.mcu.externaltools.gnu-tools-for-stm32.10.3-2021.10.win32_1.0.0.202111181127/tools/bin/../lib/gcc/arm-none-eabi/10.3.1/thumb/v6-m/nofp\libgcc.a(_fixdfdi.o)
                0x000000000800064c                __fixdfdi
                0x000000000800064c                __aeabi_d2lz
 .text          0x0000000008000688       0x3c c:/st/stm32cubeide_1.9.0/stm32cubeide/plugins/com.st.stm32cube.ide.mcu.externaltools.gnu-tools-for-stm32.10.3-2021.10.win32_1.0.0.202111181127/tools/bin/../lib/gcc/arm-none-eabi/10.3.1/thumb/v6-m/nofp\libgcc.a(_fixunsdfdi.o)
                0x0000000008000688                __fixunsdfdi
                0x0000000008000688                __aeabi_d2ulz
 .text          0x00000000080006c4       0x2c c:/st/stm32cubeide_1.9.0/stm32cubeide/plugins/com.st.stm32cube.ide.mcu.externaltools.gnu-tools-for-stm32.10.3-2021.10.win32_1.0.0.202111181127/tools/bin/../lib/gcc/arm-none-eabi/10.3.1/thumb/v6-m/nofp\libgcc.a(_floatdidf.o)
                0x00000000080006c4                __aeabi_l2d
                0x00000000080006c4                __floatdidf
 .text          0x00000000080006f0      0x198 c:/st/stm32cubeide_1.9.0/stm32cubeide/plugins/com.st.stm32cube.ide.mcu.externaltools.gnu-tools-for-stm32.10.3-2021.10.win32_1.0.0.202111181127/tools/bin/../lib/gcc/arm-none-eabi/10.3.1/thumb/v6-m/nofp\libgcc.a(_udivmoddi4.o)
                0x00000000080006f0                __udivmoddi4
 .text          0x0000000008000888      0x33c c:/st/stm32cubeide_1.9.0/stm32cubeide/plugins/com.st.stm32cube.ide.mcu.externaltools.gnu-tools-for-stm32.10.3-2021.10.win32_1.0.0.202111181127/tools/bin/../lib/gcc/arm-none-eabi/10.3.1/thumb/v6-m/nofp\libgcc.a(addsf3.o)
                0x0000000008000888                __aeabi_fadd
 .text          0x0000000008000bc4      0x230 c:/st/stm32cubeide_1.9.0/stm32cubeide/plugins/com.st.stm32cube.ide.mcu.externaltools.gnu-tools-for-stm32.10.3-2021.10.win32_1.0.0.202111181127/tools/bin/../lib/gcc/arm-none-eabi/10.3.1/thumb/v6-m/nofp\libgcc.a(divsf3.o)
                0x0000000008000bc4                __aeabi_fdiv
 .text          0x0000000008000df4       0x4c c:/st/stm32cubeide_1.9.0/stm32cubeide/plugins/com.st.stm32cube.ide.mcu.externaltools.gnu-tools-for-stm32.10.3-2021.10.win32_1.0.0.202111181127/tools/bin/../lib/gcc/arm-none-eabi/10.3.1/thumb/v6-m/nofp\libgcc.a(eqsf2.o)
                0x0000000008000df4                __eqsf2
                0x0000000008000df4                __nesf2
 .text          0x0000000008000e40       0x8c c:/st/stm32cubeide_1.9.0/stm32cubeide/plugins/com.st.stm32cube.ide.mcu.externaltools.gnu-tools-for-stm32.10.3-2021.10.win32_1.0.0.202111181127/tools/bin/../lib/gcc/arm-none-eabi/10.3.1/thumb/v6-m/nofp\libgcc.a(gesf2.o)
                0x0000000008000e40                __gesf2
                0x0000000008000e40                __gtsf2
 .text          0x0000000008000ecc       0x88 c:/st/stm32cubeide_1.9.0/stm32cubeide/plugins/com.st.stm32cube.ide.mcu.externaltools.gnu-tools-for-stm32.10.3-2021.10.win32_1.0.0.202111181127/tools/bin/../lib/gcc/arm-none-eabi/10.3.1/thumb/v6-m/nofp\libgcc.a(lesf2.o)
                0x0000000008000ecc                __ltsf2
                0x0000000008000ecc                __lesf2
 .text          0x0000000008000f54      0x24c c:/st/stm32cubeide_1.9.0/stm32cubeide/plugins/com.st.stm32cube.ide.mcu.externaltools.gnu-tools-for-stm32.10.3-2021.10.win32_1.0.0.202111181127/tools/bin/../lib/gcc/arm-none-eabi/10.3.1/thumb/v6-m/nofp\libgcc.a(mulsf3.o)
                0x0000000008000f54                __aeabi_fmul
 .text          0x00000000080011a0      0x35c c:/st/stm32cubeide_1.9.0/stm32cubeide/plugins/com.st.stm32cube.ide.mcu.externaltools.gnu-tools-for-stm32.10.3-2021.10.win32_1.0.0.202111181127/tools/bin/../lib/gcc/arm-none-eabi/10.3.1/thumb/v6-m/nofp\libgcc.a(subsf3.o)
                0x00000000080011a0                __aeabi_fsub
 .text          0x00000000080014fc       0x40 c:/st/stm32cubeide_1.9.0/stm32cubeide/plugins/com.st.stm32cube.ide.mcu.externaltools.gnu-tools-for-stm32.10.3-2021.10.win32_1.0.0.202111181127/tools/bin/../lib/gcc/arm-none-eabi/10.3.1/thumb/v6-m/nofp\libgcc.a(fixsfsi.o)
                0x00000000080014fc                __aeabi_f2iz
 .text          0x000000000800153c       0x9c c:/st/stm32cubeide_1.9.0/stm32cubeide/plugins/com.st.stm32cube.ide.mcu.externaltools.gnu-tools-for-stm32.10.3-2021.10.win32_1.0.0.202111181127/tools/bin/../lib/gcc/arm-none-eabi/10.3.1/thumb/v6-m/nofp\libgcc.a(floatsisf.o)
                0x000000000800153c                __aeabi_i2f
 .text          0x00000000080015d8       0x84 c:/st/stm32cubeide_1.9.0/stm32cubeide/plugins/com.st.stm32cube.ide.mcu.externaltools.gnu-tools-for-stm32.10.3-2021.10.win32_1.0.0.202111181127/tools/bin/../lib/gcc/arm-none-eabi/10.3.1/thumb/v6-m/nofp\libgcc.a(floatunsisf.o)
                0x00000000080015d8                __aeabi_ui2f
 .text          0x000000000800165c      0x678 c:/st/stm32cubeide_1.9.0/stm32cubeide/plugins/com.st.stm32cube.ide.mcu.externaltools.gnu-tools-for-stm32.10.3-2021.10.win32_1.0.0.202111181127/tools/bin/../lib/gcc/arm-none-eabi/10.3.1/thumb/v6-m/nofp\libgcc.a(adddf3.o)
                0x000000000800165c                __aeabi_dadd
 .text          0x0000000008001cd4      0x5ec c:/st/stm32cubeide_1.9.0/stm32cubeide/plugins/com.st.stm32cube.ide.mcu.externaltools.gnu-tools-for-stm32.10.3-2021.10.win32_1.0.0.202111181127/tools/bin/../lib/gcc/arm-none-eabi/10.3.1/thumb/v6-m/nofp\libgcc.a(divdf3.o)
                0x0000000008001cd4                __aeabi_ddiv
 .text          0x00000000080022c0       0x84 c:/st/stm32cubeide_1.9.0/stm32cubeide/plugins/com.st.stm32cube.ide.mcu.externaltools.gnu-tools-for-stm32.10.3-2021.10.win32_1.0.0.202111181127/tools/bin/../lib/gcc/arm-none-eabi/10.3.1/thumb/v6-m/nofp\libgcc.a(eqdf2.o)
                0x00000000080022c0                __nedf2
                0x00000000080022c0                __eqdf2
 .text          0x0000000008002344       0xcc c:/st/stm32cubeide_1.9.0/stm32cubeide/plugins/com.st.stm32cube.ide.mcu.externaltools.gnu-tools-for-stm32.10.3-2021.10.win32_1.0.0.202111181127/tools/bin/../lib/gcc/arm-none-eabi/10.3.1/thumb/v6-m/nofp\libgcc.a(gedf2.o)
                0x0000000008002344                __gedf2
                0x0000000008002344                __gtdf2
 .text          0x0000000008002410       0xc8 c:/st/stm32cubeide_1.9.0/stm32cubeide/plugins/com.st.stm32cube.ide.mcu.externaltools.gnu-tools-for-stm32.10.3-2021.10.win32_1.0.0.202111181127/tools/bin/../lib/gcc/arm-none-eabi/10.3.1/thumb/v6-m/nofp\libgcc.a(ledf2.o)
                0x0000000008002410                __ledf2
                0x0000000008002410                __ltdf2
 .text          0x00000000080024d8      0x4d8 c:/st/stm32cubeide_1.9.0/stm32cubeide/plugins/com.st.stm32cube.ide.mcu.externaltools.gnu-tools-for-stm32.10.3-2021.10.win32_1.0.0.202111181127/tools/bin/../lib/gcc/arm-none-eabi/10.3.1/thumb/v6-m/nofp\libgcc.a(muldf3.o)
                0x00000000080024d8                __aeabi_dmul
 .text          0x00000000080029b0      0x724 c:/st/stm32cubeide_1.9.0/stm32cubeide/plugins/com.st.stm32cube.ide.mcu.externaltools.gnu-tools-for-stm32.10.3-2021.10.win32_1.0.0.202111181127/tools/bin/../lib/gcc/arm-none-eabi/10.3.1/thumb/v6-m/nofp\libgcc.a(subdf3.o)
                0x00000000080029b0                __aeabi_dsub
 .text          0x00000000080030d4       0x3c c:/st/stm32cubeide_1.9.0/stm32cubeide/plugins/com.st.stm32cube.ide.mcu.externaltools.gnu-tools-for-stm32.10.3-2021.10.win32_1.0.0.202111181127/tools/bin/../lib/gcc/arm-none-eabi/10.3.1/thumb/v6-m/nofp\libgcc.a(unorddf2.o)
                0x00000000080030d4                __aeabi_dcmpun
 .text          0x0000000008003110       0x6c c:/st/stm32cubeide_1.9.0/stm32cubeide/plugins/com.st.stm32cube.ide.mcu.externaltools.gnu-tools-for-stm32.10.3-2021.10.win32_1.0.0.202111181127/tools/bin/../lib/gcc/arm-none-eabi/10.3.1/thumb/v6-m/nofp\libgcc.a(fixdfsi.o)
                0x0000000008003110                __aeabi_d2iz
 .text          0x000000000800317c       0x60 c:/st/stm32cubeide_1.9.0/stm32cubeide/plugins/com.st.stm32cube.ide.mcu.externaltools.gnu-tools-for-stm32.10.3-2021.10.win32_1.0.0.202111181127/tools/bin/../lib/gcc/arm-none-eabi/10.3.1/thumb/v6-m/nofp\libgcc.a(floatsidf.o)
                0x000000000800317c                __aeabi_i2d
 .text          0x00000000080031dc       0x4c c:/st/stm32cubeide_1.9.0/stm32cubeide/plugins/com.st.stm32cube.ide.mcu.externaltools.gnu-tools-for-stm32.10.3-2021.10.win32_1.0.0.202111181127/tools/bin/../lib/gcc/arm-none-eabi/10.3.1/thumb/v6-m/nofp\libgcc.a(floatunsidf.o)
                0x00000000080031dc                __aeabi_ui2d
 .text          0x0000000008003228       0x90 c:/st/stm32cubeide_1.9.0/stm32cubeide/plugins/com.st.stm32cube.ide.mcu.externaltools.gnu-tools-for-stm32.10.3-2021.10.win32_1.0.0.202111181127/tools/bin/../lib/gcc/arm-none-eabi/10.3.1/thumb/v6-m/nofp\libgcc.a(extendsfdf2.o)
                0x0000000008003228                __aeabi_f2d
 .text          0x00000000080032b8      0x110 c:/st/stm32cubeide_1.9.0/stm32cubeide/plugins/com.st.stm32cube.ide.mcu.externaltools.gnu-tools-for-stm32.10.3-2021.10.win32_1.0.0.202111181127/tools/bin/../lib/gcc/arm-none-eabi/10.3.1/thumb/v6-m/nofp\libgcc.a(truncdfsf2.o)
                0x00000000080032b8                __aeabi_d2f
 .text          0x00000000080033c8       0x3c c:/st/stm32cubeide_1.9.0/stm32cubeide/plugins/com.st.stm32cube.ide.mcu.externaltools.gnu-tools-for-stm32.10.3-2021.10.win32_1.0.0.202111181127/tools/bin/../lib/gcc/arm-none-eabi/10.3.1/thumb/v6-m/nofp\libgcc.a(_clzsi2.o)
                0x00000000080033c8                __clzsi2
 .text          0x0000000008003404       0x18 c:/st/stm32cubeide_1.9.0/stm32cubeide/plugins/com.st.stm32cube.ide.mcu.externaltools.gnu-tools-for-stm32.10.3-2021.10.win32_1.0.0.202111181127/tools/bin/../lib/gcc/arm-none-eabi/10.3.1/thumb/v6-m/nofp\libgcc.a(_clzdi2.o)
                0x0000000008003404                __clzdi2
 *(.text*)
 .text.__NVIC_SystemReset
                0x000000000800341c       0x24 BOS\BOS.o
 .text.Processor_type
                0x0000000008003440       0x6a BOS\BOS.o
                0x0000000008003440                Processor_type
 *fill*         0x00000000080034aa        0x2 
 .text.Get_Module_Name
                0x00000000080034ac       0x2c BOS\BOS.o
                0x00000000080034ac                Get_Module_Name
 .text.Send_BOS_Message
                0x00000000080034d8       0xfc BOS\BOS.o
                0x00000000080034d8                Send_BOS_Message
 .text.LoadEEvars
                0x00000000080035d4       0x26 BOS\BOS.o
                0x00000000080035d4                LoadEEvars
 *fill*         0x00000000080035fa        0x2 
 .text.LoadEEportsDir
                0x00000000080035fc       0x68 BOS\BOS.o
                0x00000000080035fc                LoadEEportsDir
 .text.LoadEEalias
                0x0000000008003664       0xd8 BOS\BOS.o
                0x0000000008003664                LoadEEalias
 .text.LoadEEgroup
                0x000000000800373c      0x120 BOS\BOS.o
                0x000000000800373c                LoadEEgroup
 .text.LoadEEstreams
                0x000000000800385c      0x21c BOS\BOS.o
                0x000000000800385c                LoadEEstreams
 .text.LoadEEparams
                0x0000000008003a78      0x260 BOS\BOS.o
                0x0000000008003a78                LoadEEparams
 .text.LoadEEbuttons
                0x0000000008003cd8      0x2ec BOS\BOS.o
                0x0000000008003cd8                LoadEEbuttons
 .text.LoadROsnippets
                0x0000000008003fc4      0x1d8 BOS\BOS.o
                0x0000000008003fc4                LoadROsnippets
 .text.SaveEEportsDir
                0x000000000800419c       0x78 BOS\BOS.o
                0x000000000800419c                SaveEEportsDir
 .text.SaveEEalias
                0x0000000008004214       0xd4 BOS\BOS.o
                0x0000000008004214                SaveEEalias
 .text.SaveEEstreams
                0x00000000080042e8       0xdc BOS\BOS.o
                0x00000000080042e8                SaveEEstreams
 .text.SaveEEparams
                0x00000000080043c4       0xf8 BOS\BOS.o
                0x00000000080043c4                SaveEEparams
 .text.ClearEEportsDir
                0x00000000080044bc       0x84 BOS\BOS.o
                0x00000000080044bc                ClearEEportsDir
 .text.EE_FormatForFactoryReset
                0x0000000008004540       0x2c BOS\BOS.o
                0x0000000008004540                EE_FormatForFactoryReset
 .text.IsLowerCLIbaud
                0x000000000800456c       0xe8 BOS\BOS.o
                0x000000000800456c                IsLowerCLIbaud
 .text.IsModuleParameter
                0x0000000008004654       0x64 BOS\BOS.o
                0x0000000008004654                IsModuleParameter
 .text.IsMathOperator
                0x00000000080046b8       0xc4 BOS\BOS.o
                0x00000000080046b8                IsMathOperator
 .text.BOS_Init
                0x000000000800477c      0x184 BOS\BOS.o
                0x000000000800477c                BOS_Init
 .text.Module_Init
                0x0000000008004900       0x1e BOS\BOS.o
                0x0000000008004900                Module_Init
 *fill*         0x000000000800491e        0x2 
 .text.FindBroadcastRoutes
                0x0000000008004920      0x39c BOS\BOS.o
                0x0000000008004920                FindBroadcastRoutes
 .text.FindRoute
                0x0000000008004cbc      0x2b4 BOS\BOS.o
                0x0000000008004cbc                FindRoute
 .text.minArr   0x0000000008004f70       0x88 BOS\BOS.o
                0x0000000008004f70                minArr
 .text.QnotEmpty
                0x0000000008004ff8       0x50 BOS\BOS.o
                0x0000000008004ff8                QnotEmpty
 .text.DisplayTopology
                0x0000000008005048      0x250 BOS\BOS.o
                0x0000000008005048                DisplayTopology
 .text.DisplayPortsDir
                0x0000000008005298      0x118 BOS\BOS.o
                0x0000000008005298                DisplayPortsDir
 .text.DisplayModuleStatus
                0x00000000080053b0      0x3c0 BOS\BOS.o
                0x00000000080053b0                DisplayModuleStatus
 .text.GetID    0x0000000008005770      0x15c BOS\BOS.o
                0x0000000008005770                GetID
 .text.NameModule
                0x00000000080058cc      0x140 BOS\BOS.o
                0x00000000080058cc                NameModule
 .text.AddModuleToGroup
                0x0000000008005a0c      0x1b8 BOS\BOS.o
                0x0000000008005a0c                AddModuleToGroup
 .text.WriteToRemote
                0x0000000008005bc4      0x460 BOS\BOS.o
                0x0000000008005bc4                WriteToRemote
 .text.GetDateString
                0x0000000008006024       0x5c BOS\BOS.o
                0x0000000008006024                GetDateString
 .text.Bridge   0x0000000008006080       0x4c BOS\BOS.o
                0x0000000008006080                Bridge
 .text.Unbridge
                0x00000000080060cc       0xcc BOS\BOS.o
                0x00000000080060cc                Unbridge
 .text.EnableStopModebyUARTx
                0x0000000008006198       0xb8 BOS\BOS.o
                0x0000000008006198                EnableStopModebyUARTx
 .text.EnableStandbyModebyWakeupPinx
                0x0000000008006250       0x64 BOS\BOS.o
                0x0000000008006250                EnableStandbyModebyWakeupPinx
 .text.DisableStandbyModeWakeupPinx
                0x00000000080062b4       0x98 BOS\BOS.o
                0x00000000080062b4                DisableStandbyModeWakeupPinx
 .text.prvCLITask
                0x000000000800634c      0x278 BOS\BOS_CLI.o
                0x000000000800634c                prvCLITask
 .text.CLI_CommandParser
                0x00000000080065c4      0x574 BOS\BOS_CLI.o
                0x00000000080065c4                CLI_CommandParser
 .text.StringToLowerCase
                0x0000000008006b38       0x6c BOS\BOS_CLI.o
                0x0000000008006b38                StringToLowerCase
 .text.AddSnippet
                0x0000000008006ba4      0x1b4 BOS\BOS_CLI.o
                0x0000000008006ba4                AddSnippet
 .text.ParseSnippetCondition
                0x0000000008006d58      0x7f8 BOS\BOS_CLI.o
                0x0000000008006d58                ParseSnippetCondition
 .text.ParseSnippetCommand
                0x0000000008007550       0xc8 BOS\BOS_CLI.o
                0x0000000008007550                ParseSnippetCommand
 .text.CheckSnippetCondition
                0x0000000008007618      0x1b4 BOS\BOS_CLI.o
                0x0000000008007618                CheckSnippetCondition
 .text.ExecuteSnippet
                0x00000000080077cc       0xd0 BOS\BOS_CLI.o
                0x00000000080077cc                ExecuteSnippet
 .text.__NVIC_SystemReset
                0x000000000800789c       0x24 BOS\BOS_CLIcommands.o
 .text.RegisterUserCLICommands
                0x00000000080078c0        0xa BOS\BOS_CLIcommands.o
                0x00000000080078c0                RegisterUserCLICommands
 *fill*         0x00000000080078ca        0x2 
 .text.vRegisterCLICommands
                0x00000000080078cc      0x19c BOS\BOS_CLIcommands.o
                0x00000000080078cc                vRegisterCLICommands
 .text.prvTaskStatsCommand
                0x0000000008007a68       0x40 BOS\BOS_CLIcommands.o
 .text.prvRunTimeStatsCommand
                0x0000000008007aa8       0x40 BOS\BOS_CLIcommands.o
 .text.pingCommand
                0x0000000008007ae8       0x98 BOS\BOS_CLIcommands.o
 .text.bootloaderUpdateCommand
                0x0000000008007b80      0x1fc BOS\BOS_CLIcommands.o
 .text.resetCommand
                0x0000000008007d7c       0x10 BOS\BOS_CLIcommands.o
 .text.nameCommand
                0x0000000008007d8c       0xe8 BOS\BOS_CLIcommands.o
 .text.groupCommand
                0x0000000008007e74      0x2fc BOS\BOS_CLIcommands.o
 .text.statusCommand
                0x0000000008008170       0x1c BOS\BOS_CLIcommands.o
 .text.infoCommand
                0x000000000800818c       0xfc BOS\BOS_CLIcommands.o
 .text.scastCommand
                0x0000000008008288      0x2dc BOS\BOS_CLIcommands.o
 .text.addbuttonCommand
                0x0000000008008564      0x150 BOS\BOS_CLIcommands.o
 .text.removebuttonCommand
                0x00000000080086b4       0x94 BOS\BOS_CLIcommands.o
 .text.setCommand
                0x0000000008008748      0xbf8 BOS\BOS_CLIcommands.o
 .text.getCommand
                0x0000000008009340      0x3b4 BOS\BOS_CLIcommands.o
 .text.defaultCommand
                0x00000000080096f4       0xf4 BOS\BOS_CLIcommands.o
 .text.timeCommand
                0x00000000080097e8       0xd8 BOS\BOS_CLIcommands.o
 .text.dateCommand
                0x00000000080098c0       0x34 BOS\BOS_CLIcommands.o
 .text.setBaudrateCommand
                0x00000000080098f4       0xc0 BOS\BOS_CLIcommands.o
 .text.uuidCommand
                0x00000000080099b4       0x70 BOS\BOS_CLIcommands.o
 .text.idcodeCommand
                0x0000000008009a24       0xe0 BOS\BOS_CLIcommands.o
 .text.flashsizeCommand
                0x0000000008009b04       0x34 BOS\BOS_CLIcommands.o
 .text.snipCommand
                0x0000000008009b38      0x3ac BOS\BOS_CLIcommands.o
 .text.actSnipCommand
                0x0000000008009ee4       0xb8 BOS\BOS_CLIcommands.o
 .text.pauseSnipCommand
                0x0000000008009f9c       0xb8 BOS\BOS_CLIcommands.o
 .text.delSnipCommand
                0x000000000800a054      0x1d4 BOS\BOS_CLIcommands.o
 .text.bridgeCommand
                0x000000000800a228      0x11c BOS\BOS_CLIcommands.o
 .text.unbridgeCommand
                0x000000000800a344      0x11c BOS\BOS_CLIcommands.o
 .text.testportCommand
                0x000000000800a460      0x2e8 BOS\BOS_CLIcommands.o
 .text.ADCReadCommand
                0x000000000800a748      0x134 BOS\BOS_CLIcommands.o
 .text.ReadTempCommand
                0x000000000800a87c       0x54 BOS\BOS_CLIcommands.o
 .text.ReadVrefCommand
                0x000000000800a8d0       0x54 BOS\BOS_CLIcommands.o
 .text.GetReadPrecentageCommand
                0x000000000800a924       0x98 BOS\BOS_CLIcommands.o
 .text.StartDMAstream
                0x000000000800a9bc       0xb0 BOS\BOS_dma.o
                0x000000000800a9bc                StartDMAstream
 .text.ResetUartORE
                0x000000000800aa6c       0x54 BOS\BOS_dma.o
                0x000000000800aa6c                ResetUartORE
 .text.MX_FREERTOS_Init
                0x000000000800aac0      0x260 BOS\BOS_freertos.o
                0x000000000800aac0                MX_FREERTOS_Init
 .text.StartDefaultTask
                0x000000000800ad20       0xfc BOS\BOS_freertos.o
                0x000000000800ad20                StartDefaultTask
 .text.ExecuteMonitor
                0x000000000800ae1c      0x4c8 BOS\BOS_freertos.o
                0x000000000800ae1c                ExecuteMonitor
 .text.vMainConfigureTimerForRunTimeStats
                0x000000000800b2e4       0x2c BOS\BOS_freertos.o
                0x000000000800b2e4                vMainConfigureTimerForRunTimeStats
 .text.ulMainGetRunTimeCounterValue
                0x000000000800b310       0x90 BOS\BOS_freertos.o
                0x000000000800b310                ulMainGetRunTimeCounterValue
 .text.SetupDMAStreams
                0x000000000800b3a0      0x27c BOS\BOS_messaging.o
                0x000000000800b3a0                SetupDMAStreams
 .text.StreamTimerCallback
                0x000000000800b61c       0x34 BOS\BOS_messaging.o
                0x000000000800b61c                StreamTimerCallback
 .text.ForwardReceivedMessage
                0x000000000800b650       0x78 BOS\BOS_messaging.o
                0x000000000800b650                ForwardReceivedMessage
 .text.BroadcastReceivedMessage
                0x000000000800b6c8       0x70 BOS\BOS_messaging.o
                0x000000000800b6c8                BroadcastReceivedMessage
 .text.NotifyMessagingTask
                0x000000000800b738       0xa4 BOS\BOS_messaging.o
                0x000000000800b738                NotifyMessagingTask
 .text.BroadcastMessage
                0x000000000800b7dc       0x94 BOS\BOS_messaging.o
                0x000000000800b7dc                BroadcastMessage
 .text.SendMessageToModule
                0x000000000800b870       0xa0 BOS\BOS_messaging.o
                0x000000000800b870                SendMessageToModule
 .text.SendMessageFromPort
                0x000000000800b910      0x6b4 BOS\BOS_messaging.o
                0x000000000800b910                SendMessageFromPort
 .text.StartScastDMAStream
                0x000000000800bfc4      0x30c BOS\BOS_messaging.o
                0x000000000800bfc4                StartScastDMAStream
 .text.__NVIC_SystemReset
                0x000000000800c2d0       0x24 BOS\BOS_msgparser.o
 .text.BackEndTask
                0x000000000800c2f4      0x858 BOS\BOS_msgparser.o
                0x000000000800c2f4                BackEndTask
 .text.PxMessagingTask
                0x000000000800cb4c     0x54b8 BOS\BOS_msgparser.o
                0x000000000800cb4c                PxMessagingTask
 .text.User_MessagingParser
                0x0000000008012004       0x3a BOS\BOS_msgparser.o
                0x0000000008012004                User_MessagingParser
 *fill*         0x000000000801203e        0x2 
 .text.SystemClock_Config
                0x0000000008012040      0x154 H09R9\H09R9.o
                0x0000000008012040                SystemClock_Config
 .text.SaveToRO
                0x0000000008012194      0x408 H09R9\H09R9.o
                0x0000000008012194                SaveToRO
 .text.remoteBootloaderUpdate
                0x000000000801259c      0x178 H09R9\H09R9.o
                0x000000000801259c                remoteBootloaderUpdate
 .text.SetupPortForRemoteBootloaderUpdate
                0x0000000008012714       0x52 H09R9\H09R9.o
                0x0000000008012714                SetupPortForRemoteBootloaderUpdate
 *fill*         0x0000000008012766        0x2 
 .text.Module_Peripheral_Init
                0x0000000008012768      0x188 H09R9\H09R9.o
                0x0000000008012768                Module_Peripheral_Init
 .text.Module_MessagingTask
                0x00000000080128f0      0x1dc H09R9\H09R9.o
                0x00000000080128f0                Module_MessagingTask
 .text.GetPort  0x0000000008012acc       0x80 H09R9\H09R9.o
                0x0000000008012acc                GetPort
 .text.RegisterModuleCLICommands
                0x0000000008012b4c       0x3c H09R9\H09R9.o
                0x0000000008012b4c                RegisterModuleCLICommands
 .text.EXGTask  0x0000000008012b88       0xec H09R9\H09R9.o
                0x0000000008012b88                EXGTask
 .text.PollingSleepCLISafe
                0x0000000008012c74      0x108 H09R9\H09R9.o
 .text.StreamMemsToPort
                0x0000000008012d7c       0xe4 H09R9\H09R9.o
 .text.StreamMemsToCLI
                0x0000000008012e60      0x178 H09R9\H09R9.o
 .text.StreamMemsToTerminal
                0x0000000008012fd8       0xe4 H09R9\H09R9.o
 .text.SENSOR_COEFFICIENTS_Init
                0x00000000080130bc      0x914 H09R9\H09R9.o
                0x00000000080130bc                SENSOR_COEFFICIENTS_Init
 .text.bytesToFloat
                0x00000000080139d0       0x58 H09R9\H09R9.o
                0x00000000080139d0                bytesToFloat
 .text.GetSample
                0x0000000008013a28      0x418 H09R9\H09R9.o
                0x0000000008013a28                GetSample
 .text.SampleTemperature
                0x0000000008013e40       0x34 H09R9\H09R9.o
                0x0000000008013e40                SampleTemperature
 .text.ExportToPortmes
                0x0000000008013e74       0xec H09R9\H09R9.o
                0x0000000008013e74                ExportToPortmes
 .text.ExportToPort
                0x0000000008013f60       0xf0 H09R9\H09R9.o
                0x0000000008013f60                ExportToPort
 .text.SampleTemperatureToString
                0x0000000008014050       0x4c H09R9\H09R9.o
                0x0000000008014050                SampleTemperatureToString
 .text.TSD305SampleCommand
                0x000000000801409c       0x30 H09R9\H09R9.o
 .text.TSD305StreamcliCommand
                0x00000000080140cc       0x84 H09R9\H09R9.o
 .text.TSD305StreamportCommand
                0x0000000008014150       0xb8 H09R9\H09R9.o
 .text.TSD305SampleportportCommand
                0x0000000008014208       0x58 H09R9\H09R9.o
 .text.LL_DMAMUX_SetRequestID
                0x0000000008014260       0x3c H09R9\H09R9_dma.o
 .text.DMA_Init
                0x000000000801429c       0xbc H09R9\H09R9_dma.o
                0x000000000801429c                DMA_Init
 .text.DMA_MSG_RX_CH_Init
                0x0000000008014358       0x4c H09R9\H09R9_dma.o
                0x0000000008014358                DMA_MSG_RX_CH_Init
 .text.DMA_STREAM_CH_Init
                0x00000000080143a4       0x4c H09R9\H09R9_dma.o
                0x00000000080143a4                DMA_STREAM_CH_Init
 .text.SetupMessagingRxDMAs
                0x00000000080143f0       0xb8 H09R9\H09R9_dma.o
                0x00000000080143f0                SetupMessagingRxDMAs
 .text.DMA_MSG_RX_Setup
                0x00000000080144a8       0x38 H09R9\H09R9_dma.o
                0x00000000080144a8                DMA_MSG_RX_Setup
 .text.DMA_MSG_TX_UnSetup
                0x00000000080144e0       0x28 H09R9\H09R9_dma.o
                0x00000000080144e0                DMA_MSG_TX_UnSetup
 .text.DMA_STREAM_Setup
                0x0000000008014508       0x68 H09R9\H09R9_dma.o
                0x0000000008014508                DMA_STREAM_Setup
 .text.StopStreamDMA
                0x0000000008014570       0x70 H09R9\H09R9_dma.o
                0x0000000008014570                StopStreamDMA
 .text.StopMsgDMA
                0x00000000080145e0       0x4c H09R9\H09R9_dma.o
                0x00000000080145e0                StopMsgDMA
 .text.SwitchMsgDMAToStream
                0x000000000801462c       0x50 H09R9\H09R9_dma.o
                0x000000000801462c                SwitchMsgDMAToStream
 .text.SwitchStreamDMAToMsg
                0x000000000801467c       0xd8 H09R9\H09R9_dma.o
                0x000000000801467c                SwitchStreamDMAToMsg
 .text.UnSetupDMAInterrupts
                0x0000000008014754       0xe4 H09R9\H09R9_dma.o
                0x0000000008014754                UnSetupDMAInterrupts
 .text.RemapAndLinkDMAtoUARTRx
                0x0000000008014838      0x134 H09R9\H09R9_dma.o
                0x0000000008014838                RemapAndLinkDMAtoUARTRx
 .text.CRC_Init
                0x000000000801496c       0x44 H09R9\H09R9_dma.o
                0x000000000801496c                CRC_Init
 .text.HAL_CRC_MspInit
                0x00000000080149b0       0x30 H09R9\H09R9_dma.o
                0x00000000080149b0                HAL_CRC_MspInit
 .text.CalculateCRC8
                0x00000000080149e0      0x154 H09R9\H09R9_dma.o
                0x00000000080149e0                CalculateCRC8
 .text.EE_Init  0x0000000008014b34      0x684 H09R9\H09R9_eeprom.o
                0x0000000008014b34                EE_Init
 .text.EE_ReadVariable
                0x00000000080151b8       0xc0 H09R9\H09R9_eeprom.o
                0x00000000080151b8                EE_ReadVariable
 .text.EE_WriteVariable
                0x0000000008015278       0x64 H09R9\H09R9_eeprom.o
                0x0000000008015278                EE_WriteVariable
 .text.EE_Format
                0x00000000080152dc      0x14c H09R9\H09R9_eeprom.o
                0x00000000080152dc                EE_Format
 .text.EE_FindValidPage
                0x0000000008015428       0x90 H09R9\H09R9_eeprom.o
 .text.EE_VerifyPageFullWriteVariable
                0x00000000080154b8      0x160 H09R9\H09R9_eeprom.o
 .text.EE_PageTransfer
                0x0000000008015618      0x20c H09R9\H09R9_eeprom.o
 .text.EraseSector
                0x0000000008015824       0x60 H09R9\H09R9_eeprom.o
                0x0000000008015824                EraseSector
 .text.GPIO_Init
                0x0000000008015884       0xa0 H09R9\H09R9_gpio.o
                0x0000000008015884                GPIO_Init
 .text.IND_LED_Init
                0x0000000008015924       0x38 H09R9\H09R9_gpio.o
                0x0000000008015924                IND_LED_Init
 .text.IsFactoryReset
                0x000000000801595c      0x15c H09R9\H09R9_gpio.o
                0x000000000801595c                IsFactoryReset
 .text.GetPortGPIOs
                0x0000000008015ab8      0x144 H09R9\H09R9_gpio.o
                0x0000000008015ab8                GetPortGPIOs
 .text.MX_I2C2_Init
                0x0000000008015bfc       0x80 H09R9\H09R9_i2c.o
                0x0000000008015bfc                MX_I2C2_Init
 .text.HAL_I2C_MspInit
                0x0000000008015c7c       0xc4 H09R9\H09R9_i2c.o
                0x0000000008015c7c                HAL_I2C_MspInit
 .text.buttonPressedCallback
                0x0000000008015d40       0x14 H09R9\H09R9_inputs.o
                0x0000000008015d40                buttonPressedCallback
 .text.CheckAttachedButtons
                0x0000000008015d54      0x7ac H09R9\H09R9_inputs.o
                0x0000000008015d54                CheckAttachedButtons
 .text.CheckForTimedButtonPress
                0x0000000008016500       0xfc H09R9\H09R9_inputs.o
                0x0000000008016500                CheckForTimedButtonPress
 .text.CheckForTimedButtonRelease
                0x00000000080165fc       0xfc H09R9\H09R9_inputs.o
                0x00000000080165fc                CheckForTimedButtonRelease
 .text.AddPortButton
                0x00000000080166f8      0x268 H09R9\H09R9_inputs.o
                0x00000000080166f8                AddPortButton
 .text.RemovePortButton
                0x0000000008016960      0x208 H09R9\H09R9_inputs.o
                0x0000000008016960                RemovePortButton
 .text.SetButtonEvents
                0x0000000008016b68      0x77c H09R9\H09R9_inputs.o
                0x0000000008016b68                SetButtonEvents
 .text.MX_ADC_Init
                0x00000000080172e4        0xa H09R9\H09R9_inputs.o
                0x00000000080172e4                MX_ADC_Init
 *fill*         0x00000000080172ee        0x2 
 .text.ADCSelectChannel
                0x00000000080172f0       0xa0 H09R9\H09R9_inputs.o
                0x00000000080172f0                ADCSelectChannel
 .text.ReadADCChannel
                0x0000000008017390      0x10c H09R9\H09R9_inputs.o
                0x0000000008017390                ReadADCChannel
 .text.ReadTempAndVref
                0x000000000801749c      0x1f0 H09R9\H09R9_inputs.o
                0x000000000801749c                ReadTempAndVref
 .text.GetReadPrecentage
                0x000000000801768c      0x220 H09R9\H09R9_inputs.o
                0x000000000801768c                GetReadPrecentage
 .text.Get_channel
                0x00000000080178ac       0x8c H09R9\H09R9_inputs.o
                0x00000000080178ac                Get_channel
 .text.Error_Handler
                0x0000000008017938       0x10 H09R9\H09R9_inputs.o
                0x0000000008017938                Error_Handler
 .text.Get_Rank
                0x0000000008017948       0x84 H09R9\H09R9_inputs.o
                0x0000000008017948                Get_Rank
 .text.buttonReleasedCallback
                0x00000000080179cc       0x14 H09R9\H09R9_inputs.o
                0x00000000080179cc                buttonReleasedCallback
 .text.buttonClickedCallback
                0x00000000080179e0       0x14 H09R9\H09R9_inputs.o
                0x00000000080179e0                buttonClickedCallback
 .text.buttonDblClickedCallback
                0x00000000080179f4       0x14 H09R9\H09R9_inputs.o
                0x00000000080179f4                buttonDblClickedCallback
 .text.buttonPressedForXCallback
                0x0000000008017a08       0x1a H09R9\H09R9_inputs.o
                0x0000000008017a08                buttonPressedForXCallback
 .text.buttonReleasedForYCallback
                0x0000000008017a22       0x1a H09R9\H09R9_inputs.o
                0x0000000008017a22                buttonReleasedForYCallback
 .text.__NVIC_SystemReset
                0x0000000008017a3c       0x24 H09R9\H09R9_it.o
 .text.SysTick_Handler
                0x0000000008017a60       0x12 H09R9\H09R9_it.o
                0x0000000008017a60                SysTick_Handler
 *fill*         0x0000000008017a72        0x2 
 .text.HardFault_Handler
                0x0000000008017a74       0x40 H09R9\H09R9_it.o
                0x0000000008017a74                HardFault_Handler
 .text.USART1_IRQHandler
                0x0000000008017ab4       0x30 H09R9\H09R9_it.o
                0x0000000008017ab4                USART1_IRQHandler
 .text.USART2_LPUART2_IRQHandler
                0x0000000008017ae4       0x30 H09R9\H09R9_it.o
                0x0000000008017ae4                USART2_LPUART2_IRQHandler
 .text.USART3_4_5_6_LPUART1_IRQHandler
                0x0000000008017b14       0x54 H09R9\H09R9_it.o
                0x0000000008017b14                USART3_4_5_6_LPUART1_IRQHandler
 .text.HAL_UART_TxCpltCallback
                0x0000000008017b68       0x48 H09R9\H09R9_it.o
                0x0000000008017b68                HAL_UART_TxCpltCallback
 .text.HAL_UART_ErrorCallback
                0x0000000008017bb0       0xd4 H09R9\H09R9_it.o
                0x0000000008017bb0                HAL_UART_ErrorCallback
 .text.HAL_UART_RxCpltCallback
                0x0000000008017c84       0x10 H09R9\H09R9_it.o
                0x0000000008017c84                HAL_UART_RxCpltCallback
 .text.vApplicationStackOverflowHook
                0x0000000008017c94       0x44 H09R9\H09R9_it.o
                0x0000000008017c94                vApplicationStackOverflowHook
 .text.vApplicationMallocFailedHook
                0x0000000008017cd8       0x40 H09R9\H09R9_it.o
                0x0000000008017cd8                vApplicationMallocFailedHook
 .text.RTC_Init
                0x0000000008017d18       0xc4 H09R9\H09R9_rtc.o
                0x0000000008017d18                RTC_Init
 .text.RTC_CalendarConfig
                0x0000000008017ddc      0x18c H09R9\H09R9_rtc.o
                0x0000000008017ddc                RTC_CalendarConfig
 .text.BOS_CalendarConfig
                0x0000000008017f68      0x128 H09R9\H09R9_rtc.o
                0x0000000008017f68                BOS_CalendarConfig
 .text.GetTimeDate
                0x0000000008018090       0x90 H09R9\H09R9_rtc.o
                0x0000000008018090                GetTimeDate
 .text.TIM_USEC_Init
                0x0000000008018120       0x74 H09R9\H09R9_timers.o
                0x0000000008018120                TIM_USEC_Init
 .text.TIM_MSEC_Init
                0x0000000008018194       0x78 H09R9\H09R9_timers.o
                0x0000000008018194                TIM_MSEC_Init
 .text.StartMicroDelay
                0x000000000801820c       0x48 H09R9\H09R9_timers.o
                0x000000000801820c                StartMicroDelay
 .text.StartMilliDelay
                0x0000000008018254       0x48 H09R9\H09R9_timers.o
                0x0000000008018254                StartMilliDelay
 .text.MX_USART1_UART_Init
                0x000000000801829c       0x58 H09R9\H09R9_uart.o
                0x000000000801829c                MX_USART1_UART_Init
 .text.MX_USART2_UART_Init
                0x00000000080182f4       0x58 H09R9\H09R9_uart.o
                0x00000000080182f4                MX_USART2_UART_Init
 .text.MX_USART3_UART_Init
                0x000000000801834c       0x58 H09R9\H09R9_uart.o
                0x000000000801834c                MX_USART3_UART_Init
 .text.MX_USART4_UART_Init
                0x00000000080183a4       0x58 H09R9\H09R9_uart.o
                0x00000000080183a4                MX_USART4_UART_Init
 .text.MX_USART5_UART_Init
                0x00000000080183fc       0x58 H09R9\H09R9_uart.o
                0x00000000080183fc                MX_USART5_UART_Init
 .text.MX_USART6_UART_Init
                0x0000000008018454       0x58 H09R9\H09R9_uart.o
                0x0000000008018454                MX_USART6_UART_Init
 .text.HAL_UART_MspInit
                0x00000000080184ac      0x688 H09R9\H09R9_uart.o
                0x00000000080184ac                HAL_UART_MspInit
 .text.writePxMutex
                0x0000000008018b34       0xac H09R9\H09R9_uart.o
                0x0000000008018b34                writePxMutex
 .text.writePxITMutex
                0x0000000008018be0       0x78 H09R9\H09R9_uart.o
                0x0000000008018be0                writePxITMutex
 .text.UpdateBaudrate
                0x0000000008018c58       0x3e H09R9\H09R9_uart.o
                0x0000000008018c58                UpdateBaudrate
 *fill*         0x0000000008018c96        0x2 
 .text.GetUart  0x0000000008018c98       0x5c H09R9\H09R9_uart.o
                0x0000000008018c98                GetUart
 .text.SwapUartPins
                0x0000000008018cf4       0xd0 H09R9\H09R9_uart.o
                0x0000000008018cf4                SwapUartPins
 .text.ReadPortsDir
                0x0000000008018dc4       0xa8 H09R9\H09R9_uart.o
                0x0000000008018dc4                ReadPortsDir
 .text.ReadPortsDirMSG
                0x0000000008018e6c       0x80 H09R9\H09R9_uart.o
                0x0000000008018e6c                ReadPortsDirMSG
 .text.Reset_Handler
                0x0000000008018eec       0x90 H09R9\startup_stm32g0b1ceuxn.o
                0x0000000008018eec                Reset_Handler
 .text.Default_Handler
                0x0000000008018f7c        0x2 H09R9\startup_stm32g0b1ceuxn.o
                0x0000000008018f7c                I2C2_3_IRQHandler
                0x0000000008018f7c                TIM1_CC_IRQHandler
                0x0000000008018f7c                ADC1_COMP_IRQHandler
                0x0000000008018f7c                NMI_Handler
                0x0000000008018f7c                I2C1_IRQHandler
                0x0000000008018f7c                TIM7_LPTIM2_IRQHandler
                0x0000000008018f7c                TIM17_FDCAN_IT1_IRQHandler
                0x0000000008018f7c                DMA1_Ch4_7_DMA2_Ch1_5_DMAMUX1_OVR_IRQHandler
                0x0000000008018f7c                RCC_CRS_IRQHandler
                0x0000000008018f7c                RTC_TAMP_IRQHandler
                0x0000000008018f7c                SPI1_IRQHandler
                0x0000000008018f7c                USB_UCPD1_2_IRQHandler
                0x0000000008018f7c                EXTI2_3_IRQHandler
                0x0000000008018f7c                PVD_VDDIO2_IRQHandler
                0x0000000008018f7c                EXTI4_15_IRQHandler
                0x0000000008018f7c                DMA1_Channel1_IRQHandler
                0x0000000008018f7c                Default_Handler
                0x0000000008018f7c                CEC_IRQHandler
                0x0000000008018f7c                TIM14_IRQHandler
                0x0000000008018f7c                TIM15_IRQHandler
                0x0000000008018f7c                TIM3_TIM4_IRQHandler
                0x0000000008018f7c                EXTI0_1_IRQHandler
                0x0000000008018f7c                SPI2_3_IRQHandler
                0x0000000008018f7c                TIM6_DAC_LPTIM1_IRQHandler
                0x0000000008018f7c                WWDG_IRQHandler
                0x0000000008018f7c                TIM2_IRQHandler
                0x0000000008018f7c                DMA1_Channel2_3_IRQHandler
                0x0000000008018f7c                FLASH_IRQHandler
                0x0000000008018f7c                TIM16_FDCAN_IT0_IRQHandler
                0x0000000008018f7c                TIM1_BRK_UP_TRG_COM_IRQHandler
 .text.SystemInit
                0x0000000008018f7e        0xa Thirdparty\CMSIS\STM32G0xx\Device\ST\STM32G0xx\Source\Templates\system_stm32g0xx.o
                0x0000000008018f7e                SystemInit
 .text.inHandlerMode
                0x0000000008018f88       0x1c Thirdparty\Middleware\STM32G0xx\FreeRTOS\Source\CMSIS_RTOS\cmsis_os.o
 .text.osKernelStart
                0x0000000008018fa4       0x10 Thirdparty\Middleware\STM32G0xx\FreeRTOS\Source\CMSIS_RTOS\cmsis_os.o
                0x0000000008018fa4                osKernelStart
 .text.osDelay  0x0000000008018fb4       0x28 Thirdparty\Middleware\STM32G0xx\FreeRTOS\Source\CMSIS_RTOS\cmsis_os.o
                0x0000000008018fb4                osDelay
 .text.osSemaphoreCreate
                0x0000000008018fdc       0x4a Thirdparty\Middleware\STM32G0xx\FreeRTOS\Source\CMSIS_RTOS\cmsis_os.o
                0x0000000008018fdc                osSemaphoreCreate
 *fill*         0x0000000008019026        0x2 
 .text.osSemaphoreWait
                0x0000000008019028       0x94 Thirdparty\Middleware\STM32G0xx\FreeRTOS\Source\CMSIS_RTOS\cmsis_os.o
                0x0000000008019028                osSemaphoreWait
 .text.osSemaphoreRelease
                0x00000000080190bc       0x64 Thirdparty\Middleware\STM32G0xx\FreeRTOS\Source\CMSIS_RTOS\cmsis_os.o
                0x00000000080190bc                osSemaphoreRelease
 .text.osSystickHandler
                0x0000000008019120       0x18 Thirdparty\Middleware\STM32G0xx\FreeRTOS\Source\CMSIS_RTOS\cmsis_os.o
                0x0000000008019120                osSystickHandler
 .text.FreeRTOS_CLIRegisterCommand
                0x0000000008019138       0x50 Thirdparty\Middleware\STM32G0xx\FreeRTOS\Source\FreeRTOS_CLI.o
                0x0000000008019138                FreeRTOS_CLIRegisterCommand
 .text.FreeRTOS_CLIProcessCommand
                0x0000000008019188      0x11c Thirdparty\Middleware\STM32G0xx\FreeRTOS\Source\FreeRTOS_CLI.o
                0x0000000008019188                FreeRTOS_CLIProcessCommand
 .text.FreeRTOS_CLIGetOutputBuffer
                0x00000000080192a4       0x10 Thirdparty\Middleware\STM32G0xx\FreeRTOS\Source\FreeRTOS_CLI.o
                0x00000000080192a4                FreeRTOS_CLIGetOutputBuffer
 .text.FreeRTOS_CLIGetParameter
                0x00000000080192b4       0xbc Thirdparty\Middleware\STM32G0xx\FreeRTOS\Source\FreeRTOS_CLI.o
                0x00000000080192b4                FreeRTOS_CLIGetParameter
 .text.prvHelpCommand
                0x0000000008019370      0x154 Thirdparty\Middleware\STM32G0xx\FreeRTOS\Source\FreeRTOS_CLI.o
 .text.prvGetNumberOfParameters
                0x00000000080194c4       0x7a Thirdparty\Middleware\STM32G0xx\FreeRTOS\Source\FreeRTOS_CLI.o
 .text.vListInitialise
                0x000000000801953e       0x3c Thirdparty\Middleware\STM32G0xx\FreeRTOS\Source\list.o
                0x000000000801953e                vListInitialise
 .text.vListInitialiseItem
                0x000000000801957a       0x16 Thirdparty\Middleware\STM32G0xx\FreeRTOS\Source\list.o
                0x000000000801957a                vListInitialiseItem
 .text.vListInsertEnd
                0x0000000008019590       0x44 Thirdparty\Middleware\STM32G0xx\FreeRTOS\Source\list.o
                0x0000000008019590                vListInsertEnd
 .text.vListInsert
                0x00000000080195d4       0x6c Thirdparty\Middleware\STM32G0xx\FreeRTOS\Source\list.o
                0x00000000080195d4                vListInsert
 .text.uxListRemove
                0x0000000008019640       0x50 Thirdparty\Middleware\STM32G0xx\FreeRTOS\Source\list.o
                0x0000000008019640                uxListRemove
 .text.pxPortInitialiseStack
                0x0000000008019690       0x54 Thirdparty\Middleware\STM32G0xx\FreeRTOS\Source\portable\GCC\ARM_CM0\port.o
                0x0000000008019690                pxPortInitialiseStack
 .text.prvTaskExitError
                0x00000000080196e4       0x1e Thirdparty\Middleware\STM32G0xx\FreeRTOS\Source\portable\GCC\ARM_CM0\port.o
 .text.SVC_Handler
                0x0000000008019702        0xa Thirdparty\Middleware\STM32G0xx\FreeRTOS\Source\portable\GCC\ARM_CM0\port.o
                0x0000000008019702                SVC_Handler
 *fill*         0x000000000801970c        0x4 
 .text.vPortStartFirstTask
                0x0000000008019710       0x38 Thirdparty\Middleware\STM32G0xx\FreeRTOS\Source\portable\GCC\ARM_CM0\port.o
 .text.xPortStartScheduler
                0x0000000008019748       0x48 Thirdparty\Middleware\STM32G0xx\FreeRTOS\Source\portable\GCC\ARM_CM0\port.o
                0x0000000008019748                xPortStartScheduler
 .text.vPortYield
                0x0000000008019790       0x20 Thirdparty\Middleware\STM32G0xx\FreeRTOS\Source\portable\GCC\ARM_CM0\port.o
                0x0000000008019790                vPortYield
 .text.vPortEnterCritical
                0x00000000080197b0       0x24 Thirdparty\Middleware\STM32G0xx\FreeRTOS\Source\portable\GCC\ARM_CM0\port.o
                0x00000000080197b0                vPortEnterCritical
 .text.vPortExitCritical
                0x00000000080197d4       0x24 Thirdparty\Middleware\STM32G0xx\FreeRTOS\Source\portable\GCC\ARM_CM0\port.o
                0x00000000080197d4                vPortExitCritical
 .text.ulSetInterruptMaskFromISR
                0x00000000080197f8        0xc Thirdparty\Middleware\STM32G0xx\FreeRTOS\Source\portable\GCC\ARM_CM0\port.o
                0x00000000080197f8                ulSetInterruptMaskFromISR
 .text.vClearInterruptMaskFromISR
                0x0000000008019804        0x8 Thirdparty\Middleware\STM32G0xx\FreeRTOS\Source\portable\GCC\ARM_CM0\port.o
                0x0000000008019804                vClearInterruptMaskFromISR
 *fill*         0x000000000801980c        0x4 
 .text.PendSV_Handler
                0x0000000008019810       0x48 Thirdparty\Middleware\STM32G0xx\FreeRTOS\Source\portable\GCC\ARM_CM0\port.o
                0x0000000008019810                PendSV_Handler
 .text.xPortSysTickHandler
                0x0000000008019858       0x34 Thirdparty\Middleware\STM32G0xx\FreeRTOS\Source\portable\GCC\ARM_CM0\port.o
                0x0000000008019858                xPortSysTickHandler
 .text.vPortSetupTimerInterrupt
                0x000000000801988c       0x44 Thirdparty\Middleware\STM32G0xx\FreeRTOS\Source\portable\GCC\ARM_CM0\port.o
                0x000000000801988c                vPortSetupTimerInterrupt
 .text.pvPortMalloc
                0x00000000080198d0      0x140 Thirdparty\Middleware\STM32G0xx\FreeRTOS\Source\portable\MemMang\heap_4.o
                0x00000000080198d0                pvPortMalloc
 .text.vPortFree
                0x0000000008019a10       0x80 Thirdparty\Middleware\STM32G0xx\FreeRTOS\Source\portable\MemMang\heap_4.o
                0x0000000008019a10                vPortFree
 .text.prvHeapInit
                0x0000000008019a90       0xc0 Thirdparty\Middleware\STM32G0xx\FreeRTOS\Source\portable\MemMang\heap_4.o
 .text.prvInsertBlockIntoFreeList
                0x0000000008019b50       0xb0 Thirdparty\Middleware\STM32G0xx\FreeRTOS\Source\portable\MemMang\heap_4.o
 .text.xQueueGenericReset
                0x0000000008019c00       0x9e Thirdparty\Middleware\STM32G0xx\FreeRTOS\Source\queue.o
                0x0000000008019c00                xQueueGenericReset
 .text.xQueueGenericCreate
                0x0000000008019c9e       0x52 Thirdparty\Middleware\STM32G0xx\FreeRTOS\Source\queue.o
                0x0000000008019c9e                xQueueGenericCreate
 .text.prvInitialiseNewQueue
                0x0000000008019cf0       0x4e Thirdparty\Middleware\STM32G0xx\FreeRTOS\Source\queue.o
 .text.xQueueCreateCountingSemaphore
                0x0000000008019d3e       0x30 Thirdparty\Middleware\STM32G0xx\FreeRTOS\Source\queue.o
                0x0000000008019d3e                xQueueCreateCountingSemaphore
 .text.xQueueGenericSend
                0x0000000008019d6e      0x12a Thirdparty\Middleware\STM32G0xx\FreeRTOS\Source\queue.o
                0x0000000008019d6e                xQueueGenericSend
 .text.xQueueGenericSendFromISR
                0x0000000008019e98       0xa6 Thirdparty\Middleware\STM32G0xx\FreeRTOS\Source\queue.o
                0x0000000008019e98                xQueueGenericSendFromISR
 .text.xQueueGiveFromISR
                0x0000000008019f3e       0x96 Thirdparty\Middleware\STM32G0xx\FreeRTOS\Source\queue.o
                0x0000000008019f3e                xQueueGiveFromISR
 .text.xQueueReceive
                0x0000000008019fd4      0x128 Thirdparty\Middleware\STM32G0xx\FreeRTOS\Source\queue.o
                0x0000000008019fd4                xQueueReceive
 .text.xQueueSemaphoreTake
                0x000000000801a0fc      0x178 Thirdparty\Middleware\STM32G0xx\FreeRTOS\Source\queue.o
                0x000000000801a0fc                xQueueSemaphoreTake
 .text.xQueueReceiveFromISR
                0x000000000801a274       0xa0 Thirdparty\Middleware\STM32G0xx\FreeRTOS\Source\queue.o
                0x000000000801a274                xQueueReceiveFromISR
 .text.prvGetDisinheritPriorityAfterTimeout
                0x000000000801a314       0x2c Thirdparty\Middleware\STM32G0xx\FreeRTOS\Source\queue.o
 .text.prvCopyDataToQueue
                0x000000000801a340       0xd6 Thirdparty\Middleware\STM32G0xx\FreeRTOS\Source\queue.o
 .text.prvCopyDataFromQueue
                0x000000000801a416       0x4c Thirdparty\Middleware\STM32G0xx\FreeRTOS\Source\queue.o
 .text.prvUnlockQueue
                0x000000000801a462       0xbc Thirdparty\Middleware\STM32G0xx\FreeRTOS\Source\queue.o
 .text.prvIsQueueEmpty
                0x000000000801a51e       0x2c Thirdparty\Middleware\STM32G0xx\FreeRTOS\Source\queue.o
 .text.prvIsQueueFull
                0x000000000801a54a       0x30 Thirdparty\Middleware\STM32G0xx\FreeRTOS\Source\queue.o
 *fill*         0x000000000801a57a        0x2 
 .text.vQueueAddToRegistry
                0x000000000801a57c       0x50 Thirdparty\Middleware\STM32G0xx\FreeRTOS\Source\queue.o
                0x000000000801a57c                vQueueAddToRegistry
 .text.vQueueWaitForMessageRestricted
                0x000000000801a5cc       0x66 Thirdparty\Middleware\STM32G0xx\FreeRTOS\Source\queue.o
                0x000000000801a5cc                vQueueWaitForMessageRestricted
 .text.xTaskCreate
                0x000000000801a632       0x90 Thirdparty\Middleware\STM32G0xx\FreeRTOS\Source\tasks.o
                0x000000000801a632                xTaskCreate
 *fill*         0x000000000801a6c2        0x2 
 .text.prvInitialiseNewTask
                0x000000000801a6c4      0x10c Thirdparty\Middleware\STM32G0xx\FreeRTOS\Source\tasks.o
 .text.prvAddNewTaskToReadyList
                0x000000000801a7d0       0xd0 Thirdparty\Middleware\STM32G0xx\FreeRTOS\Source\tasks.o
 .text.vTaskDelay
                0x000000000801a8a0       0x3a Thirdparty\Middleware\STM32G0xx\FreeRTOS\Source\tasks.o
                0x000000000801a8a0                vTaskDelay
 *fill*         0x000000000801a8da        0x2 
 .text.eTaskGetState
                0x000000000801a8dc       0xd0 Thirdparty\Middleware\STM32G0xx\FreeRTOS\Source\tasks.o
                0x000000000801a8dc                eTaskGetState
 .text.uxTaskPriorityGet
                0x000000000801a9ac       0x34 Thirdparty\Middleware\STM32G0xx\FreeRTOS\Source\tasks.o
                0x000000000801a9ac                uxTaskPriorityGet
 .text.vTaskPrioritySet
                0x000000000801a9e0      0x110 Thirdparty\Middleware\STM32G0xx\FreeRTOS\Source\tasks.o
                0x000000000801a9e0                vTaskPrioritySet
 .text.vTaskStartScheduler
                0x000000000801aaf0       0x74 Thirdparty\Middleware\STM32G0xx\FreeRTOS\Source\tasks.o
                0x000000000801aaf0                vTaskStartScheduler
 .text.vTaskSuspendAll
                0x000000000801ab64       0x18 Thirdparty\Middleware\STM32G0xx\FreeRTOS\Source\tasks.o
                0x000000000801ab64                vTaskSuspendAll
 .text.xTaskResumeAll
                0x000000000801ab7c      0x10c Thirdparty\Middleware\STM32G0xx\FreeRTOS\Source\tasks.o
                0x000000000801ab7c                xTaskResumeAll
 .text.xTaskGetTickCount
                0x000000000801ac88       0x1c Thirdparty\Middleware\STM32G0xx\FreeRTOS\Source\tasks.o
                0x000000000801ac88                xTaskGetTickCount
 .text.xTaskGetTickCountFromISR
                0x000000000801aca4       0x20 Thirdparty\Middleware\STM32G0xx\FreeRTOS\Source\tasks.o
                0x000000000801aca4                xTaskGetTickCountFromISR
 .text.uxTaskGetSystemState
                0x000000000801acc4      0x120 Thirdparty\Middleware\STM32G0xx\FreeRTOS\Source\tasks.o
                0x000000000801acc4                uxTaskGetSystemState
 .text.xTaskIncrementTick
                0x000000000801ade4      0x150 Thirdparty\Middleware\STM32G0xx\FreeRTOS\Source\tasks.o
                0x000000000801ade4                xTaskIncrementTick
 .text.vTaskSwitchContext
                0x000000000801af34      0x124 Thirdparty\Middleware\STM32G0xx\FreeRTOS\Source\tasks.o
                0x000000000801af34                vTaskSwitchContext
 .text.vTaskPlaceOnEventList
                0x000000000801b058       0x34 Thirdparty\Middleware\STM32G0xx\FreeRTOS\Source\tasks.o
                0x000000000801b058                vTaskPlaceOnEventList
 .text.vTaskPlaceOnEventListRestricted
                0x000000000801b08c       0x44 Thirdparty\Middleware\STM32G0xx\FreeRTOS\Source\tasks.o
                0x000000000801b08c                vTaskPlaceOnEventListRestricted
 .text.xTaskRemoveFromEventList
                0x000000000801b0d0       0xb0 Thirdparty\Middleware\STM32G0xx\FreeRTOS\Source\tasks.o
                0x000000000801b0d0                xTaskRemoveFromEventList
 .text.vTaskInternalSetTimeOutState
                0x000000000801b180       0x28 Thirdparty\Middleware\STM32G0xx\FreeRTOS\Source\tasks.o
                0x000000000801b180                vTaskInternalSetTimeOutState
 .text.xTaskCheckForTimeOut
                0x000000000801b1a8       0x8c Thirdparty\Middleware\STM32G0xx\FreeRTOS\Source\tasks.o
                0x000000000801b1a8                xTaskCheckForTimeOut
 .text.vTaskMissedYield
                0x000000000801b234       0x14 Thirdparty\Middleware\STM32G0xx\FreeRTOS\Source\tasks.o
                0x000000000801b234                vTaskMissedYield
 .text.prvIdleTask
                0x000000000801b248       0x20 Thirdparty\Middleware\STM32G0xx\FreeRTOS\Source\tasks.o
 .text.prvInitialiseTaskLists
                0x000000000801b268       0x88 Thirdparty\Middleware\STM32G0xx\FreeRTOS\Source\tasks.o
 .text.prvCheckTasksWaitingTermination
                0x000000000801b2f0       0x5c Thirdparty\Middleware\STM32G0xx\FreeRTOS\Source\tasks.o
 .text.vTaskGetInfo
                0x000000000801b34c       0xd8 Thirdparty\Middleware\STM32G0xx\FreeRTOS\Source\tasks.o
                0x000000000801b34c                vTaskGetInfo
 .text.prvListTasksWithinSingleList
                0x000000000801b424       0xa6 Thirdparty\Middleware\STM32G0xx\FreeRTOS\Source\tasks.o
 .text.prvTaskCheckFreeStackSpace
                0x000000000801b4ca       0x34 Thirdparty\Middleware\STM32G0xx\FreeRTOS\Source\tasks.o
 .text.prvDeleteTCB
                0x000000000801b4fe       0x22 Thirdparty\Middleware\STM32G0xx\FreeRTOS\Source\tasks.o
 .text.prvResetNextTaskUnblockTime
                0x000000000801b520       0x3c Thirdparty\Middleware\STM32G0xx\FreeRTOS\Source\tasks.o
 .text.xTaskGetSchedulerState
                0x000000000801b55c       0x38 Thirdparty\Middleware\STM32G0xx\FreeRTOS\Source\tasks.o
                0x000000000801b55c                xTaskGetSchedulerState
 .text.xTaskPriorityInherit
                0x000000000801b594       0xd0 Thirdparty\Middleware\STM32G0xx\FreeRTOS\Source\tasks.o
                0x000000000801b594                xTaskPriorityInherit
 .text.xTaskPriorityDisinherit
                0x000000000801b664       0x98 Thirdparty\Middleware\STM32G0xx\FreeRTOS\Source\tasks.o
                0x000000000801b664                xTaskPriorityDisinherit
 .text.vTaskPriorityDisinheritAfterTimeout
                0x000000000801b6fc       0xc0 Thirdparty\Middleware\STM32G0xx\FreeRTOS\Source\tasks.o
                0x000000000801b6fc                vTaskPriorityDisinheritAfterTimeout
 .text.prvWriteNameToBuffer
                0x000000000801b7bc       0x52 Thirdparty\Middleware\STM32G0xx\FreeRTOS\Source\tasks.o
 *fill*         0x000000000801b80e        0x2 
 .text.vTaskList
                0x000000000801b810      0x14c Thirdparty\Middleware\STM32G0xx\FreeRTOS\Source\tasks.o
                0x000000000801b810                vTaskList
 .text.vTaskGetRunTimeStats
                0x000000000801b95c      0x118 Thirdparty\Middleware\STM32G0xx\FreeRTOS\Source\tasks.o
                0x000000000801b95c                vTaskGetRunTimeStats
 .text.pvTaskIncrementMutexHeldCount
                0x000000000801ba74       0x24 Thirdparty\Middleware\STM32G0xx\FreeRTOS\Source\tasks.o
                0x000000000801ba74                pvTaskIncrementMutexHeldCount
 .text.ulTaskNotifyTake
                0x000000000801ba98       0x84 Thirdparty\Middleware\STM32G0xx\FreeRTOS\Source\tasks.o
                0x000000000801ba98                ulTaskNotifyTake
 .text.xTaskGenericNotify
                0x000000000801bb1c      0x104 Thirdparty\Middleware\STM32G0xx\FreeRTOS\Source\tasks.o
                0x000000000801bb1c                xTaskGenericNotify
 .text.xTaskGenericNotifyFromISR
                0x000000000801bc20      0x140 Thirdparty\Middleware\STM32G0xx\FreeRTOS\Source\tasks.o
                0x000000000801bc20                xTaskGenericNotifyFromISR
 .text.prvAddCurrentTaskToDelayedList
                0x000000000801bd60       0xa8 Thirdparty\Middleware\STM32G0xx\FreeRTOS\Source\tasks.o
 .text.xTimerCreateTimerTask
                0x000000000801be08       0x4c Thirdparty\Middleware\STM32G0xx\FreeRTOS\Source\timers.o
                0x000000000801be08                xTimerCreateTimerTask
 .text.xTimerCreate
                0x000000000801be54       0x46 Thirdparty\Middleware\STM32G0xx\FreeRTOS\Source\timers.o
                0x000000000801be54                xTimerCreate
 .text.prvInitialiseNewTimer
                0x000000000801be9a       0x5a Thirdparty\Middleware\STM32G0xx\FreeRTOS\Source\timers.o
 .text.xTimerGenericCommand
                0x000000000801bef4       0x8c Thirdparty\Middleware\STM32G0xx\FreeRTOS\Source\timers.o
                0x000000000801bef4                xTimerGenericCommand
 .text.prvProcessExpiredTimer
                0x000000000801bf80       0x80 Thirdparty\Middleware\STM32G0xx\FreeRTOS\Source\timers.o
 .text.prvTimerTask
                0x000000000801c000       0x28 Thirdparty\Middleware\STM32G0xx\FreeRTOS\Source\timers.o
 .text.prvProcessTimerOrBlockTask
                0x000000000801c028       0x90 Thirdparty\Middleware\STM32G0xx\FreeRTOS\Source\timers.o
 .text.prvGetNextExpireTime
                0x000000000801c0b8       0x44 Thirdparty\Middleware\STM32G0xx\FreeRTOS\Source\timers.o
 .text.prvSampleTimeNow
                0x000000000801c0fc       0x40 Thirdparty\Middleware\STM32G0xx\FreeRTOS\Source\timers.o
 .text.prvInsertTimerInActiveList
                0x000000000801c13c       0x84 Thirdparty\Middleware\STM32G0xx\FreeRTOS\Source\timers.o
 .text.prvProcessReceivedCommands
                0x000000000801c1c0      0x16c Thirdparty\Middleware\STM32G0xx\FreeRTOS\Source\timers.o
 .text.prvSwitchTimerLists
                0x000000000801c32c       0xb0 Thirdparty\Middleware\STM32G0xx\FreeRTOS\Source\timers.o
 .text.prvCheckForValidListAndQueue
                0x000000000801c3dc       0x74 Thirdparty\Middleware\STM32G0xx\FreeRTOS\Source\timers.o
 .text.pvTimerGetTimerID
                0x000000000801c450       0x24 Thirdparty\Middleware\STM32G0xx\FreeRTOS\Source\timers.o
                0x000000000801c450                pvTimerGetTimerID
 .text.HAL_Init
                0x000000000801c474       0x40 Thirdparty\STM32G0xx_HAL_Driver\Src\stm32g0xx_hal.o
                0x000000000801c474                HAL_Init
 .text.HAL_InitTick
                0x000000000801c4b4       0x94 Thirdparty\STM32G0xx_HAL_Driver\Src\stm32g0xx_hal.o
                0x000000000801c4b4                HAL_InitTick
 .text.HAL_IncTick
                0x000000000801c548       0x24 Thirdparty\STM32G0xx_HAL_Driver\Src\stm32g0xx_hal.o
                0x000000000801c548                HAL_IncTick
 .text.HAL_GetTick
                0x000000000801c56c       0x14 Thirdparty\STM32G0xx_HAL_Driver\Src\stm32g0xx_hal.o
                0x000000000801c56c                HAL_GetTick
 .text.HAL_Delay
                0x000000000801c580       0x48 Thirdparty\STM32G0xx_HAL_Driver\Src\stm32g0xx_hal.o
                0x000000000801c580                HAL_Delay
 .text.HAL_GetREVID
                0x000000000801c5c8       0x18 Thirdparty\STM32G0xx_HAL_Driver\Src\stm32g0xx_hal.o
                0x000000000801c5c8                HAL_GetREVID
 .text.HAL_GetDEVID
                0x000000000801c5e0       0x18 Thirdparty\STM32G0xx_HAL_Driver\Src\stm32g0xx_hal.o
                0x000000000801c5e0                HAL_GetDEVID
 .text.LL_ADC_SetCommonPathInternalCh
                0x000000000801c5f8       0x28 Thirdparty\STM32G0xx_HAL_Driver\Src\stm32g0xx_hal_adc.o
 .text.LL_ADC_GetCommonPathInternalCh
                0x000000000801c620       0x1a Thirdparty\STM32G0xx_HAL_Driver\Src\stm32g0xx_hal_adc.o
 .text.LL_ADC_REG_IsTriggerSourceSWStart
                0x000000000801c63a       0x22 Thirdparty\STM32G0xx_HAL_Driver\Src\stm32g0xx_hal_adc.o
 .text.LL_ADC_REG_SetSequencerRanks
                0x000000000801c65c       0x40 Thirdparty\STM32G0xx_HAL_Driver\Src\stm32g0xx_hal_adc.o
 .text.LL_ADC_REG_SetSequencerChAdd
                0x000000000801c69c       0x22 Thirdparty\STM32G0xx_HAL_Driver\Src\stm32g0xx_hal_adc.o
 .text.LL_ADC_REG_SetSequencerChRem
                0x000000000801c6be       0x24 Thirdparty\STM32G0xx_HAL_Driver\Src\stm32g0xx_hal_adc.o
 *fill*         0x000000000801c6e2        0x2 
 .text.LL_ADC_SetChannelSamplingTime
                0x000000000801c6e4       0x38 Thirdparty\STM32G0xx_HAL_Driver\Src\stm32g0xx_hal_adc.o
 .text.LL_ADC_Enable
                0x000000000801c71c       0x24 Thirdparty\STM32G0xx_HAL_Driver\Src\stm32g0xx_hal_adc.o
 .text.LL_ADC_Disable
                0x000000000801c740       0x24 Thirdparty\STM32G0xx_HAL_Driver\Src\stm32g0xx_hal_adc.o
 .text.LL_ADC_IsEnabled
                0x000000000801c764       0x22 Thirdparty\STM32G0xx_HAL_Driver\Src\stm32g0xx_hal_adc.o
 .text.LL_ADC_IsDisableOngoing
                0x000000000801c786       0x22 Thirdparty\STM32G0xx_HAL_Driver\Src\stm32g0xx_hal_adc.o
 .text.LL_ADC_REG_StartConversion
                0x000000000801c7a8       0x24 Thirdparty\STM32G0xx_HAL_Driver\Src\stm32g0xx_hal_adc.o
 .text.LL_ADC_REG_StopConversion
                0x000000000801c7cc       0x24 Thirdparty\STM32G0xx_HAL_Driver\Src\stm32g0xx_hal_adc.o
 .text.LL_ADC_REG_IsConversionOngoing
                0x000000000801c7f0       0x22 Thirdparty\STM32G0xx_HAL_Driver\Src\stm32g0xx_hal_adc.o
 *fill*         0x000000000801c812        0x2 
 .text.HAL_ADC_Start
                0x000000000801c814       0x9c Thirdparty\STM32G0xx_HAL_Driver\Src\stm32g0xx_hal_adc.o
                0x000000000801c814                HAL_ADC_Start
 .text.HAL_ADC_Stop
                0x000000000801c8b0       0x78 Thirdparty\STM32G0xx_HAL_Driver\Src\stm32g0xx_hal_adc.o
                0x000000000801c8b0                HAL_ADC_Stop
 .text.HAL_ADC_PollForConversion
                0x000000000801c928      0x128 Thirdparty\STM32G0xx_HAL_Driver\Src\stm32g0xx_hal_adc.o
                0x000000000801c928                HAL_ADC_PollForConversion
 .text.HAL_ADC_GetValue
                0x000000000801ca50       0x16 Thirdparty\STM32G0xx_HAL_Driver\Src\stm32g0xx_hal_adc.o
                0x000000000801ca50                HAL_ADC_GetValue
 *fill*         0x000000000801ca66        0x2 
 .text.HAL_ADC_ConfigChannel
                0x000000000801ca68      0x3b0 Thirdparty\STM32G0xx_HAL_Driver\Src\stm32g0xx_hal_adc.o
                0x000000000801ca68                HAL_ADC_ConfigChannel
 .text.ADC_ConversionStop
                0x000000000801ce18       0x84 Thirdparty\STM32G0xx_HAL_Driver\Src\stm32g0xx_hal_adc.o
                0x000000000801ce18                ADC_ConversionStop
 .text.ADC_Enable
                0x000000000801ce9c      0x10c Thirdparty\STM32G0xx_HAL_Driver\Src\stm32g0xx_hal_adc.o
                0x000000000801ce9c                ADC_Enable
 .text.ADC_Disable
                0x000000000801cfa8       0xbc Thirdparty\STM32G0xx_HAL_Driver\Src\stm32g0xx_hal_adc.o
                0x000000000801cfa8                ADC_Disable
 .text.__NVIC_EnableIRQ
                0x000000000801d064       0x34 Thirdparty\STM32G0xx_HAL_Driver\Src\stm32g0xx_hal_cortex.o
 .text.__NVIC_DisableIRQ
                0x000000000801d098       0x44 Thirdparty\STM32G0xx_HAL_Driver\Src\stm32g0xx_hal_cortex.o
 .text.__NVIC_SetPriority
                0x000000000801d0dc       0xdc Thirdparty\STM32G0xx_HAL_Driver\Src\stm32g0xx_hal_cortex.o
 .text.SysTick_Config
                0x000000000801d1b8       0x48 Thirdparty\STM32G0xx_HAL_Driver\Src\stm32g0xx_hal_cortex.o
 .text.HAL_NVIC_SetPriority
                0x000000000801d200       0x2a Thirdparty\STM32G0xx_HAL_Driver\Src\stm32g0xx_hal_cortex.o
                0x000000000801d200                HAL_NVIC_SetPriority
 .text.HAL_NVIC_EnableIRQ
                0x000000000801d22a       0x20 Thirdparty\STM32G0xx_HAL_Driver\Src\stm32g0xx_hal_cortex.o
                0x000000000801d22a                HAL_NVIC_EnableIRQ
 .text.HAL_NVIC_DisableIRQ
                0x000000000801d24a       0x20 Thirdparty\STM32G0xx_HAL_Driver\Src\stm32g0xx_hal_cortex.o
                0x000000000801d24a                HAL_NVIC_DisableIRQ
 .text.HAL_SYSTICK_Config
                0x000000000801d26a       0x1a Thirdparty\STM32G0xx_HAL_Driver\Src\stm32g0xx_hal_cortex.o
                0x000000000801d26a                HAL_SYSTICK_Config
 .text.HAL_SYSTICK_CLKSourceConfig
                0x000000000801d284       0x34 Thirdparty\STM32G0xx_HAL_Driver\Src\stm32g0xx_hal_cortex.o
                0x000000000801d284                HAL_SYSTICK_CLKSourceConfig
 .text.HAL_CRC_Init
                0x000000000801d2b8       0xcc Thirdparty\STM32G0xx_HAL_Driver\Src\stm32g0xx_hal_crc.o
                0x000000000801d2b8                HAL_CRC_Init
 .text.HAL_CRC_Accumulate
                0x000000000801d384       0x8e Thirdparty\STM32G0xx_HAL_Driver\Src\stm32g0xx_hal_crc.o
                0x000000000801d384                HAL_CRC_Accumulate
 .text.HAL_CRC_Calculate
                0x000000000801d412       0x9e Thirdparty\STM32G0xx_HAL_Driver\Src\stm32g0xx_hal_crc.o
                0x000000000801d412                HAL_CRC_Calculate
 .text.CRC_Handle_8
                0x000000000801d4b0      0x122 Thirdparty\STM32G0xx_HAL_Driver\Src\stm32g0xx_hal_crc.o
 .text.CRC_Handle_16
                0x000000000801d5d2       0x6e Thirdparty\STM32G0xx_HAL_Driver\Src\stm32g0xx_hal_crc.o
 .text.HAL_CRCEx_Polynomial_Set
                0x000000000801d640       0xda Thirdparty\STM32G0xx_HAL_Driver\Src\stm32g0xx_hal_crc_ex.o
                0x000000000801d640                HAL_CRCEx_Polynomial_Set
 *fill*         0x000000000801d71a        0x2 
 .text.HAL_DMA_Init
                0x000000000801d71c      0x158 Thirdparty\STM32G0xx_HAL_Driver\Src\stm32g0xx_hal_dma.o
                0x000000000801d71c                HAL_DMA_Init
 .text.HAL_DMA_Start_IT
                0x000000000801d874      0x10c Thirdparty\STM32G0xx_HAL_Driver\Src\stm32g0xx_hal_dma.o
                0x000000000801d874                HAL_DMA_Start_IT
 .text.HAL_DMA_Abort
                0x000000000801d980       0xc0 Thirdparty\STM32G0xx_HAL_Driver\Src\stm32g0xx_hal_dma.o
                0x000000000801d980                HAL_DMA_Abort
 .text.HAL_DMA_Abort_IT
                0x000000000801da40       0xd0 Thirdparty\STM32G0xx_HAL_Driver\Src\stm32g0xx_hal_dma.o
                0x000000000801da40                HAL_DMA_Abort_IT
 .text.HAL_DMA_GetError
                0x000000000801db10       0x14 Thirdparty\STM32G0xx_HAL_Driver\Src\stm32g0xx_hal_dma.o
                0x000000000801db10                HAL_DMA_GetError
 .text.DMA_SetConfig
                0x000000000801db24       0x78 Thirdparty\STM32G0xx_HAL_Driver\Src\stm32g0xx_hal_dma.o
 .text.DMA_CalcDMAMUXChannelBaseAndMask
                0x000000000801db9c       0x94 Thirdparty\STM32G0xx_HAL_Driver\Src\stm32g0xx_hal_dma.o
 .text.DMA_CalcDMAMUXRequestGenBaseAndMask
                0x000000000801dc30       0x48 Thirdparty\STM32G0xx_HAL_Driver\Src\stm32g0xx_hal_dma.o
 .text.HAL_FLASH_Program
                0x000000000801dc78       0x9c Thirdparty\STM32G0xx_HAL_Driver\Src\stm32g0xx_hal_flash.o
                0x000000000801dc78                HAL_FLASH_Program
 .text.HAL_FLASH_Unlock
                0x000000000801dd14       0x48 Thirdparty\STM32G0xx_HAL_Driver\Src\stm32g0xx_hal_flash.o
                0x000000000801dd14                HAL_FLASH_Unlock
 .text.HAL_FLASH_Lock
                0x000000000801dd5c       0x38 Thirdparty\STM32G0xx_HAL_Driver\Src\stm32g0xx_hal_flash.o
                0x000000000801dd5c                HAL_FLASH_Lock
 .text.FLASH_WaitForLastOperation
                0x000000000801dd94       0x9c Thirdparty\STM32G0xx_HAL_Driver\Src\stm32g0xx_hal_flash.o
                0x000000000801dd94                FLASH_WaitForLastOperation
 .text.FLASH_Program_DoubleWord
                0x000000000801de30       0x40 Thirdparty\STM32G0xx_HAL_Driver\Src\stm32g0xx_hal_flash.o
 .text.HAL_FLASHEx_Erase
                0x000000000801de70       0xe0 Thirdparty\STM32G0xx_HAL_Driver\Src\stm32g0xx_hal_flash_ex.o
                0x000000000801de70                HAL_FLASHEx_Erase
 .text.FLASH_MassErase
                0x000000000801df50       0x28 Thirdparty\STM32G0xx_HAL_Driver\Src\stm32g0xx_hal_flash_ex.o
 .text.FLASH_PageErase
                0x000000000801df78      0x198 Thirdparty\STM32G0xx_HAL_Driver\Src\stm32g0xx_hal_flash_ex.o
                0x000000000801df78                FLASH_PageErase
 .text.HAL_GPIO_Init
                0x000000000801e110      0x2d8 Thirdparty\STM32G0xx_HAL_Driver\Src\stm32g0xx_hal_gpio.o
                0x000000000801e110                HAL_GPIO_Init
 .text.HAL_GPIO_DeInit
                0x000000000801e3e8      0x1b0 Thirdparty\STM32G0xx_HAL_Driver\Src\stm32g0xx_hal_gpio.o
                0x000000000801e3e8                HAL_GPIO_DeInit
 .text.HAL_GPIO_ReadPin
                0x000000000801e598       0x3a Thirdparty\STM32G0xx_HAL_Driver\Src\stm32g0xx_hal_gpio.o
                0x000000000801e598                HAL_GPIO_ReadPin
 .text.HAL_GPIO_WritePin
                0x000000000801e5d2       0x3a Thirdparty\STM32G0xx_HAL_Driver\Src\stm32g0xx_hal_gpio.o
                0x000000000801e5d2                HAL_GPIO_WritePin
 .text.HAL_GPIO_TogglePin
                0x000000000801e60c       0x36 Thirdparty\STM32G0xx_HAL_Driver\Src\stm32g0xx_hal_gpio.o
                0x000000000801e60c                HAL_GPIO_TogglePin
 *fill*         0x000000000801e642        0x2 
 .text.HAL_I2C_Init
                0x000000000801e644      0x12c Thirdparty\STM32G0xx_HAL_Driver\Src\stm32g0xx_hal_i2c.o
                0x000000000801e644                HAL_I2C_Init
 .text.HAL_I2C_Master_Transmit
                0x000000000801e770      0x210 Thirdparty\STM32G0xx_HAL_Driver\Src\stm32g0xx_hal_i2c.o
                0x000000000801e770                HAL_I2C_Master_Transmit
 .text.HAL_I2C_Master_Receive
                0x000000000801e980      0x210 Thirdparty\STM32G0xx_HAL_Driver\Src\stm32g0xx_hal_i2c.o
                0x000000000801e980                HAL_I2C_Master_Receive
 .text.HAL_I2C_IsDeviceReady
                0x000000000801eb90      0x234 Thirdparty\STM32G0xx_HAL_Driver\Src\stm32g0xx_hal_i2c.o
                0x000000000801eb90                HAL_I2C_IsDeviceReady
 .text.I2C_Flush_TXDR
                0x000000000801edc4       0x44 Thirdparty\STM32G0xx_HAL_Driver\Src\stm32g0xx_hal_i2c.o
 .text.I2C_WaitOnFlagUntilTimeout
                0x000000000801ee08       0x7e Thirdparty\STM32G0xx_HAL_Driver\Src\stm32g0xx_hal_i2c.o
 .text.I2C_WaitOnTXISFlagUntilTimeout
                0x000000000801ee86       0x7e Thirdparty\STM32G0xx_HAL_Driver\Src\stm32g0xx_hal_i2c.o
 .text.I2C_WaitOnSTOPFlagUntilTimeout
                0x000000000801ef04       0x78 Thirdparty\STM32G0xx_HAL_Driver\Src\stm32g0xx_hal_i2c.o
 .text.I2C_WaitOnRXNEFlagUntilTimeout
                0x000000000801ef7c       0xf4 Thirdparty\STM32G0xx_HAL_Driver\Src\stm32g0xx_hal_i2c.o
 .text.I2C_IsErrorOccurred
                0x000000000801f070      0x200 Thirdparty\STM32G0xx_HAL_Driver\Src\stm32g0xx_hal_i2c.o
 .text.I2C_TransferConfig
                0x000000000801f270       0x74 Thirdparty\STM32G0xx_HAL_Driver\Src\stm32g0xx_hal_i2c.o
 .text.HAL_I2CEx_ConfigAnalogFilter
                0x000000000801f2e4       0x98 Thirdparty\STM32G0xx_HAL_Driver\Src\stm32g0xx_hal_i2c_ex.o
                0x000000000801f2e4                HAL_I2CEx_ConfigAnalogFilter
 .text.HAL_I2CEx_ConfigDigitalFilter
                0x000000000801f37c       0x98 Thirdparty\STM32G0xx_HAL_Driver\Src\stm32g0xx_hal_i2c_ex.o
                0x000000000801f37c                HAL_I2CEx_ConfigDigitalFilter
 .text.HAL_MspInit
                0x000000000801f414        0xa Thirdparty\STM32G0xx_HAL_Driver\Src\stm32g0xx_hal_msp_template.o
                0x000000000801f414                HAL_MspInit
 *fill*         0x000000000801f41e        0x2 
 .text.HAL_PWR_EnableBkUpAccess
                0x000000000801f420       0x1c Thirdparty\STM32G0xx_HAL_Driver\Src\stm32g0xx_hal_pwr.o
                0x000000000801f420                HAL_PWR_EnableBkUpAccess
 .text.HAL_PWR_EnableWakeUpPin
                0x000000000801f43c       0x40 Thirdparty\STM32G0xx_HAL_Driver\Src\stm32g0xx_hal_pwr.o
                0x000000000801f43c                HAL_PWR_EnableWakeUpPin
 .text.HAL_PWR_DisableWakeUpPin
                0x000000000801f47c       0x28 Thirdparty\STM32G0xx_HAL_Driver\Src\stm32g0xx_hal_pwr.o
                0x000000000801f47c                HAL_PWR_DisableWakeUpPin
 .text.HAL_PWR_EnterSTOPMode
                0x000000000801f4a4       0x70 Thirdparty\STM32G0xx_HAL_Driver\Src\stm32g0xx_hal_pwr.o
                0x000000000801f4a4                HAL_PWR_EnterSTOPMode
 .text.HAL_PWR_EnterSTANDBYMode
                0x000000000801f514       0x34 Thirdparty\STM32G0xx_HAL_Driver\Src\stm32g0xx_hal_pwr.o
                0x000000000801f514                HAL_PWR_EnterSTANDBYMode
 .text.HAL_PWREx_EnableSRAMRetention
                0x000000000801f548       0x1c Thirdparty\STM32G0xx_HAL_Driver\Src\stm32g0xx_hal_pwr_ex.o
                0x000000000801f548                HAL_PWREx_EnableSRAMRetention
 .text.HAL_PWREx_ControlVoltageScaling
                0x000000000801f564       0x80 Thirdparty\STM32G0xx_HAL_Driver\Src\stm32g0xx_hal_pwr_ex.o
                0x000000000801f564                HAL_PWREx_ControlVoltageScaling
 .text.LL_RCC_GetAPB1Prescaler
                0x000000000801f5e4       0x18 Thirdparty\STM32G0xx_HAL_Driver\Src\stm32g0xx_hal_rcc.o
 .text.HAL_RCC_OscConfig
                0x000000000801f5fc      0x6c0 Thirdparty\STM32G0xx_HAL_Driver\Src\stm32g0xx_hal_rcc.o
                0x000000000801f5fc                HAL_RCC_OscConfig
 .text.HAL_RCC_ClockConfig
                0x000000000801fcbc      0x210 Thirdparty\STM32G0xx_HAL_Driver\Src\stm32g0xx_hal_rcc.o
                0x000000000801fcbc                HAL_RCC_ClockConfig
 .text.HAL_RCC_GetSysClockFreq
                0x000000000801fecc      0x104 Thirdparty\STM32G0xx_HAL_Driver\Src\stm32g0xx_hal_rcc.o
                0x000000000801fecc                HAL_RCC_GetSysClockFreq
 .text.HAL_RCC_GetHCLKFreq
                0x000000000801ffd0       0x14 Thirdparty\STM32G0xx_HAL_Driver\Src\stm32g0xx_hal_rcc.o
                0x000000000801ffd0                HAL_RCC_GetHCLKFreq
 .text.HAL_RCC_GetPCLK1Freq
                0x000000000801ffe4       0x2c Thirdparty\STM32G0xx_HAL_Driver\Src\stm32g0xx_hal_rcc.o
                0x000000000801ffe4                HAL_RCC_GetPCLK1Freq
 .text.HAL_RCCEx_PeriphCLKConfig
                0x0000000008020010      0x478 Thirdparty\STM32G0xx_HAL_Driver\Src\stm32g0xx_hal_rcc_ex.o
                0x0000000008020010                HAL_RCCEx_PeriphCLKConfig
 .text.HAL_RTC_Init
                0x0000000008020488      0x144 Thirdparty\STM32G0xx_HAL_Driver\Src\stm32g0xx_hal_rtc.o
                0x0000000008020488                HAL_RTC_Init
 .text.HAL_RTC_MspInit
                0x00000000080205cc       0x10 Thirdparty\STM32G0xx_HAL_Driver\Src\stm32g0xx_hal_rtc.o