Archive member included to satisfy reference by file (symbol)

C:/ST/STM32CubeIDE_1.17.0/STM32CubeIDE/plugins/com.st.stm32cube.ide.mcu.externaltools.gnu-tools-for-stm32.12.3.rel1.win32_1.1.0.202410251130/tools/bin/../lib/gcc/arm-none-eabi/12.3.1/../../../../arm-none-eabi/lib/thumb/v6-m/nofp\libc.a(libc_a-atof.o)
                              BOS\BOS_CLI.o (atof)
C:/ST/STM32CubeIDE_1.17.0/STM32CubeIDE/plugins/com.st.stm32cube.ide.mcu.externaltools.gnu-tools-for-stm32.12.3.rel1.win32_1.1.0.202410251130/tools/bin/../lib/gcc/arm-none-eabi/12.3.1/../../../../arm-none-eabi/lib/thumb/v6-m/nofp\libc.a(libc_a-atoi.o)
                              BOS\BOS_CLI.o (atoi)
C:/ST/STM32CubeIDE_1.17.0/STM32CubeIDE/plugins/com.st.stm32cube.ide.mcu.externaltools.gnu-tools-for-stm32.12.3.rel1.win32_1.1.0.202410251130/tools/bin/../lib/gcc/arm-none-eabi/12.3.1/../../../../arm-none-eabi/lib/thumb/v6-m/nofp\libc.a(libc_a-atol.o)
                              BOS\BOS.o (atol)
C:/ST/STM32CubeIDE_1.17.0/STM32CubeIDE/plugins/com.st.stm32cube.ide.mcu.externaltools.gnu-tools-for-stm32.12.3.rel1.win32_1.1.0.202410251130/tools/bin/../lib/gcc/arm-none-eabi/12.3.1/../../../../arm-none-eabi/lib/thumb/v6-m/nofp\libc.a(libc_a-exit.o)
                              C:/ST/STM32CubeIDE_1.17.0/STM32CubeIDE/plugins/com.st.stm32cube.ide.mcu.externaltools.gnu-tools-for-stm32.12.3.rel1.win32_1.1.0.202410251130/tools/bin/../lib/gcc/arm-none-eabi/12.3.1/../../../../arm-none-eabi/lib/thumb/v6-m/nofp/crt0.o (exit)
C:/ST/STM32CubeIDE_1.17.0/STM32CubeIDE/plugins/com.st.stm32cube.ide.mcu.externaltools.gnu-tools-for-stm32.12.3.rel1.win32_1.1.0.202410251130/tools/bin/../lib/gcc/arm-none-eabi/12.3.1/../../../../arm-none-eabi/lib/thumb/v6-m/nofp\libc.a(libc_a-malloc.o)
                              BOS\BOS.o (malloc)
C:/ST/STM32CubeIDE_1.17.0/STM32CubeIDE/plugins/com.st.stm32cube.ide.mcu.externaltools.gnu-tools-for-stm32.12.3.rel1.win32_1.1.0.202410251130/tools/bin/../lib/gcc/arm-none-eabi/12.3.1/../../../../arm-none-eabi/lib/thumb/v6-m/nofp\libc.a(libc_a-mallocr.o)
                              C:/ST/STM32CubeIDE_1.17.0/STM32CubeIDE/plugins/com.st.stm32cube.ide.mcu.externaltools.gnu-tools-for-stm32.12.3.rel1.win32_1.1.0.202410251130/tools/bin/../lib/gcc/arm-none-eabi/12.3.1/../../../../arm-none-eabi/lib/thumb/v6-m/nofp\libc.a(libc_a-malloc.o) (_malloc_r)
C:/ST/STM32CubeIDE_1.17.0/STM32CubeIDE/plugins/com.st.stm32cube.ide.mcu.externaltools.gnu-tools-for-stm32.12.3.rel1.win32_1.1.0.202410251130/tools/bin/../lib/gcc/arm-none-eabi/12.3.1/../../../../arm-none-eabi/lib/thumb/v6-m/nofp\libc.a(libc_a-mlock.o)
                              C:/ST/STM32CubeIDE_1.17.0/STM32CubeIDE/plugins/com.st.stm32cube.ide.mcu.externaltools.gnu-tools-for-stm32.12.3.rel1.win32_1.1.0.202410251130/tools/bin/../lib/gcc/arm-none-eabi/12.3.1/../../../../arm-none-eabi/lib/thumb/v6-m/nofp\libc.a(libc_a-mallocr.o) (__malloc_lock)
C:/ST/STM32CubeIDE_1.17.0/STM32CubeIDE/plugins/com.st.stm32cube.ide.mcu.externaltools.gnu-tools-for-stm32.12.3.rel1.win32_1.1.0.202410251130/tools/bin/../lib/gcc/arm-none-eabi/12.3.1/../../../../arm-none-eabi/lib/thumb/v6-m/nofp\libc.a(libc_a-rand.o)
                              BOS\BOS_CLIcommands.o (rand)
C:/ST/STM32CubeIDE_1.17.0/STM32CubeIDE/plugins/com.st.stm32cube.ide.mcu.externaltools.gnu-tools-for-stm32.12.3.rel1.win32_1.1.0.202410251130/tools/bin/../lib/gcc/arm-none-eabi/12.3.1/../../../../arm-none-eabi/lib/thumb/v6-m/nofp\libc.a(libc_a-realloc.o)
                              BOS\BOS_CLI.o (realloc)
C:/ST/STM32CubeIDE_1.17.0/STM32CubeIDE/plugins/com.st.stm32cube.ide.mcu.externaltools.gnu-tools-for-stm32.12.3.rel1.win32_1.1.0.202410251130/tools/bin/../lib/gcc/arm-none-eabi/12.3.1/../../../../arm-none-eabi/lib/thumb/v6-m/nofp\libc.a(libc_a-reallocr.o)
                              C:/ST/STM32CubeIDE_1.17.0/STM32CubeIDE/plugins/com.st.stm32cube.ide.mcu.externaltools.gnu-tools-for-stm32.12.3.rel1.win32_1.1.0.202410251130/tools/bin/../lib/gcc/arm-none-eabi/12.3.1/../../../../arm-none-eabi/lib/thumb/v6-m/nofp\libc.a(libc_a-realloc.o) (_realloc_r)
C:/ST/STM32CubeIDE_1.17.0/STM32CubeIDE/plugins/com.st.stm32cube.ide.mcu.externaltools.gnu-tools-for-stm32.12.3.rel1.win32_1.1.0.202410251130/tools/bin/../lib/gcc/arm-none-eabi/12.3.1/../../../../arm-none-eabi/lib/thumb/v6-m/nofp\libc.a(libc_a-strtod.o)
                              C:/ST/STM32CubeIDE_1.17.0/STM32CubeIDE/plugins/com.st.stm32cube.ide.mcu.externaltools.gnu-tools-for-stm32.12.3.rel1.win32_1.1.0.202410251130/tools/bin/../lib/gcc/arm-none-eabi/12.3.1/../../../../arm-none-eabi/lib/thumb/v6-m/nofp\libc.a(libc_a-atof.o) (strtod)
C:/ST/STM32CubeIDE_1.17.0/STM32CubeIDE/plugins/com.st.stm32cube.ide.mcu.externaltools.gnu-tools-for-stm32.12.3.rel1.win32_1.1.0.202410251130/tools/bin/../lib/gcc/arm-none-eabi/12.3.1/../../../../arm-none-eabi/lib/thumb/v6-m/nofp\libc.a(libc_a-strtol.o)
[...]
Memory Configuration

Name             Origin             Length             Attributes
RAM              0x20000000         0x00024000         xrw
FLASH            0x08000000         0x00080000         xr
*default*        0x00000000         0xffffffff

Linker script and memory map

LOAD C:/ST/STM32CubeIDE_1.17.0/STM32CubeIDE/plugins/com.st.stm32cube.ide.mcu.externaltools.gnu-tools-for-stm32.12.3.rel1.win32_1.1.0.202410251130/tools/bin/../lib/gcc/arm-none-eabi/12.3.1/thumb/v6-m/nofp/crti.o
LOAD C:/ST/STM32CubeIDE_1.17.0/STM32CubeIDE/plugins/com.st.stm32cube.ide.mcu.externaltools.gnu-tools-for-stm32.12.3.rel1.win32_1.1.0.202410251130/tools/bin/../lib/gcc/arm-none-eabi/12.3.1/thumb/v6-m/nofp/crtbegin.o
LOAD C:/ST/STM32CubeIDE_1.17.0/STM32CubeIDE/plugins/com.st.stm32cube.ide.mcu.externaltools.gnu-tools-for-stm32.12.3.rel1.win32_1.1.0.202410251130/tools/bin/../lib/gcc/arm-none-eabi/12.3.1/../../../../arm-none-eabi/lib/thumb/v6-m/nofp/crt0.o
LOAD BOS\BOS.o
LOAD BOS\BOS_CLI.o
LOAD BOS\BOS_CLIcommands.o
LOAD BOS\BOS_dma.o
LOAD BOS\BOS_freertos.o
LOAD BOS\BOS_messaging.o
LOAD BOS\BOS_msgparser.o
LOAD H09R9\H09R9.o
LOAD H09R9\H09R9_dma.o
LOAD H09R9\H09R9_eeprom.o
LOAD H09R9\H09R9_gpio.o
LOAD H09R9\H09R9_i2c.o
LOAD H09R9\H09R9_inputs.o
LOAD H09R9\H09R9_it.o
LOAD H09R9\H09R9_rtc.o
LOAD H09R9\H09R9_timers.o
LOAD H09R9\H09R9_uart.o
LOAD H09R9\startup_stm32g0b1ceuxn.o
LOAD Thirdparty\CMSIS\STM32G0xx\Device\ST\STM32G0xx\Source\Templates\system_stm32g0xx.o
LOAD Thirdparty\EEPROM_Emul\Core\eeprom_emul.o
LOAD Thirdparty\EEPROM_Emul\Porting\STM32G0\flash_interface.o
LOAD Thirdparty\Middleware\STM32G0xx\FreeRTOS\Source\CMSIS_RTOS\cmsis_os.o
LOAD Thirdparty\Middleware\STM32G0xx\FreeRTOS\Source\FreeRTOS_CLI.o
LOAD Thirdparty\Middleware\STM32G0xx\FreeRTOS\Source\croutine.o
LOAD Thirdparty\Middleware\STM32G0xx\FreeRTOS\Source\event_groups.o
LOAD Thirdparty\Middleware\STM32G0xx\FreeRTOS\Source\list.o
LOAD Thirdparty\Middleware\STM32G0xx\FreeRTOS\Source\portable\GCC\ARM_CM0\port.o
LOAD Thirdparty\Middleware\STM32G0xx\FreeRTOS\Source\portable\MemMang\heap_4.o
LOAD Thirdparty\Middleware\STM32G0xx\FreeRTOS\Source\queue.o
LOAD Thirdparty\Middleware\STM32G0xx\FreeRTOS\Source\stream_buffer.o
LOAD Thirdparty\Middleware\STM32G0xx\FreeRTOS\Source\tasks.o
LOAD Thirdparty\Middleware\STM32G0xx\FreeRTOS\Source\timers.o
LOAD Thirdparty\STM32G0xx_HAL_Driver\Src\stm32g0xx_hal.o
LOAD Thirdparty\STM32G0xx_HAL_Driver\Src\stm32g0xx_hal_adc.o
LOAD Thirdparty\STM32G0xx_HAL_Driver\Src\stm32g0xx_hal_adc_ex.o
LOAD Thirdparty\STM32G0xx_HAL_Driver\Src\stm32g0xx_hal_cec.o
LOAD Thirdparty\STM32G0xx_HAL_Driver\Src\stm32g0xx_hal_comp.o
LOAD Thirdparty\STM32G0xx_HAL_Driver\Src\stm32g0xx_hal_cortex.o
LOAD Thirdparty\STM32G0xx_HAL_Driver\Src\stm32g0xx_hal_crc.o
LOAD Thirdparty\STM32G0xx_HAL_Driver\Src\stm32g0xx_hal_crc_ex.o
LOAD Thirdparty\STM32G0xx_HAL_Driver\Src\stm32g0xx_hal_cryp.o
LOAD Thirdparty\STM32G0xx_HAL_Driver\Src\stm32g0xx_hal_cryp_ex.o
LOAD Thirdparty\STM32G0xx_HAL_Driver\Src\stm32g0xx_hal_dac.o
LOAD Thirdparty\STM32G0xx_HAL_Driver\Src\stm32g0xx_hal_dac_ex.o
LOAD Thirdparty\STM32G0xx_HAL_Driver\Src\stm32g0xx_hal_dma.o
LOAD Thirdparty\STM32G0xx_HAL_Driver\Src\stm32g0xx_hal_dma_ex.o
LOAD Thirdparty\STM32G0xx_HAL_Driver\Src\stm32g0xx_hal_exti.o
LOAD Thirdparty\STM32G0xx_HAL_Driver\Src\stm32g0xx_hal_fdcan.o
LOAD Thirdparty\STM32G0xx_HAL_Driver\Src\stm32g0xx_hal_flash.o
LOAD Thirdparty\STM32G0xx_HAL_Driver\Src\stm32g0xx_hal_flash_ex.o
LOAD Thirdparty\STM32G0xx_HAL_Driver\Src\stm32g0xx_hal_gpio.o
LOAD Thirdparty\STM32G0xx_HAL_Driver\Src\stm32g0xx_hal_hcd.o
LOAD Thirdparty\STM32G0xx_HAL_Driver\Src\stm32g0xx_hal_i2c.o
LOAD Thirdparty\STM32G0xx_HAL_Driver\Src\stm32g0xx_hal_i2c_ex.o
LOAD Thirdparty\STM32G0xx_HAL_Driver\Src\stm32g0xx_hal_i2s.o
LOAD Thirdparty\STM32G0xx_HAL_Driver\Src\stm32g0xx_hal_irda.o
LOAD Thirdparty\STM32G0xx_HAL_Driver\Src\stm32g0xx_hal_iwdg.o
LOAD Thirdparty\STM32G0xx_HAL_Driver\Src\stm32g0xx_hal_lptim.o
LOAD Thirdparty\STM32G0xx_HAL_Driver\Src\stm32g0xx_hal_msp_template.o
LOAD Thirdparty\STM32G0xx_HAL_Driver\Src\stm32g0xx_hal_pcd.o
LOAD Thirdparty\STM32G0xx_HAL_Driver\Src\stm32g0xx_hal_pcd_ex.o
LOAD Thirdparty\STM32G0xx_HAL_Driver\Src\stm32g0xx_hal_pwr.o
LOAD Thirdparty\STM32G0xx_HAL_Driver\Src\stm32g0xx_hal_pwr_ex.o
LOAD Thirdparty\STM32G0xx_HAL_Driver\Src\stm32g0xx_hal_rcc.o
LOAD Thirdparty\STM32G0xx_HAL_Driver\Src\stm32g0xx_hal_rcc_ex.o
LOAD Thirdparty\STM32G0xx_HAL_Driver\Src\stm32g0xx_hal_rng.o
LOAD Thirdparty\STM32G0xx_HAL_Driver\Src\stm32g0xx_hal_rtc.o
LOAD Thirdparty\STM32G0xx_HAL_Driver\Src\stm32g0xx_hal_rtc_ex.o
LOAD Thirdparty\STM32G0xx_HAL_Driver\Src\stm32g0xx_hal_smartcard.o
LOAD Thirdparty\STM32G0xx_HAL_Driver\Src\stm32g0xx_hal_smartcard_ex.o
LOAD Thirdparty\STM32G0xx_HAL_Driver\Src\stm32g0xx_hal_smbus.o
LOAD Thirdparty\STM32G0xx_HAL_Driver\Src\stm32g0xx_hal_smbus_ex.o
LOAD Thirdparty\STM32G0xx_HAL_Driver\Src\stm32g0xx_hal_spi.o
LOAD Thirdparty\STM32G0xx_HAL_Driver\Src\stm32g0xx_hal_spi_ex.o
LOAD Thirdparty\STM32G0xx_HAL_Driver\Src\stm32g0xx_hal_tim.o
LOAD Thirdparty\STM32G0xx_HAL_Driver\Src\stm32g0xx_hal_tim_ex.o
LOAD Thirdparty\STM32G0xx_HAL_Driver\Src\stm32g0xx_hal_uart.o
LOAD Thirdparty\STM32G0xx_HAL_Driver\Src\stm32g0xx_hal_uart_ex.o
LOAD Thirdparty\STM32G0xx_HAL_Driver\Src\stm32g0xx_hal_usart.o
LOAD Thirdparty\STM32G0xx_HAL_Driver\Src\stm32g0xx_hal_usart_ex.o
LOAD Thirdparty\STM32G0xx_HAL_Driver\Src\stm32g0xx_hal_wwdg.o
LOAD Thirdparty\STM32G0xx_HAL_Driver\Src\stm32g0xx_ll_adc.o
LOAD Thirdparty\STM32G0xx_HAL_Driver\Src\stm32g0xx_ll_comp.o
LOAD Thirdparty\STM32G0xx_HAL_Driver\Src\stm32g0xx_ll_crc.o
LOAD Thirdparty\STM32G0xx_HAL_Driver\Src\stm32g0xx_ll_crs.o
LOAD Thirdparty\STM32G0xx_HAL_Driver\Src\stm32g0xx_ll_dac.o
LOAD Thirdparty\STM32G0xx_HAL_Driver\Src\stm32g0xx_ll_dma.o
LOAD Thirdparty\STM32G0xx_HAL_Driver\Src\stm32g0xx_ll_exti.o
LOAD Thirdparty\STM32G0xx_HAL_Driver\Src\stm32g0xx_ll_gpio.o
LOAD Thirdparty\STM32G0xx_HAL_Driver\Src\stm32g0xx_ll_i2c.o
LOAD Thirdparty\STM32G0xx_HAL_Driver\Src\stm32g0xx_ll_lptim.o
LOAD Thirdparty\STM32G0xx_HAL_Driver\Src\stm32g0xx_ll_lpuart.o
LOAD Thirdparty\STM32G0xx_HAL_Driver\Src\stm32g0xx_ll_pwr.o
LOAD Thirdparty\STM32G0xx_HAL_Driver\Src\stm32g0xx_ll_rcc.o
LOAD Thirdparty\STM32G0xx_HAL_Driver\Src\stm32g0xx_ll_rng.o
LOAD Thirdparty\STM32G0xx_HAL_Driver\Src\stm32g0xx_ll_rtc.o
LOAD Thirdparty\STM32G0xx_HAL_Driver\Src\stm32g0xx_ll_spi.o
LOAD Thirdparty\STM32G0xx_HAL_Driver\Src\stm32g0xx_ll_tim.o
LOAD Thirdparty\STM32G0xx_HAL_Driver\Src\stm32g0xx_ll_ucpd.o
LOAD Thirdparty\STM32G0xx_HAL_Driver\Src\stm32g0xx_ll_usart.o
LOAD Thirdparty\STM32G0xx_HAL_Driver\Src\stm32g0xx_ll_usb.o
LOAD Thirdparty\STM32G0xx_HAL_Driver\Src\stm32g0xx_ll_utils.o
LOAD User\main.o
LOAD syscalls.o
START GROUP
LOAD C:/ST/STM32CubeIDE_1.17.0/STM32CubeIDE/plugins/com.st.stm32cube.ide.mcu.externaltools.gnu-tools-for-stm32.12.3.rel1.win32_1.1.0.202410251130/tools/bin/../lib/gcc/arm-none-eabi/12.3.1/../../../../arm-none-eabi/lib/thumb/v6-m/nofp\libc.a
LOAD C:/ST/STM32CubeIDE_1.17.0/STM32CubeIDE/plugins/com.st.stm32cube.ide.mcu.externaltools.gnu-tools-for-stm32.12.3.rel1.win32_1.1.0.202410251130/tools/bin/../lib/gcc/arm-none-eabi/12.3.1/../../../../arm-none-eabi/lib/thumb/v6-m/nofp\libm.a
END GROUP
START GROUP
LOAD C:/ST/STM32CubeIDE_1.17.0/STM32CubeIDE/plugins/com.st.stm32cube.ide.mcu.externaltools.gnu-tools-for-stm32.12.3.rel1.win32_1.1.0.202410251130/tools/bin/../lib/gcc/arm-none-eabi/12.3.1/thumb/v6-m/nofp\libgcc.a
LOAD C:/ST/STM32CubeIDE_1.17.0/STM32CubeIDE/plugins/com.st.stm32cube.ide.mcu.externaltools.gnu-tools-for-stm32.12.3.rel1.win32_1.1.0.202410251130/tools/bin/../lib/gcc/arm-none-eabi/12.3.1/../../../../arm-none-eabi/lib/thumb/v6-m/nofp\libc.a
END GROUP
START GROUP
LOAD C:/ST/STM32CubeIDE_1.17.0/STM32CubeIDE/plugins/com.st.stm32cube.ide.mcu.externaltools.gnu-tools-for-stm32.12.3.rel1.win32_1.1.0.202410251130/tools/bin/../lib/gcc/arm-none-eabi/12.3.1/thumb/v6-m/nofp\libgcc.a
LOAD C:/ST/STM32CubeIDE_1.17.0/STM32CubeIDE/plugins/com.st.stm32cube.ide.mcu.externaltools.gnu-tools-for-stm32.12.3.rel1.win32_1.1.0.202410251130/tools/bin/../lib/gcc/arm-none-eabi/12.3.1/../../../../arm-none-eabi/lib/thumb/v6-m/nofp\libc.a
LOAD C:/ST/STM32CubeIDE_1.17.0/STM32CubeIDE/plugins/com.st.stm32cube.ide.mcu.externaltools.gnu-tools-for-stm32.12.3.rel1.win32_1.1.0.202410251130/tools/bin/../lib/gcc/arm-none-eabi/12.3.1/../../../../arm-none-eabi/lib/thumb/v6-m/nofp\libnosys.a
END GROUP
LOAD C:/ST/STM32CubeIDE_1.17.0/STM32CubeIDE/plugins/com.st.stm32cube.ide.mcu.externaltools.gnu-tools-for-stm32.12.3.rel1.win32_1.1.0.202410251130/tools/bin/../lib/gcc/arm-none-eabi/12.3.1/thumb/v6-m/nofp/crtend.o
LOAD C:/ST/STM32CubeIDE_1.17.0/STM32CubeIDE/plugins/com.st.stm32cube.ide.mcu.externaltools.gnu-tools-for-stm32.12.3.rel1.win32_1.1.0.202410251130/tools/bin/../lib/gcc/arm-none-eabi/12.3.1/thumb/v6-m/nofp/crtn.o
                0x20024000                        _estack = (ORIGIN (RAM) + LENGTH (RAM))
                0x00000200                        _Min_Heap_Size = 0x200
                0x00000400                        _Min_Stack_Size = 0x400

.isr_vector     0x08000000       0xbc
                0x08000000                        . = ALIGN (0x4)
 *(.isr_vector)
 .isr_vector    0x08000000       0xbc H09R9\startup_stm32g0b1ceuxn.o
                0x08000000                g_pfnVectors
                0x080000bc                        . = ALIGN (0x4)

.text           0x080000c0    0x2d288
                0x080000c0                        . = ALIGN (0x4)
 *(.text)
 .text          0x080000c0       0x48 C:/ST/STM32CubeIDE_1.17.0/STM32CubeIDE/plugins/com.st.stm32cube.ide.mcu.externaltools.gnu-tools-for-stm32.12.3.rel1.win32_1.1.0.202410251130/tools/bin/../lib/gcc/arm-none-eabi/12.3.1/thumb/v6-m/nofp/crtbegin.o
 .text          0x08000108       0x14 C:/ST/STM32CubeIDE_1.17.0/STM32CubeIDE/plugins/com.st.stm32cube.ide.mcu.externaltools.gnu-tools-for-stm32.12.3.rel1.win32_1.1.0.202410251130/tools/bin/../lib/gcc/arm-none-eabi/12.3.1/../../../../arm-none-eabi/lib/thumb/v6-m/nofp\libc.a(libc_a-strcmp.o)
                0x08000108                strcmp
 .text          0x0800011c        0xe C:/ST/STM32CubeIDE_1.17.0/STM32CubeIDE/plugins/com.st.stm32cube.ide.mcu.externaltools.gnu-tools-for-stm32.12.3.rel1.win32_1.1.0.202410251130/tools/bin/../lib/gcc/arm-none-eabi/12.3.1/../../../../arm-none-eabi/lib/thumb/v6-m/nofp\libc.a(libc_a-strlen.o)
                0x0800011c                strlen
 *fill*         0x0800012a        0x2 
 .text          0x0800012c       0x14 C:/ST/STM32CubeIDE_1.17.0/STM32CubeIDE/plugins/com.st.stm32cube.ide.mcu.externaltools.gnu-tools-for-stm32.12.3.rel1.win32_1.1.0.202410251130/tools/bin/../lib/gcc/arm-none-eabi/12.3.1/thumb/v6-m/nofp\libgcc.a(_thumb1_case_uqi.o)
                0x0800012c                __gnu_thumb1_case_uqi
 .text          0x08000140       0x14 C:/ST/STM32CubeIDE_1.17.0/STM32CubeIDE/plugins/com.st.stm32cube.ide.mcu.externaltools.gnu-tools-for-stm32.12.3.rel1.win32_1.1.0.202410251130/tools/bin/../lib/gcc/arm-none-eabi/12.3.1/thumb/v6-m/nofp\libgcc.a(_thumb1_case_uhi.o)
                0x08000140                __gnu_thumb1_case_uhi
 .text          0x08000154      0x114 C:/ST/STM32CubeIDE_1.17.0/STM32CubeIDE/plugins/com.st.stm32cube.ide.mcu.externaltools.gnu-tools-for-stm32.12.3.rel1.win32_1.1.0.202410251130/tools/bin/../lib/gcc/arm-none-eabi/12.3.1/thumb/v6-m/nofp\libgcc.a(_udivsi3.o)
                0x08000154                __aeabi_uidiv
                0x08000154                __udivsi3
                0x08000260                __aeabi_uidivmod
 .text          0x08000268      0x1d4 C:/ST/STM32CubeIDE_1.17.0/STM32CubeIDE/plugins/com.st.stm32cube.ide.mcu.externaltools.gnu-tools-for-stm32.12.3.rel1.win32_1.1.0.202410251130/tools/bin/../lib/gcc/arm-none-eabi/12.3.1/thumb/v6-m/nofp\libgcc.a(_divsi3.o)
                0x08000268                __divsi3
                0x08000268                __aeabi_idiv
                0x08000434                __aeabi_idivmod
 .text          0x0800043c        0x4 C:/ST/STM32CubeIDE_1.17.0/STM32CubeIDE/plugins/com.st.stm32cube.ide.mcu.externaltools.gnu-tools-for-stm32.12.3.rel1.win32_1.1.0.202410251130/tools/bin/../lib/gcc/arm-none-eabi/12.3.1/thumb/v6-m/nofp\libgcc.a(_dvmd_tls.o)
                0x0800043c                __aeabi_idiv0
                0x0800043c                __aeabi_ldiv0
 .text          0x08000440       0x7c C:/ST/STM32CubeIDE_1.17.0/STM32CubeIDE/plugins/com.st.stm32cube.ide.mcu.externaltools.gnu-tools-for-stm32.12.3.rel1.win32_1.1.0.202410251130/tools/bin/../lib/gcc/arm-none-eabi/12.3.1/thumb/v6-m/nofp\libgcc.a(_arm_cmpdf2.o)
                0x08000440                __aeabi_cdrcmple
                0x08000450                __aeabi_cdcmple
                0x08000450                __aeabi_cdcmpeq
                0x08000460                __aeabi_dcmpeq
                0x0800046c                __aeabi_dcmplt
                0x08000480                __aeabi_dcmple
                0x08000494                __aeabi_dcmpgt
                0x080004a8                __aeabi_dcmpge
 .text          0x080004bc       0x74 C:/ST/STM32CubeIDE_1.17.0/STM32CubeIDE/plugins/com.st.stm32cube.ide.mcu.externaltools.gnu-tools-for-stm32.12.3.rel1.win32_1.1.0.202410251130/tools/bin/../lib/gcc/arm-none-eabi/12.3.1/thumb/v6-m/nofp\libgcc.a(_arm_cmpsf2.o)
                0x080004bc                __aeabi_cfrcmple
                0x080004c4                __aeabi_cfcmpeq
                0x080004c4                __aeabi_cfcmple
                0x080004d4                __aeabi_fcmpeq
                0x080004e0                __aeabi_fcmplt
                0x080004f4                __aeabi_fcmple
                0x08000508                __aeabi_fcmpgt
                0x0800051c                __aeabi_fcmpge
 .text          0x08000530       0x14 C:/ST/STM32CubeIDE_1.17.0/STM32CubeIDE/plugins/com.st.stm32cube.ide.mcu.externaltools.gnu-tools-for-stm32.12.3.rel1.win32_1.1.0.202410251130/tools/bin/../lib/gcc/arm-none-eabi/12.3.1/thumb/v6-m/nofp\libgcc.a(_aeabi_ulcmp.o)
                0x08000530                __aeabi_ulcmp
 .text          0x08000544       0x40 C:/ST/STM32CubeIDE_1.17.0/STM32CubeIDE/plugins/com.st.stm32cube.ide.mcu.externaltools.gnu-tools-for-stm32.12.3.rel1.win32_1.1.0.202410251130/tools/bin/../lib/gcc/arm-none-eabi/12.3.1/thumb/v6-m/nofp\libgcc.a(_aeabi_uldivmod.o)
                0x08000544                __aeabi_uldivmod
 .text          0x08000584       0x5c C:/ST/STM32CubeIDE_1.17.0/STM32CubeIDE/plugins/com.st.stm32cube.ide.mcu.externaltools.gnu-tools-for-stm32.12.3.rel1.win32_1.1.0.202410251130/tools/bin/../lib/gcc/arm-none-eabi/12.3.1/thumb/v6-m/nofp\libgcc.a(_muldi3.o)
                0x08000584                __muldi3
                0x08000584                __aeabi_lmul
 .text          0x080005e0       0x30 C:/ST/STM32CubeIDE_1.17.0/STM32CubeIDE/plugins/com.st.stm32cube.ide.mcu.externaltools.gnu-tools-for-stm32.12.3.rel1.win32_1.1.0.202410251130/tools/bin/../lib/gcc/arm-none-eabi/12.3.1/thumb/v6-m/nofp\libgcc.a(_fixunssfsi.o)
                0x080005e0                __fixunssfsi
                0x080005e0                __aeabi_f2uiz
 .text          0x08000610       0x3c C:/ST/STM32CubeIDE_1.17.0/STM32CubeIDE/plugins/com.st.stm32cube.ide.mcu.externaltools.gnu-tools-for-stm32.12.3.rel1.win32_1.1.0.202410251130/tools/bin/../lib/gcc/arm-none-eabi/12.3.1/thumb/v6-m/nofp\libgcc.a(_fixunsdfsi.o)
                0x08000610                __aeabi_d2uiz
                0x08000610                __fixunsdfsi
 .text          0x0800064c       0x38 C:/ST/STM32CubeIDE_1.17.0/STM32CubeIDE/plugins/com.st.stm32cube.ide.mcu.externaltools.gnu-tools-for-stm32.12.3.rel1.win32_1.1.0.202410251130/tools/bin/../lib/gcc/arm-none-eabi/12.3.1/thumb/v6-m/nofp\libgcc.a(_fixdfdi.o)
                0x0800064c                __fixdfdi
                0x0800064c                __aeabi_d2lz
 .text          0x08000684       0x3c C:/ST/STM32CubeIDE_1.17.0/STM32CubeIDE/plugins/com.st.stm32cube.ide.mcu.externaltools.gnu-tools-for-stm32.12.3.rel1.win32_1.1.0.202410251130/tools/bin/../lib/gcc/arm-none-eabi/12.3.1/thumb/v6-m/nofp\libgcc.a(_fixunsdfdi.o)
                0x08000684                __fixunsdfdi
                0x08000684                __aeabi_d2ulz
 .text          0x080006c0       0x2c C:/ST/STM32CubeIDE_1.17.0/STM32CubeIDE/plugins/com.st.stm32cube.ide.mcu.externaltools.gnu-tools-for-stm32.12.3.rel1.win32_1.1.0.202410251130/tools/bin/../lib/gcc/arm-none-eabi/12.3.1/thumb/v6-m/nofp\libgcc.a(_floatdidf.o)
                0x080006c0                __aeabi_l2d
                0x080006c0                __floatdidf
 .text          0x080006ec      0x198 C:/ST/STM32CubeIDE_1.17.0/STM32CubeIDE/plugins/com.st.stm32cube.ide.mcu.externaltools.gnu-tools-for-stm32.12.3.rel1.win32_1.1.0.202410251130/tools/bin/../lib/gcc/arm-none-eabi/12.3.1/thumb/v6-m/nofp\libgcc.a(_udivmoddi4.o)
                0x080006ec                __udivmoddi4
 .text          0x08000884      0x314 C:/ST/STM32CubeIDE_1.17.0/STM32CubeIDE/plugins/com.st.stm32cube.ide.mcu.externaltools.gnu-tools-for-stm32.12.3.rel1.win32_1.1.0.202410251130/tools/bin/../lib/gcc/arm-none-eabi/12.3.1/thumb/v6-m/nofp\libgcc.a(addsf3.o)
                0x08000884                __aeabi_fadd
 .text          0x08000b98      0x240 C:/ST/STM32CubeIDE_1.17.0/STM32CubeIDE/plugins/com.st.stm32cube.ide.mcu.externaltools.gnu-tools-for-stm32.12.3.rel1.win32_1.1.0.202410251130/tools/bin/../lib/gcc/arm-none-eabi/12.3.1/thumb/v6-m/nofp\libgcc.a(divsf3.o)
                0x08000b98                __aeabi_fdiv
 .text          0x08000dd8       0x50 C:/ST/STM32CubeIDE_1.17.0/STM32CubeIDE/plugins/com.st.stm32cube.ide.mcu.externaltools.gnu-tools-for-stm32.12.3.rel1.win32_1.1.0.202410251130/tools/bin/../lib/gcc/arm-none-eabi/12.3.1/thumb/v6-m/nofp\libgcc.a(eqsf2.o)
                0x08000dd8                __eqsf2
                0x08000dd8                __nesf2
 .text          0x08000e28       0xa0 C:/ST/STM32CubeIDE_1.17.0/STM32CubeIDE/plugins/com.st.stm32cube.ide.mcu.externaltools.gnu-tools-for-stm32.12.3.rel1.win32_1.1.0.202410251130/tools/bin/../lib/gcc/arm-none-eabi/12.3.1/thumb/v6-m/nofp\libgcc.a(gesf2.o)
                0x08000e28                __gesf2
                0x08000e28                __gtsf2
 .text          0x08000ec8       0x9c C:/ST/STM32CubeIDE_1.17.0/STM32CubeIDE/plugins/com.st.stm32cube.ide.mcu.externaltools.gnu-tools-for-stm32.12.3.rel1.win32_1.1.0.202410251130/tools/bin/../lib/gcc/arm-none-eabi/12.3.1/thumb/v6-m/nofp\libgcc.a(lesf2.o)
                0x08000ec8                __ltsf2
                0x08000ec8                __lesf2
 .text          0x08000f64      0x27c C:/ST/STM32CubeIDE_1.17.0/STM32CubeIDE/plugins/com.st.stm32cube.ide.mcu.externaltools.gnu-tools-for-stm32.12.3.rel1.win32_1.1.0.202410251130/tools/bin/../lib/gcc/arm-none-eabi/12.3.1/thumb/v6-m/nofp\libgcc.a(mulsf3.o)
                0x08000f64                __aeabi_fmul
 .text          0x080011e0      0x348 C:/ST/STM32CubeIDE_1.17.0/STM32CubeIDE/plugins/com.st.stm32cube.ide.mcu.externaltools.gnu-tools-for-stm32.12.3.rel1.win32_1.1.0.202410251130/tools/bin/../lib/gcc/arm-none-eabi/12.3.1/thumb/v6-m/nofp\libgcc.a(subsf3.o)
                0x080011e0                __aeabi_fsub
 .text          0x08001528       0x40 C:/ST/STM32CubeIDE_1.17.0/STM32CubeIDE/plugins/com.st.stm32cube.ide.mcu.externaltools.gnu-tools-for-stm32.12.3.rel1.win32_1.1.0.202410251130/tools/bin/../lib/gcc/arm-none-eabi/12.3.1/thumb/v6-m/nofp\libgcc.a(fixsfsi.o)
                0x08001528                __aeabi_f2iz
 .text          0x08001568       0x98 C:/ST/STM32CubeIDE_1.17.0/STM32CubeIDE/plugins/com.st.stm32cube.ide.mcu.externaltools.gnu-tools-for-stm32.12.3.rel1.win32_1.1.0.202410251130/tools/bin/../lib/gcc/arm-none-eabi/12.3.1/thumb/v6-m/nofp\libgcc.a(floatsisf.o)
                0x08001568                __aeabi_i2f
 .text          0x08001600       0x84 C:/ST/STM32CubeIDE_1.17.0/STM32CubeIDE/plugins/com.st.stm32cube.ide.mcu.externaltools.gnu-tools-for-stm32.12.3.rel1.win32_1.1.0.202410251130/tools/bin/../lib/gcc/arm-none-eabi/12.3.1/thumb/v6-m/nofp\libgcc.a(floatunsisf.o)
                0x08001600                __aeabi_ui2f
 .text          0x08001684      0x6c8 C:/ST/STM32CubeIDE_1.17.0/STM32CubeIDE/plugins/com.st.stm32cube.ide.mcu.externaltools.gnu-tools-for-stm32.12.3.rel1.win32_1.1.0.202410251130/tools/bin/../lib/gcc/arm-none-eabi/12.3.1/thumb/v6-m/nofp\libgcc.a(adddf3.o)
                0x08001684                __aeabi_dadd
 .text          0x08001d4c      0x634 C:/ST/STM32CubeIDE_1.17.0/STM32CubeIDE/plugins/com.st.stm32cube.ide.mcu.externaltools.gnu-tools-for-stm32.12.3.rel1.win32_1.1.0.202410251130/tools/bin/../lib/gcc/arm-none-eabi/12.3.1/thumb/v6-m/nofp\libgcc.a(divdf3.o)
                0x08001d4c                __aeabi_ddiv
 .text          0x08002380       0x88 C:/ST/STM32CubeIDE_1.17.0/STM32CubeIDE/plugins/com.st.stm32cube.ide.mcu.externaltools.gnu-tools-for-stm32.12.3.rel1.win32_1.1.0.202410251130/tools/bin/../lib/gcc/arm-none-eabi/12.3.1/thumb/v6-m/nofp\libgcc.a(eqdf2.o)
                0x08002380                __nedf2
                0x08002380                __eqdf2
 .text          0x08002408       0xe8 C:/ST/STM32CubeIDE_1.17.0/STM32CubeIDE/plugins/com.st.stm32cube.ide.mcu.externaltools.gnu-tools-for-stm32.12.3.rel1.win32_1.1.0.202410251130/tools/bin/../lib/gcc/arm-none-eabi/12.3.1/thumb/v6-m/nofp\libgcc.a(gedf2.o)
                0x08002408                __gedf2
                0x08002408                __gtdf2
 .text          0x080024f0       0xe4 C:/ST/STM32CubeIDE_1.17.0/STM32CubeIDE/plugins/com.st.stm32cube.ide.mcu.externaltools.gnu-tools-for-stm32.12.3.rel1.win32_1.1.0.202410251130/tools/bin/../lib/gcc/arm-none-eabi/12.3.1/thumb/v6-m/nofp\libgcc.a(ledf2.o)
                0x080024f0                __ledf2
                0x080024f0                __ltdf2
 .text          0x080025d4      0x590 C:/ST/STM32CubeIDE_1.17.0/STM32CubeIDE/plugins/com.st.stm32cube.ide.mcu.externaltools.gnu-tools-for-stm32.12.3.rel1.win32_1.1.0.202410251130/tools/bin/../lib/gcc/arm-none-eabi/12.3.1/thumb/v6-m/nofp\libgcc.a(muldf3.o)
                0x080025d4                __aeabi_dmul
 .text          0x08002b64      0x738 C:/ST/STM32CubeIDE_1.17.0/STM32CubeIDE/plugins/com.st.stm32cube.ide.mcu.externaltools.gnu-tools-for-stm32.12.3.rel1.win32_1.1.0.202410251130/tools/bin/../lib/gcc/arm-none-eabi/12.3.1/thumb/v6-m/nofp\libgcc.a(subdf3.o)
                0x08002b64                __aeabi_dsub
 .text          0x0800329c       0x44 C:/ST/STM32CubeIDE_1.17.0/STM32CubeIDE/plugins/com.st.stm32cube.ide.mcu.externaltools.gnu-tools-for-stm32.12.3.rel1.win32_1.1.0.202410251130/tools/bin/../lib/gcc/arm-none-eabi/12.3.1/thumb/v6-m/nofp\libgcc.a(unorddf2.o)
                0x0800329c                __aeabi_dcmpun
 .text          0x080032e0       0x78 C:/ST/STM32CubeIDE_1.17.0/STM32CubeIDE/plugins/com.st.stm32cube.ide.mcu.externaltools.gnu-tools-for-stm32.12.3.rel1.win32_1.1.0.202410251130/tools/bin/../lib/gcc/arm-none-eabi/12.3.1/thumb/v6-m/nofp\libgcc.a(fixdfsi.o)
                0x080032e0                __aeabi_d2iz
 .text          0x08003358       0x5c C:/ST/STM32CubeIDE_1.17.0/STM32CubeIDE/plugins/com.st.stm32cube.ide.mcu.externaltools.gnu-tools-for-stm32.12.3.rel1.win32_1.1.0.202410251130/tools/bin/../lib/gcc/arm-none-eabi/12.3.1/thumb/v6-m/nofp\libgcc.a(floatsidf.o)
                0x08003358                __aeabi_i2d
 .text          0x080033b4       0x48 C:/ST/STM32CubeIDE_1.17.0/STM32CubeIDE/plugins/com.st.stm32cube.ide.mcu.externaltools.gnu-tools-for-stm32.12.3.rel1.win32_1.1.0.202410251130/tools/bin/../lib/gcc/arm-none-eabi/12.3.1/thumb/v6-m/nofp\libgcc.a(floatunsidf.o)
                0x080033b4                __aeabi_ui2d
 .text          0x080033fc       0x90 C:/ST/STM32CubeIDE_1.17.0/STM32CubeIDE/plugins/com.st.stm32cube.ide.mcu.externaltools.gnu-tools-for-stm32.12.3.rel1.win32_1.1.0.202410251130/tools/bin/../lib/gcc/arm-none-eabi/12.3.1/thumb/v6-m/nofp\libgcc.a(extendsfdf2.o)
                0x080033fc                __aeabi_f2d
 .text          0x0800348c      0x108 C:/ST/STM32CubeIDE_1.17.0/STM32CubeIDE/plugins/com.st.stm32cube.ide.mcu.externaltools.gnu-tools-for-stm32.12.3.rel1.win32_1.1.0.202410251130/tools/bin/../lib/gcc/arm-none-eabi/12.3.1/thumb/v6-m/nofp\libgcc.a(truncdfsf2.o)
                0x0800348c                __aeabi_d2f
 .text          0x08003594       0x3c C:/ST/STM32CubeIDE_1.17.0/STM32CubeIDE/plugins/com.st.stm32cube.ide.mcu.externaltools.gnu-tools-for-stm32.12.3.rel1.win32_1.1.0.202410251130/tools/bin/../lib/gcc/arm-none-eabi/12.3.1/thumb/v6-m/nofp\libgcc.a(_clzsi2.o)
                0x08003594                __clzsi2
 .text          0x080035d0       0x18 C:/ST/STM32CubeIDE_1.17.0/STM32CubeIDE/plugins/com.st.stm32cube.ide.mcu.externaltools.gnu-tools-for-stm32.12.3.rel1.win32_1.1.0.202410251130/tools/bin/../lib/gcc/arm-none-eabi/12.3.1/thumb/v6-m/nofp\libgcc.a(_clzdi2.o)
                0x080035d0                __clzdi2
 *(.text*)
 .text.__NVIC_SystemReset
                0x080035e8       0x24 BOS\BOS.o
 .text.Processor_type
                0x0800360c       0x5a BOS\BOS.o
                0x0800360c                Processor_type
 *fill*         0x08003666        0x2 
 .text.Get_Module_Name
                0x08003668       0x28 BOS\BOS.o
                0x08003668                Get_Module_Name
 .text.Send_BOS_Message
                0x08003690       0xfc BOS\BOS.o
                0x08003690                Send_BOS_Message
 .text.LoadEEvars
                0x0800378c       0x2a BOS\BOS.o
                0x0800378c                LoadEEvars
 *fill*         0x080037b6        0x2 
 .text.LoadROtopology
                0x080037b8       0xfc BOS\BOS.o
                0x080037b8                LoadROtopology
 .text.LoadEEportsDir
                0x080038b4       0x68 BOS\BOS.o
                0x080038b4                LoadEEportsDir
 .text.LoadEEalias
                0x0800391c       0xd8 BOS\BOS.o
                0x0800391c                LoadEEalias
 .text.LoadEEgroup
                0x080039f4      0x120 BOS\BOS.o
                0x080039f4                LoadEEgroup
 .text.LoadEEstreams
                0x08003b14      0x228 BOS\BOS.o
                0x08003b14                LoadEEstreams
 .text.LoadEEparams
                0x08003d3c      0x2e4 BOS\BOS.o
                0x08003d3c                LoadEEparams
 .text.LoadEEbuttons
                0x08004020      0x2ec BOS\BOS.o
                0x08004020                LoadEEbuttons
 .text.LoadROsnippets
                0x0800430c      0x1d8 BOS\BOS.o
                0x0800430c                LoadROsnippets
 .text.SaveEEportsDir
                0x080044e4       0x78 BOS\BOS.o
                0x080044e4                SaveEEportsDir
 .text.SaveEEalias
                0x0800455c       0xd0 BOS\BOS.o
                0x0800455c                SaveEEalias
 .text.SaveEEstreams
                0x0800462c       0xdc BOS\BOS.o
                0x0800462c                SaveEEstreams
 .text.SaveEEparams
                0x08004708       0xb4 BOS\BOS.o
                0x08004708                SaveEEparams
 .text.ClearEEportsDir
                0x080047bc       0x84 BOS\BOS.o
                0x080047bc                ClearEEportsDir
 .text.EE_FormatForFactoryReset
                0x08004840       0x2c BOS\BOS.o
                0x08004840                EE_FormatForFactoryReset
 .text.IsLowerCLIbaud
                0x0800486c       0xe8 BOS\BOS.o
                0x0800486c                IsLowerCLIbaud
 .text.IsModuleParameter
                0x08004954       0x64 BOS\BOS.o
                0x08004954                IsModuleParameter
 .text.IsMathOperator
                0x080049b8       0xc4 BOS\BOS.o
                0x080049b8                IsMathOperator
 .text.BOS_Init
                0x08004a7c      0x130 BOS\BOS.o
                0x08004a7c                BOS_Init
 .text.Module_Init
                0x08004bac       0x1e BOS\BOS.o
                0x08004bac                Module_Init
 *fill*         0x08004bca        0x2 
 .text.Explore  0x08004bcc      0xa14 BOS\BOS.o
                0x08004bcc                Explore
 .text.ExploreNeighbors
                0x080055e0       0x90 BOS\BOS.o
                0x080055e0                ExploreNeighbors
 .text.FindBroadcastRoutes
                0x08005670      0x3b0 BOS\BOS.o
                0x08005670                FindBroadcastRoutes
 .text.FindRoute
                0x08005a20      0x2d8 BOS\BOS.o
                0x08005a20                FindRoute
 .text.minArr   0x08005cf8       0x88 BOS\BOS.o
                0x08005cf8                minArr
 .text.QnotEmpty
                0x08005d80       0x50 BOS\BOS.o
                0x08005d80                QnotEmpty
 .text.DisplayTopology
                0x08005dd0      0x258 BOS\BOS.o
                0x08005dd0                DisplayTopology
 .text.DisplayPortsDir
                0x08006028      0x118 BOS\BOS.o
                0x08006028                DisplayPortsDir
 .text.DisplayModuleStatus
                0x08006140      0x3b4 BOS\BOS.o
                0x08006140                DisplayModuleStatus
 .text.GetID    0x080064f4      0x15c BOS\BOS.o
                0x080064f4                GetID
 .text.NameModule
                0x08006650      0x140 BOS\BOS.o
                0x08006650                NameModule
 .text.AddModuleToGroup
                0x08006790      0x1b8 BOS\BOS.o
                0x08006790                AddModuleToGroup
 .text.WriteToRemote
                0x08006948      0x1fc BOS\BOS.o
                0x08006948                WriteToRemote
 .text.GetDateString
                0x08006b44       0x5c BOS\BOS.o
                0x08006b44                GetDateString
 .text.Bridge   0x08006ba0       0x4c BOS\BOS.o
                0x08006ba0                Bridge
 .text.Unbridge
                0x08006bec       0xbc BOS\BOS.o
                0x08006bec                Unbridge
 .text.EnableStopModebyUARTx
                0x08006ca8       0xb8 BOS\BOS.o
                0x08006ca8                EnableStopModebyUARTx
 .text.EnableStandbyModebyWakeupPinx
                0x08006d60       0x64 BOS\BOS.o
                0x08006d60                EnableStandbyModebyWakeupPinx
 .text.DisableStandbyModeWakeupPinx
                0x08006dc4       0x98 BOS\BOS.o
                0x08006dc4                DisableStandbyModeWakeupPinx
 .text.prvCLITask
                0x08006e5c      0x278 BOS\BOS_CLI.o
                0x08006e5c                prvCLITask
 .text.CLI_CommandParser
                0x080070d4      0x57c BOS\BOS_CLI.o
                0x080070d4                CLI_CommandParser
 .text.StringToLowerCase
                0x08007650       0x6c BOS\BOS_CLI.o
                0x08007650                StringToLowerCase
 .text.AddSnippet
                0x080076bc      0x1b4 BOS\BOS_CLI.o
                0x080076bc                AddSnippet
 .text.ParseSnippetCondition
                0x08007870      0x7f8 BOS\BOS_CLI.o
                0x08007870                ParseSnippetCondition
 .text.ParseSnippetCommand
                0x08008068       0xc8 BOS\BOS_CLI.o
                0x08008068                ParseSnippetCommand
 .text.CheckSnippetCondition
                0x08008130      0x1b4 BOS\BOS_CLI.o
                0x08008130                CheckSnippetCondition
 .text.ExecuteSnippet
                0x080082e4       0xd8 BOS\BOS_CLI.o
                0x080082e4                ExecuteSnippet
 .text.__NVIC_SystemReset
                0x080083bc       0x24 BOS\BOS_CLIcommands.o
 .text.RegisterUserCLICommands
                0x080083e0        0xa BOS\BOS_CLIcommands.o
                0x080083e0                RegisterUserCLICommands
 *fill*         0x080083ea        0x2 
 .text.vRegisterCLICommands
                0x080083ec      0x1b0 BOS\BOS_CLIcommands.o
                0x080083ec                vRegisterCLICommands
 .text.prvTaskStatsCommand
                0x0800859c       0x40 BOS\BOS_CLIcommands.o
 .text.prvRunTimeStatsCommand
                0x080085dc       0x40 BOS\BOS_CLIcommands.o
 .text.pingCommand
                0x0800861c       0x98 BOS\BOS_CLIcommands.o
 .text.bootloaderUpdateCommand
                0x080086b4      0x200 BOS\BOS_CLIcommands.o
 .text.exploreCommand
                0x080088b4       0xf8 BOS\BOS_CLIcommands.o
 .text.resetCommand
                0x080089ac       0x10 BOS\BOS_CLIcommands.o
 .text.nameCommand
                0x080089bc       0xe8 BOS\BOS_CLIcommands.o
 .text.groupCommand
                0x08008aa4      0x2fc BOS\BOS_CLIcommands.o
 .text.statusCommand
                0x08008da0       0x1c BOS\BOS_CLIcommands.o
 .text.infoCommand
                0x08008dbc       0xfc BOS\BOS_CLIcommands.o
 .text.scastCommand
                0x08008eb8      0x2dc BOS\BOS_CLIcommands.o
 .text.addbuttonCommand
                0x08009194      0x150 BOS\BOS_CLIcommands.o
 .text.removebuttonCommand
                0x080092e4       0x94 BOS\BOS_CLIcommands.o
 .text.setCommand
                0x08009378      0xa04 BOS\BOS_CLIcommands.o
 .text.getCommand
                0x08009d7c      0x310 BOS\BOS_CLIcommands.o
 .text.defaultCommand
                0x0800a08c       0xf8 BOS\BOS_CLIcommands.o
 .text.timeCommand
                0x0800a184       0xd8 BOS\BOS_CLIcommands.o
 .text.dateCommand
                0x0800a25c       0x34 BOS\BOS_CLIcommands.o
 .text.setBaudrateCommand
                0x0800a290       0xc0 BOS\BOS_CLIcommands.o
 .text.uuidCommand
                0x0800a350       0x70 BOS\BOS_CLIcommands.o
 .text.idcodeCommand
                0x0800a3c0       0xe0 BOS\BOS_CLIcommands.o
 .text.flashsizeCommand
                0x0800a4a0       0x34 BOS\BOS_CLIcommands.o
 .text.snipCommand
                0x0800a4d4      0x3ac BOS\BOS_CLIcommands.o
 .text.actSnipCommand
                0x0800a880       0xb8 BOS\BOS_CLIcommands.o
 .text.pauseSnipCommand
                0x0800a938       0xb8 BOS\BOS_CLIcommands.o
 .text.delSnipCommand
                0x0800a9f0      0x1d4 BOS\BOS_CLIcommands.o
 .text.bridgeCommand
                0x0800abc4      0x11c BOS\BOS_CLIcommands.o
 .text.unbridgeCommand
                0x0800ace0      0x11c BOS\BOS_CLIcommands.o
 .text.testportCommand
                0x0800adfc      0x2d8 BOS\BOS_CLIcommands.o
 .text.ADCReadCommand
                0x0800b0d4      0x134 BOS\BOS_CLIcommands.o
 .text.ReadTempCommand
                0x0800b208       0x54 BOS\BOS_CLIcommands.o
 .text.ReadVrefCommand
                0x0800b25c       0x54 BOS\BOS_CLIcommands.o
 .text.GetReadPrecentageCommand
                0x0800b2b0       0x98 BOS\BOS_CLIcommands.o
 .text.StartDMAstream
                0x0800b348       0xb0 BOS\BOS_dma.o
                0x0800b348                StartDMAstream
 .text.DMA_IRQHandler
                0x0800b3f8      0x108 BOS\BOS_dma.o
                0x0800b3f8                DMA_IRQHandler
 .text.ResetUartORE
                0x0800b500       0x54 BOS\BOS_dma.o
                0x0800b500                ResetUartORE
 .text.MX_FREERTOS_Init
                0x0800b554      0x260 BOS\BOS_freertos.o
                0x0800b554                MX_FREERTOS_Init
 .text.StartDefaultTask
                0x0800b7b4       0xfc BOS\BOS_freertos.o
                0x0800b7b4                StartDefaultTask
 .text.ExecuteMonitor
                0x0800b8b0      0x4c8 BOS\BOS_freertos.o
                0x0800b8b0                ExecuteMonitor
 .text.vMainConfigureTimerForRunTimeStats
                0x0800bd78       0x2c BOS\BOS_freertos.o
                0x0800bd78                vMainConfigureTimerForRunTimeStats
 .text.ulMainGetRunTimeCounterValue
                0x0800bda4       0x90 BOS\BOS_freertos.o
                0x0800bda4                ulMainGetRunTimeCounterValue
 .text.SetupDMAStreams
                0x0800be34      0x3c8 BOS\BOS_messaging.o
                0x0800be34                SetupDMAStreams
 .text.StreamTimerCallback
                0x0800c1fc       0x98 BOS\BOS_messaging.o
                0x0800c1fc                StreamTimerCallback
 .text.ForwardReceivedMessage
                0x0800c294       0x80 BOS\BOS_messaging.o
                0x0800c294                ForwardReceivedMessage
 .text.BroadcastReceivedMessage
                0x0800c314       0x70 BOS\BOS_messaging.o
                0x0800c314                BroadcastReceivedMessage
 .text.NotifyMessagingTask
                0x0800c384       0xa4 BOS\BOS_messaging.o
                0x0800c384                NotifyMessagingTask
 .text.BroadcastMessage
                0x0800c428       0x94 BOS\BOS_messaging.o
                0x0800c428                BroadcastMessage
 .text.SendMessageToModule
                0x0800c4bc       0xa4 BOS\BOS_messaging.o
                0x0800c4bc                SendMessageToModule
 .text.SendLargeMessageToModule
                0x0800c560      0x10c BOS\BOS_messaging.o
                0x0800c560                SendLargeMessageToModule
 .text.SendMessageFromPort
                0x0800c66c      0x5a8 BOS\BOS_messaging.o
                0x0800c66c                SendMessageFromPort
 .text.StartScastDMAStream
                0x0800cc14      0x314 BOS\BOS_messaging.o
                0x0800cc14                StartScastDMAStream
 .text.__NVIC_SystemReset
                0x0800cf28       0x24 BOS\BOS_msgparser.o
 .text.BackEndTask
                0x0800cf4c      0xbb8 BOS\BOS_msgparser.o
                0x0800cf4c                BackEndTask
 .text.PxMessagingTask
                0x0800db04     0x44a0 BOS\BOS_msgparser.o
                0x0800db04                PxMessagingTask
 .text.User_MessagingParser
                0x08011fa4       0x3a BOS\BOS_msgparser.o
                0x08011fa4                User_MessagingParser
 .text.SystemClock_Config
                0x08011fde       0xb4 H09R9\H09R9.o
                0x08011fde                SystemClock_Config
 *fill*         0x08012092        0x2 
 .text.SaveTopologyToRO
                0x08012094      0x1bc H09R9\H09R9.o
                0x08012094                SaveTopologyToRO
 .text.SaveSnippetsToRO
                0x08012250      0x1f8 H09R9\H09R9.o
                0x08012250                SaveSnippetsToRO
 .text.ClearROtopology
                0x08012448       0x38 H09R9\H09R9.o
                0x08012448                ClearROtopology
 .text.remoteBootloaderUpdate
                0x08012480      0x178 H09R9\H09R9.o
                0x08012480                remoteBootloaderUpdate
 .text.SetupPortForRemoteBootloaderUpdate
                0x080125f8       0x52 H09R9\H09R9.o
                0x080125f8                SetupPortForRemoteBootloaderUpdate
 *fill*         0x0801264a        0x2 
 .text.Module_Peripheral_Init
                0x0801264c      0x188 H09R9\H09R9.o
                0x0801264c                Module_Peripheral_Init
 .text.Module_MessagingTask
                0x080127d4      0x1dc H09R9\H09R9.o
                0x080127d4                Module_MessagingTask
 .text.GetPort  0x080129b0       0x80 H09R9\H09R9.o
                0x080129b0                GetPort
 .text.RegisterModuleCLICommands
                0x08012a30       0x3c H09R9\H09R9.o
                0x08012a30                RegisterModuleCLICommands
 .text.EXGTask  0x08012a6c       0xec H09R9\H09R9.o
                0x08012a6c                EXGTask
 .text.PollingSleepCLISafe
                0x08012b58      0x108 H09R9\H09R9.o
 .text.StreamMemsToPort
                0x08012c60       0xe4 H09R9\H09R9.o
 .text.StreamMemsToCLI
                0x08012d44      0x178 H09R9\H09R9.o
 .text.StreamMemsToTerminal
                0x08012ebc       0xe4 H09R9\H09R9.o
 .text.SENSOR_COEFFICIENTS_Init
                0x08012fa0      0x90c H09R9\H09R9.o
                0x08012fa0                SENSOR_COEFFICIENTS_Init
 .text.bytesToFloat
                0x080138ac       0x58 H09R9\H09R9.o
                0x080138ac                bytesToFloat
 .text.GetSample
                0x08013904      0x418 H09R9\H09R9.o
                0x08013904                GetSample
 .text.SampleTemperature
                0x08013d1c       0x34 H09R9\H09R9.o
                0x08013d1c                SampleTemperature
 .text.ExportToPortmes
                0x08013d50       0xec H09R9\H09R9.o
                0x08013d50                ExportToPortmes
 .text.ExportToPort
                0x08013e3c       0xf0 H09R9\H09R9.o
                0x08013e3c                ExportToPort
 .text.SampleTemperatureToString
                0x08013f2c       0x4c H09R9\H09R9.o
                0x08013f2c                SampleTemperatureToString
 .text.TSD305SampleCommand
                0x08013f78       0x30 H09R9\H09R9.o
 .text.TSD305StreamcliCommand
                0x08013fa8       0x84 H09R9\H09R9.o
 .text.TSD305StreamportCommand
                0x0801402c       0xb8 H09R9\H09R9.o
 .text.TSD305SampleportportCommand
                0x080140e4       0x58 H09R9\H09R9.o
 .text.DMA_Init
                0x0801413c       0x74 H09R9\H09R9_dma.o
                0x0801413c                DMA_Init
 .text.SetupMessagingRxDMAs
                0x080141b0      0x11c H09R9\H09R9_dma.o
                0x080141b0                SetupMessagingRxDMAs
 .text.DMA_MSG_RX_Setup
                0x080142cc       0x68 H09R9\H09R9_dma.o
                0x080142cc                DMA_MSG_RX_Setup
 .text.DMA_STREAM_Setup
                0x08014334       0xf0 H09R9\H09R9_dma.o
                0x08014334                DMA_STREAM_Setup
 .text.StopDMA  0x08014424       0x98 H09R9\H09R9_dma.o
                0x08014424                StopDMA
 .text.SwitchMsgDMAToStream
                0x080144bc       0x52 H09R9\H09R9_dma.o
                0x080144bc                SwitchMsgDMAToStream
 *fill*         0x0801450e        0x2 
 .text.SwitchStreamDMAToMsg
                0x08014510       0xc8 H09R9\H09R9_dma.o
                0x08014510                SwitchStreamDMAToMsg
 .text.CRC_Init
                0x080145d8       0x44 H09R9\H09R9_dma.o
                0x080145d8                CRC_Init
 .text.HAL_CRC_MspInit
                0x0801461c       0x30 H09R9\H09R9_dma.o
                0x0801461c                HAL_CRC_MspInit
 .text.CalculateCRC8
                0x0801464c      0x154 H09R9\H09R9_dma.o
                0x0801464c                CalculateCRC8
 .text.__NVIC_SystemReset
                0x080147a0       0x24 H09R9\H09R9_eeprom.o
 .text.EE_Init  0x080147c4       0x56 H09R9\H09R9_eeprom.o
                0x080147c4                EE_Init
 .text.EE_ReadVariable
                0x0801481a       0x42 H09R9\H09R9_eeprom.o
                0x0801481a                EE_ReadVariable
 .text.EE_WriteVariable
                0x0801485c       0x72 H09R9\H09R9_eeprom.o
                0x0801485c                EE_WriteVariable
 .text.EE_Format
                0x080148ce       0x3a H09R9\H09R9_eeprom.o
                0x080148ce                EE_Format
 .text.GPIO_Init
                0x08014908       0xa0 H09R9\H09R9_gpio.o
                0x08014908                GPIO_Init
 .text.IND_LED_Init
                0x080149a8       0x38 H09R9\H09R9_gpio.o
                0x080149a8                IND_LED_Init
 .text.IsFactoryReset
                0x080149e0      0x15c H09R9\H09R9_gpio.o
                0x080149e0                IsFactoryReset
 .text.GetPortGPIOs
                0x08014b3c      0x144 H09R9\H09R9_gpio.o
                0x08014b3c                GetPortGPIOs
 .text.MX_I2C2_Init
                0x08014c80       0x68 H09R9\H09R9_i2c.o
                0x08014c80                MX_I2C2_Init
 .text.HAL_I2C_MspInit
                0x08014ce8       0xc4 H09R9\H09R9_i2c.o
                0x08014ce8                HAL_I2C_MspInit
 .text.buttonPressedCallback
                0x08014dac       0x14 H09R9\H09R9_inputs.o
                0x08014dac                buttonPressedCallback
 .text.CheckAttachedButtons
                0x08014dc0      0x7a8 H09R9\H09R9_inputs.o
                0x08014dc0                CheckAttachedButtons
 .text.CheckForTimedButtonPress
                0x08015568       0xfc H09R9\H09R9_inputs.o
                0x08015568                CheckForTimedButtonPress
 .text.CheckForTimedButtonRelease
                0x08015664       0xfc H09R9\H09R9_inputs.o
                0x08015664                CheckForTimedButtonRelease
 .text.AddPortButton
                0x08015760      0x268 H09R9\H09R9_inputs.o
                0x08015760                AddPortButton
 .text.RemovePortButton
                0x080159c8      0x208 H09R9\H09R9_inputs.o
                0x080159c8                RemovePortButton
 .text.SetButtonEvents
                0x08015bd0      0x6ec H09R9\H09R9_inputs.o
                0x08015bd0                SetButtonEvents
 .text.MX_ADC_Init
                0x080162bc        0xa H09R9\H09R9_inputs.o
                0x080162bc                MX_ADC_Init
 *fill*         0x080162c6        0x2 
 .text.ADCSelectChannel
                0x080162c8       0xa0 H09R9\H09R9_inputs.o
                0x080162c8                ADCSelectChannel
 .text.ReadADCChannel
                0x08016368      0x10c H09R9\H09R9_inputs.o
                0x08016368                ReadADCChannel
 .text.ReadTempAndVref
                0x08016474      0x1f0 H09R9\H09R9_inputs.o
                0x08016474                ReadTempAndVref
 .text.GetReadPrecentage
                0x08016664      0x220 H09R9\H09R9_inputs.o
                0x08016664                GetReadPrecentage
 .text.Get_channel
                0x08016884       0x8c H09R9\H09R9_inputs.o
                0x08016884                Get_channel
 .text.Error_Handler
                0x08016910       0x10 H09R9\H09R9_inputs.o
                0x08016910                Error_Handler
 .text.Get_Rank
                0x08016920       0x84 H09R9\H09R9_inputs.o
                0x08016920                Get_Rank
 .text.buttonReleasedCallback
                0x080169a4       0x14 H09R9\H09R9_inputs.o
                0x080169a4                buttonReleasedCallback
 .text.buttonClickedCallback
                0x080169b8       0x14 H09R9\H09R9_inputs.o
                0x080169b8                buttonClickedCallback
 .text.buttonDblClickedCallback
                0x080169cc       0x14 H09R9\H09R9_inputs.o
                0x080169cc                buttonDblClickedCallback
 .text.buttonPressedForXCallback
                0x080169e0       0x1a H09R9\H09R9_inputs.o
                0x080169e0                buttonPressedForXCallback
 .text.buttonReleasedForYCallback
                0x080169fa       0x1a H09R9\H09R9_inputs.o
                0x080169fa                buttonReleasedForYCallback
 .text.__NVIC_SystemReset
                0x08016a14       0x24 H09R9\H09R9_it.o
 .text.SysTick_Handler
                0x08016a38       0x12 H09R9\H09R9_it.o
                0x08016a38                SysTick_Handler
 *fill*         0x08016a4a        0x2 
 .text.HardFault_Handler
                0x08016a4c       0x40 H09R9\H09R9_it.o
                0x08016a4c                HardFault_Handler
 .text.HAL_UARTEx_RxEventCallback
                0x08016a8c       0x74 H09R9\H09R9_it.o
                0x08016a8c                HAL_UARTEx_RxEventCallback
 .text.USART1_IRQHandler
                0x08016b00       0xac H09R9\H09R9_it.o
                0x08016b00                USART1_IRQHandler
 .text.USART2_LPUART2_IRQHandler
                0x08016bac       0xac H09R9\H09R9_it.o
                0x08016bac                USART2_LPUART2_IRQHandler
 .text.USART3_4_5_6_LPUART1_IRQHandler
                0x08016c58      0x258 H09R9\H09R9_it.o
                0x08016c58                USART3_4_5_6_LPUART1_IRQHandler
 .text.DMA1_Channel1_IRQHandler
                0x08016eb0       0x20 H09R9\H09R9_it.o
                0x08016eb0                DMA1_Channel1_IRQHandler
 .text.DMA1_Channel2_3_IRQHandler
                0x08016ed0       0x58 H09R9\H09R9_it.o
                0x08016ed0                DMA1_Channel2_3_IRQHandler
 .text.DMA1_Ch4_7_DMA2_Ch1_5_DMAMUX1_OVR_IRQHandler
                0x08016f28       0x84 H09R9\H09R9_it.o
                0x08016f28                DMA1_Ch4_7_DMA2_Ch1_5_DMAMUX1_OVR_IRQHandler
 .text.HAL_UART_TxCpltCallback
                0x08016fac       0x38 H09R9\H09R9_it.o
                0x08016fac                HAL_UART_TxCpltCallback
 .text.HAL_UART_ErrorCallback
                0x08016fe4       0xd4 H09R9\H09R9_it.o
                0x08016fe4                HAL_UART_ErrorCallback
 .text.HAL_UARTEx_WakeupCallback
                0x080170b8       0x5c H09R9\H09R9_it.o
                0x080170b8                HAL_UARTEx_WakeupCallback
 .text.HAL_UART_RxCpltCallback
                0x08017114       0x10 H09R9\H09R9_it.o
                0x08017114                HAL_UART_RxCpltCallback
 .text.vApplicationStackOverflowHook
                0x08017124       0x44 H09R9\H09R9_it.o
                0x08017124                vApplicationStackOverflowHook
 .text.vApplicationMallocFailedHook
                0x08017168       0x40 H09R9\H09R9_it.o
                0x08017168                vApplicationMallocFailedHook
 .text.RTC_Init
                0x080171a8       0xc4 H09R9\H09R9_rtc.o
                0x080171a8                RTC_Init
 .text.RTC_CalendarConfig
                0x0801726c      0x18c H09R9\H09R9_rtc.o
                0x0801726c                RTC_CalendarConfig
 .text.BOS_CalendarConfig
                0x080173f8      0x128 H09R9\H09R9_rtc.o
                0x080173f8                BOS_CalendarConfig
 .text.GetTimeDate
                0x08017520       0x90 H09R9\H09R9_rtc.o
                0x08017520                GetTimeDate
 .text.TIM_USEC_Init
                0x080175b0       0x74 H09R9\H09R9_timers.o
                0x080175b0                TIM_USEC_Init
 .text.TIM_MSEC_Init
                0x08017624       0x78 H09R9\H09R9_timers.o
                0x08017624                TIM_MSEC_Init
 .text.StartMicroDelay
                0x0801769c       0x48 H09R9\H09R9_timers.o
                0x0801769c                StartMicroDelay
 .text.StartMilliDelay
                0x080176e4       0x48 H09R9\H09R9_timers.o
                0x080176e4                StartMilliDelay
 .text.MX_USART1_UART_Init
                0x0801772c       0x58 H09R9\H09R9_uart.o
                0x0801772c                MX_USART1_UART_Init
 .text.MX_USART2_UART_Init
                0x08017784       0x58 H09R9\H09R9_uart.o
                0x08017784                MX_USART2_UART_Init
 .text.MX_USART3_UART_Init
                0x080177dc       0x58 H09R9\H09R9_uart.o
                0x080177dc                MX_USART3_UART_Init
 .text.MX_USART4_UART_Init
                0x08017834       0x58 H09R9\H09R9_uart.o
                0x08017834                MX_USART4_UART_Init
 .text.MX_USART5_UART_Init
                0x0801788c       0x58 H09R9\H09R9_uart.o
                0x0801788c                MX_USART5_UART_Init
 .text.MX_USART6_UART_Init
                0x080178e4       0x58 H09R9\H09R9_uart.o
                0x080178e4                MX_USART6_UART_Init
 .text.HAL_UART_MspInit
                0x0801793c      0x76c H09R9\H09R9_uart.o
                0x0801793c                HAL_UART_MspInit
 .text.writePxMutex
                0x080180a8       0xac H09R9\H09R9_uart.o
                0x080180a8                writePxMutex
 .text.writePxITMutex
                0x08018154       0x78 H09R9\H09R9_uart.o
                0x08018154                writePxITMutex
 .text.UpdateBaudrate
                0x080181cc       0x3e H09R9\H09R9_uart.o
                0x080181cc                UpdateBaudrate
 *fill*         0x0801820a        0x2 
 .text.GetUart  0x0801820c       0x5c H09R9\H09R9_uart.o
                0x0801820c                GetUart
 .text.SwapUartPins
                0x08018268      0x118 H09R9\H09R9_uart.o
                0x08018268                SwapUartPins
 .text.ReadPortsDir
                0x08018380       0xa8 H09R9\H09R9_uart.o
                0x08018380                ReadPortsDir
 .text.ReadPortsDirMSG
                0x08018428       0x80 H09R9\H09R9_uart.o
                0x08018428                ReadPortsDirMSG
 .text.UpdateMyPortsDir
                0x080184a8       0x84 H09R9\H09R9_uart.o
                0x080184a8                UpdateMyPortsDir
 .text.Reset_Handler
                0x0801852c       0x90 H09R9\startup_stm32g0b1ceuxn.o
                0x0801852c                Reset_Handler
 .text.Default_Handler
                0x080185bc        0x2 H09R9\startup_stm32g0b1ceuxn.o
                0x080185bc                I2C2_3_IRQHandler
                0x080185bc                TIM1_CC_IRQHandler
                0x080185bc                ADC1_COMP_IRQHandler
                0x080185bc                NMI_Handler
                0x080185bc                I2C1_IRQHandler
                0x080185bc                TIM7_LPTIM2_IRQHandler
                0x080185bc                TIM17_FDCAN_IT1_IRQHandler
                0x080185bc                RCC_CRS_IRQHandler
                0x080185bc                RTC_TAMP_IRQHandler
                0x080185bc                SPI1_IRQHandler
                0x080185bc                USB_UCPD1_2_IRQHandler
                0x080185bc                EXTI2_3_IRQHandler
                0x080185bc                PVD_VDDIO2_IRQHandler
                0x080185bc                EXTI4_15_IRQHandler
                0x080185bc                Default_Handler
                0x080185bc                CEC_IRQHandler
                0x080185bc                TIM14_IRQHandler
                0x080185bc                TIM15_IRQHandler
                0x080185bc                TIM3_TIM4_IRQHandler
                0x080185bc                EXTI0_1_IRQHandler
                0x080185bc                SPI2_3_IRQHandler
                0x080185bc                TIM6_DAC_LPTIM1_IRQHandler
                0x080185bc                WWDG_IRQHandler
                0x080185bc                TIM2_IRQHandler
                0x080185bc                FLASH_IRQHandler
                0x080185bc                TIM16_FDCAN_IT0_IRQHandler
                0x080185bc                TIM1_BRK_UP_TRG_COM_IRQHandler
 .text.SystemInit
                0x080185be        0xa Thirdparty\CMSIS\STM32G0xx\Device\ST\STM32G0xx\Source\Templates\system_stm32g0xx.o
                0x080185be                SystemInit
 .text.LL_CRC_ResetCRCCalculationUnit
                0x080185c8       0x1c Thirdparty\EEPROM_Emul\Core\eeprom_emul.o
 .text.LL_CRC_SetPolynomialSize
                0x080185e4       0x24 Thirdparty\EEPROM_Emul\Core\eeprom_emul.o
 .text.LL_CRC_SetPolynomialCoef
                0x08018608       0x18 Thirdparty\EEPROM_Emul\Core\eeprom_emul.o
 .text.LL_CRC_FeedData32
                0x08018620       0x18 Thirdparty\EEPROM_Emul\Core\eeprom_emul.o
 .text.LL_CRC_FeedData16
                0x08018638       0x22 Thirdparty\EEPROM_Emul\Core\eeprom_emul.o
 .text.LL_CRC_ReadData16
                0x0801865a       0x16 Thirdparty\EEPROM_Emul\Core\eeprom_emul.o
 .text.LL_AHB1_GRP1_EnableClock
                0x08018670       0x2c Thirdparty\EEPROM_Emul\Core\eeprom_emul.o
 .text.EEPROM_Init
                0x0801869c     0x1874 Thirdparty\EEPROM_Emul\Core\eeprom_emul.o
                0x0801869c                EEPROM_Init
 .text.EEPROM_Format
                0x08019f10      0x2a8 Thirdparty\EEPROM_Emul\Core\eeprom_emul.o
                0x08019f10                EEPROM_Format
 .text.EE_ReadVariable16bits
                0x0801a1b8       0x60 Thirdparty\EEPROM_Emul\Core\eeprom_emul.o
                0x0801a1b8                EE_ReadVariable16bits
 .text.EE_WriteVariable16bits
                0x0801a218       0x48 Thirdparty\EEPROM_Emul\Core\eeprom_emul.o
                0x0801a218                EE_WriteVariable16bits
 .text.EE_CleanUp
                0x0801a260      0x2a4 Thirdparty\EEPROM_Emul\Core\eeprom_emul.o
                0x0801a260                EE_CleanUp
 .text.ReadVariable
                0x0801a504      0x340 Thirdparty\EEPROM_Emul\Core\eeprom_emul.o
 .text.WriteVariable
                0x0801a844       0x52 Thirdparty\EEPROM_Emul\Core\eeprom_emul.o
 .text.VerifyPageFullyErased
                0x0801a896       0x4e Thirdparty\EEPROM_Emul\Core\eeprom_emul.o
 .text.FindPage
                0x0801a8e4      0x444 Thirdparty\EEPROM_Emul\Core\eeprom_emul.o
 .text.PagesTransfer
                0x0801ad28      0x8ec Thirdparty\EEPROM_Emul\Core\eeprom_emul.o
 .text.VerifyPagesFullWriteVariable
                0x0801b614      0x1ac Thirdparty\EEPROM_Emul\Core\eeprom_emul.o
 .text.SetPageState
                0x0801b7c0      0x364 Thirdparty\EEPROM_Emul\Core\eeprom_emul.o
 .text.GetPageState
                0x0801bb24       0xa0 Thirdparty\EEPROM_Emul\Core\eeprom_emul.o
 .text.ConfigureCrc
                0x0801bbc4       0x34 Thirdparty\EEPROM_Emul\Core\eeprom_emul.o
                0x0801bbc4                ConfigureCrc
 .text.CalculateCrc
                0x0801bbf8       0x48 Thirdparty\EEPROM_Emul\Core\eeprom_emul.o
                0x0801bbf8                CalculateCrc
 .text.FI_WriteDoubleWord
                0x0801bc40       0x22 Thirdparty\EEPROM_Emul\Porting\STM32G0\flash_interface.o
                0x0801bc40                FI_WriteDoubleWord
 *fill*         0x0801bc62        0x2 
 .text.FI_PageErase
                0x0801bc64      0x120 Thirdparty\EEPROM_Emul\Porting\STM32G0\flash_interface.o
                0x0801bc64                FI_PageErase
 .text.FI_CacheFlush
                0x0801bd84        0xa Thirdparty\EEPROM_Emul\Porting\STM32G0\flash_interface.o
                0x0801bd84                FI_CacheFlush
 *fill*         0x0801bd8e        0x2 
 .text.GetBankNumber
                0x0801bd90       0x90 Thirdparty\EEPROM_Emul\Porting\STM32G0\flash_interface.o
 .text.FI_CheckBankConfig
                0x0801be20       0x18 Thirdparty\EEPROM_Emul\Porting\STM32G0\flash_interface.o
                0x0801be20                FI_CheckBankConfig
 .text.inHandlerMode
                0x0801be38       0x1c Thirdparty\Middleware\STM32G0xx\FreeRTOS\Source\CMSIS_RTOS\cmsis_os.o
 .text.osKernelStart
                0x0801be54       0x10 Thirdparty\Middleware\STM32G0xx\FreeRTOS\Source\CMSIS_RTOS\cmsis_os.o
                0x0801be54                osKernelStart
 .text.osDelay  0x0801be64       0x28 Thirdparty\Middleware\STM32G0xx\FreeRTOS\Source\CMSIS_RTOS\cmsis_os.o
                0x0801be64                osDelay
 .text.osSemaphoreCreate
                0x0801be8c       0x4a Thirdparty\Middleware\STM32G0xx\FreeRTOS\Source\CMSIS_RTOS\cmsis_os.o
                0x0801be8c                osSemaphoreCreate
 *fill*         0x0801bed6        0x2 
 .text.osSemaphoreWait
                0x0801bed8       0x94 Thirdparty\Middleware\STM32G0xx\FreeRTOS\Source\CMSIS_RTOS\cmsis_os.o
                0x0801bed8                osSemaphoreWait
 .text.osSemaphoreRelease
                0x0801bf6c       0x64 Thirdparty\Middleware\STM32G0xx\FreeRTOS\Source\CMSIS_RTOS\cmsis_os.o
                0x0801bf6c                osSemaphoreRelease
 .text.osSystickHandler
                0x0801bfd0       0x18 Thirdparty\Middleware\STM32G0xx\FreeRTOS\Source\CMSIS_RTOS\cmsis_os.o
                0x0801bfd0                osSystickHandler
 .text.FreeRTOS_CLIRegisterCommand
                0x0801bfe8       0x50 Thirdparty\Middleware\STM32G0xx\FreeRTOS\Source\FreeRTOS_CLI.o
                0x0801bfe8                FreeRTOS_CLIRegisterCommand
 .text.FreeRTOS_CLIProcessCommand
                0x0801c038      0x11c Thirdparty\Middleware\STM32G0xx\FreeRTOS\Source\FreeRTOS_CLI.o
                0x0801c038                FreeRTOS_CLIProcessCommand
 .text.FreeRTOS_CLIGetOutputBuffer
                0x0801c154       0x10 Thirdparty\Middleware\STM32G0xx\FreeRTOS\Source\FreeRTOS_CLI.o
                0x0801c154                FreeRTOS_CLIGetOutputBuffer
 .text.FreeRTOS_CLIGetParameter
                0x0801c164       0xbc Thirdparty\Middleware\STM32G0xx\FreeRTOS\Source\FreeRTOS_CLI.o
                0x0801c164                FreeRTOS_CLIGetParameter
 .text.prvHelpCommand
                0x0801c220      0x154 Thirdparty\Middleware\STM32G0xx\FreeRTOS\Source\FreeRTOS_CLI.o
 .text.prvGetNumberOfParameters
                0x0801c374       0x7a Thirdparty\Middleware\STM32G0xx\FreeRTOS\Source\FreeRTOS_CLI.o
 .text.vListInitialise
                0x0801c3ee       0x3c Thirdparty\Middleware\STM32G0xx\FreeRTOS\Source\list.o
                0x0801c3ee                vListInitialise
 .text.vListInitialiseItem
                0x0801c42a       0x16 Thirdparty\Middleware\STM32G0xx\FreeRTOS\Source\list.o
                0x0801c42a                vListInitialiseItem
 .text.vListInsertEnd
                0x0801c440       0x44 Thirdparty\Middleware\STM32G0xx\FreeRTOS\Source\list.o
                0x0801c440                vListInsertEnd
 .text.vListInsert
                0x0801c484       0x6c Thirdparty\Middleware\STM32G0xx\FreeRTOS\Source\list.o
                0x0801c484                vListInsert
 .text.uxListRemove
                0x0801c4f0       0x50 Thirdparty\Middleware\STM32G0xx\FreeRTOS\Source\list.o
                0x0801c4f0                uxListRemove
 .text.pxPortInitialiseStack
                0x0801c540       0x54 Thirdparty\Middleware\STM32G0xx\FreeRTOS\Source\portable\GCC\ARM_CM0\port.o
                0x0801c540                pxPortInitialiseStack
 .text.prvTaskExitError
                0x0801c594       0x1e Thirdparty\Middleware\STM32G0xx\FreeRTOS\Source\portable\GCC\ARM_CM0\port.o
 .text.SVC_Handler
                0x0801c5b2        0xa Thirdparty\Middleware\STM32G0xx\FreeRTOS\Source\portable\GCC\ARM_CM0\port.o
                0x0801c5b2                SVC_Handler
 *fill*         0x0801c5bc        0x4 
 .text.vPortStartFirstTask
                0x0801c5c0       0x38 Thirdparty\Middleware\STM32G0xx\FreeRTOS\Source\portable\GCC\ARM_CM0\port.o
 .text.xPortStartScheduler
                0x0801c5f8       0x48 Thirdparty\Middleware\STM32G0xx\FreeRTOS\Source\portable\GCC\ARM_CM0\port.o
                0x0801c5f8                xPortStartScheduler
 .text.vPortYield
                0x0801c640       0x20 Thirdparty\Middleware\STM32G0xx\FreeRTOS\Source\portable\GCC\ARM_CM0\port.o
                0x0801c640                vPortYield
 .text.vPortEnterCritical
                0x0801c660       0x24 Thirdparty\Middleware\STM32G0xx\FreeRTOS\Source\portable\GCC\ARM_CM0\port.o
                0x0801c660                vPortEnterCritical
 .text.vPortExitCritical
                0x0801c684       0x24 Thirdparty\Middleware\STM32G0xx\FreeRTOS\Source\portable\GCC\ARM_CM0\port.o
                0x0801c684                vPortExitCritical
 .text.ulSetInterruptMaskFromISR
                0x0801c6a8        0xc Thirdparty\Middleware\STM32G0xx\FreeRTOS\Source\portable\GCC\ARM_CM0\port.o
                0x0801c6a8                ulSetInterruptMaskFromISR
 .text.vClearInterruptMaskFromISR
                0x0801c6b4        0x8 Thirdparty\Middleware\STM32G0xx\FreeRTOS\Source\portable\GCC\ARM_CM0\port.o
                0x0801c6b4                vClearInterruptMaskFromISR
 *fill*         0x0801c6bc        0x4 
 .text.PendSV_Handler
                0x0801c6c0       0x48 Thirdparty\Middleware\STM32G0xx\FreeRTOS\Source\portable\GCC\ARM_CM0\port.o
                0x0801c6c0                PendSV_Handler
 .text.xPortSysTickHandler
                0x0801c708       0x34 Thirdparty\Middleware\STM32G0xx\FreeRTOS\Source\portable\GCC\ARM_CM0\port.o
                0x0801c708                xPortSysTickHandler
 .text.vPortSetupTimerInterrupt
                0x0801c73c       0x44 Thirdparty\Middleware\STM32G0xx\FreeRTOS\Source\portable\GCC\ARM_CM0\port.o
                0x0801c73c                vPortSetupTimerInterrupt
 .text.pvPortMalloc
                0x0801c780      0x140 Thirdparty\Middleware\STM32G0xx\FreeRTOS\Source\portable\MemMang\heap_4.o
                0x0801c780                pvPortMalloc
 .text.vPortFree
                0x0801c8c0       0x80 Thirdparty\Middleware\STM32G0xx\FreeRTOS\Source\portable\MemMang\heap_4.o
                0x0801c8c0                vPortFree
 .text.prvHeapInit
                0x0801c940       0xc0 Thirdparty\Middleware\STM32G0xx\FreeRTOS\Source\portable\MemMang\heap_4.o
 .text.prvInsertBlockIntoFreeList
                0x0801ca00       0xb0 Thirdparty\Middleware\STM32G0xx\FreeRTOS\Source\portable\MemMang\heap_4.o
 .text.xQueueGenericReset
                0x0801cab0       0x9e Thirdparty\Middleware\STM32G0xx\FreeRTOS\Source\queue.o
                0x0801cab0                xQueueGenericReset
 .text.xQueueGenericCreate
                0x0801cb4e       0x52 Thirdparty\Middleware\STM32G0xx\FreeRTOS\Source\queue.o
                0x0801cb4e                xQueueGenericCreate
 .text.prvInitialiseNewQueue
                0x0801cba0       0x4e Thirdparty\Middleware\STM32G0xx\FreeRTOS\Source\queue.o
 .text.xQueueCreateCountingSemaphore
                0x0801cbee       0x30 Thirdparty\Middleware\STM32G0xx\FreeRTOS\Source\queue.o
                0x0801cbee                xQueueCreateCountingSemaphore
 .text.xQueueGenericSend
                0x0801cc1e      0x12a Thirdparty\Middleware\STM32G0xx\FreeRTOS\Source\queue.o
                0x0801cc1e                xQueueGenericSend
 .text.xQueueGenericSendFromISR
                0x0801cd48       0xa6 Thirdparty\Middleware\STM32G0xx\FreeRTOS\Source\queue.o
                0x0801cd48                xQueueGenericSendFromISR
 .text.xQueueGiveFromISR
                0x0801cdee       0x96 Thirdparty\Middleware\STM32G0xx\FreeRTOS\Source\queue.o
                0x0801cdee                xQueueGiveFromISR
 .text.xQueueReceive
                0x0801ce84      0x128 Thirdparty\Middleware\STM32G0xx\FreeRTOS\Source\queue.o
                0x0801ce84                xQueueReceive
 .text.xQueueSemaphoreTake
                0x0801cfac      0x178 Thirdparty\Middleware\STM32G0xx\FreeRTOS\Source\queue.o
                0x0801cfac                xQueueSemaphoreTake
 .text.xQueueReceiveFromISR
                0x0801d124       0xa0 Thirdparty\Middleware\STM32G0xx\FreeRTOS\Source\queue.o
                0x0801d124                xQueueReceiveFromISR
 .text.prvGetDisinheritPriorityAfterTimeout
                0x0801d1c4       0x2c Thirdparty\Middleware\STM32G0xx\FreeRTOS\Source\queue.o
 .text.prvCopyDataToQueue
                0x0801d1f0       0xd6 Thirdparty\Middleware\STM32G0xx\FreeRTOS\Source\queue.o
 .text.prvCopyDataFromQueue
                0x0801d2c6       0x4c Thirdparty\Middleware\STM32G0xx\FreeRTOS\Source\queue.o
 .text.prvUnlockQueue
                0x0801d312       0xbc Thirdparty\Middleware\STM32G0xx\FreeRTOS\Source\queue.o
 .text.prvIsQueueEmpty
                0x0801d3ce       0x2c Thirdparty\Middleware\STM32G0xx\FreeRTOS\Source\queue.o
 .text.prvIsQueueFull
                0x0801d3fa       0x30 Thirdparty\Middleware\STM32G0xx\FreeRTOS\Source\queue.o
 *fill*         0x0801d42a        0x2 
 .text.vQueueAddToRegistry
                0x0801d42c       0x50 Thirdparty\Middleware\STM32G0xx\FreeRTOS\Source\queue.o
                0x0801d42c                vQueueAddToRegistry
 .text.vQueueWaitForMessageRestricted
                0x0801d47c       0x66 Thirdparty\Middleware\STM32G0xx\FreeRTOS\Source\queue.o
                0x0801d47c                vQueueWaitForMessageRestricted
 .text.xTaskCreate
                0x0801d4e2       0x90 Thirdparty\Middleware\STM32G0xx\FreeRTOS\Source\tasks.o
                0x0801d4e2                xTaskCreate
 *fill*         0x0801d572        0x2 
 .text.prvInitialiseNewTask
                0x0801d574      0x10c Thirdparty\Middleware\STM32G0xx\FreeRTOS\Source\tasks.o
 .text.prvAddNewTaskToReadyList
                0x0801d680       0xd0 Thirdparty\Middleware\STM32G0xx\FreeRTOS\Source\tasks.o
 .text.vTaskDelay
                0x0801d750       0x3a Thirdparty\Middleware\STM32G0xx\FreeRTOS\Source\tasks.o
                0x0801d750                vTaskDelay
 *fill*         0x0801d78a        0x2 
 .text.eTaskGetState
                0x0801d78c       0xd0 Thirdparty\Middleware\STM32G0xx\FreeRTOS\Source\tasks.o
                0x0801d78c                eTaskGetState
 .text.uxTaskPriorityGet
                0x0801d85c       0x34 Thirdparty\Middleware\STM32G0xx\FreeRTOS\Source\tasks.o
                0x0801d85c                uxTaskPriorityGet
 .text.vTaskPrioritySet
                0x0801d890      0x110 Thirdparty\Middleware\STM32G0xx\FreeRTOS\Source\tasks.o
                0x0801d890                vTaskPrioritySet
 .text.vTaskStartScheduler
                0x0801d9a0       0x74 Thirdparty\Middleware\STM32G0xx\FreeRTOS\Source\tasks.o
                0x0801d9a0                vTaskStartScheduler
 .text.vTaskSuspendAll
                0x0801da14       0x18 Thirdparty\Middleware\STM32G0xx\FreeRTOS\Source\tasks.o
                0x0801da14                vTaskSuspendAll
 .text.xTaskResumeAll
                0x0801da2c      0x10c Thirdparty\Middleware\STM32G0xx\FreeRTOS\Source\tasks.o
                0x0801da2c                xTaskResumeAll
 .text.xTaskGetTickCount
                0x0801db38       0x1c Thirdparty\Middleware\STM32G0xx\FreeRTOS\Source\tasks.o
                0x0801db38                xTaskGetTickCount
 .text.xTaskGetTickCountFromISR
                0x0801db54       0x20 Thirdparty\Middleware\STM32G0xx\FreeRTOS\Source\tasks.o
                0x0801db54                xTaskGetTickCountFromISR
 .text.uxTaskGetSystemState
                0x0801db74      0x120 Thirdparty\Middleware\STM32G0xx\FreeRTOS\Source\tasks.o
                0x0801db74                uxTaskGetSystemState
 .text.xTaskIncrementTick
                0x0801dc94      0x150 Thirdparty\Middleware\STM32G0xx\FreeRTOS\Source\tasks.o
                0x0801dc94                xTaskIncrementTick
 .text.vTaskSwitchContext
                0x0801dde4      0x124 Thirdparty\Middleware\STM32G0xx\FreeRTOS\Source\tasks.o
                0x0801dde4                vTaskSwitchContext
 .text.vTaskPlaceOnEventList
                0x0801df08       0x34 Thirdparty\Middleware\STM32G0xx\FreeRTOS\Source\tasks.o
                0x0801df08                vTaskPlaceOnEventList
 .text.vTaskPlaceOnEventListRestricted
                0x0801df3c       0x44 Thirdparty\Middleware\STM32G0xx\FreeRTOS\Source\tasks.o
                0x0801df3c                vTaskPlaceOnEventListRestricted
 .text.xTaskRemoveFromEventList
                0x0801df80       0xb0 Thirdparty\Middleware\STM32G0xx\FreeRTOS\Source\tasks.o
                0x0801df80                xTaskRemoveFromEventList
 .text.vTaskInternalSetTimeOutState
                0x0801e030       0x28 Thirdparty\Middleware\STM32G0xx\FreeRTOS\Source\tasks.o
                0x0801e030                vTaskInternalSetTimeOutState
 .text.xTaskCheckForTimeOut
                0x0801e058       0x8c Thirdparty\Middleware\STM32G0xx\FreeRTOS\Source\tasks.o
                0x0801e058                xTaskCheckForTimeOut
 .text.vTaskMissedYield
                0x0801e0e4       0x14 Thirdparty\Middleware\STM32G0xx\FreeRTOS\Source\tasks.o
                0x0801e0e4                vTaskMissedYield
 .text.prvIdleTask
                0x0801e0f8       0x20 Thirdparty\Middleware\STM32G0xx\FreeRTOS\Source\tasks.o
 .text.prvInitialiseTaskLists
                0x0801e118       0x88 Thirdparty\Middleware\STM32G0xx\FreeRTOS\Source\tasks.o
 .text.prvCheckTasksWaitingTermination
                0x0801e1a0       0x5c Thirdparty\Middleware\STM32G0xx\FreeRTOS\Source\tasks.o
 .text.vTaskGetInfo
                0x0801e1fc       0xd8 Thirdparty\Middleware\STM32G0xx\FreeRTOS\Source\tasks.o
                0x0801e1fc                vTaskGetInfo
 .text.prvListTasksWithinSingleList
                0x0801e2d4       0xa6 Thirdparty\Middleware\STM32G0xx\FreeRTOS\Source\tasks.o
 .text.prvTaskCheckFreeStackSpace
                0x0801e37a       0x34 Thirdparty\Middleware\STM32G0xx\FreeRTOS\Source\tasks.o
 .text.prvDeleteTCB
                0x0801e3ae       0x22 Thirdparty\Middleware\STM32G0xx\FreeRTOS\Source\tasks.o
 .text.prvResetNextTaskUnblockTime
                0x0801e3d0       0x3c Thirdparty\Middleware\STM32G0xx\FreeRTOS\Source\tasks.o
 .text.xTaskGetSchedulerState
                0x0801e40c       0x38 Thirdparty\Middleware\STM32G0xx\FreeRTOS\Source\tasks.o
                0x0801e40c                xTaskGetSchedulerState
 .text.xTaskPriorityInherit
                0x0801e444       0xd0 Thirdparty\Middleware\STM32G0xx\FreeRTOS\Source\tasks.o
                0x0801e444                xTaskPriorityInherit
 .text.xTaskPriorityDisinherit
                0x0801e514       0x98 Thirdparty\Middleware\STM32G0xx\FreeRTOS\Source\tasks.o
                0x0801e514                xTaskPriorityDisinherit
 .text.vTaskPriorityDisinheritAfterTimeout
                0x0801e5ac       0xc0 Thirdparty\Middleware\STM32G0xx\FreeRTOS\Source\tasks.o
                0x0801e5ac                vTaskPriorityDisinheritAfterTimeout
 .text.prvWriteNameToBuffer
                0x0801e66c       0x52 Thirdparty\Middleware\STM32G0xx\FreeRTOS\Source\tasks.o
 *fill*         0x0801e6be        0x2 
 .text.vTaskList
                0x0801e6c0      0x14c Thirdparty\Middleware\STM32G0xx\FreeRTOS\Source\tasks.o
                0x0801e6c0                vTaskList
 .text.vTaskGetRunTimeStats
                0x0801e80c      0x118 Thirdparty\Middleware\STM32G0xx\FreeRTOS\Source\tasks.o
                0x0801e80c                vTaskGetRunTimeStats
 .text.pvTaskIncrementMutexHeldCount
                0x0801e924       0x24 Thirdparty\Middleware\STM32G0xx\FreeRTOS\Source\tasks.o
                0x0801e924                pvTaskIncrementMutexHeldCount
 .text.ulTaskNotifyTake
                0x0801e948       0x84 Thirdparty\Middleware\STM32G0xx\FreeRTOS\Source\tasks.o
                0x0801e948                ulTaskNotifyTake
 .text.xTaskGenericNotify
                0x0801e9cc      0x104 Thirdparty\Middleware\STM32G0xx\FreeRTOS\Source\tasks.o
                0x0801e9cc                xTaskGenericNotify
 .text.xTaskGenericNotifyFromISR
                0x0801ead0      0x140 Thirdparty\Middleware\STM32G0xx\FreeRTOS\Source\tasks.o
                0x0801ead0                xTaskGenericNotifyFromISR
 .text.vTaskNotifyGiveFromISR
                0x0801ec10       0xd8 Thirdparty\Middleware\STM32G0xx\FreeRTOS\Source\tasks.o
                0x0801ec10                vTaskNotifyGiveFromISR
 .text.prvAddCurrentTaskToDelayedList
                0x0801ece8       0xa8 Thirdparty\Middleware\STM32G0xx\FreeRTOS\Source\tasks.o
 .text.xTimerCreateTimerTask
                0x0801ed90       0x4c Thirdparty\Middleware\STM32G0xx\FreeRTOS\Source\timers.o
                0x0801ed90                xTimerCreateTimerTask
 .text.xTimerCreate
                0x0801eddc       0x46 Thirdparty\Middleware\STM32G0xx\FreeRTOS\Source\timers.o
                0x0801eddc                xTimerCreate
 .text.prvInitialiseNewTimer
                0x0801ee22       0x5a Thirdparty\Middleware\STM32G0xx\FreeRTOS\Source\timers.o
 .text.xTimerGenericCommand
                0x0801ee7c       0x8c Thirdparty\Middleware\STM32G0xx\FreeRTOS\Source\timers.o
                0x0801ee7c                xTimerGenericCommand
 .text.prvProcessExpiredTimer
                0x0801ef08       0x80 Thirdparty\Middleware\STM32G0xx\FreeRTOS\Source\timers.o
 .text.prvTimerTask
                0x0801ef88       0x28 Thirdparty\Middleware\STM32G0xx\FreeRTOS\Source\timers.o
 .text.prvProcessTimerOrBlockTask
                0x0801efb0       0x90 Thirdparty\Middleware\STM32G0xx\FreeRTOS\Source\timers.o
 .text.prvGetNextExpireTime
                0x0801f040       0x44 Thirdparty\Middleware\STM32G0xx\FreeRTOS\Source\timers.o
 .text.prvSampleTimeNow
                0x0801f084       0x40 Thirdparty\Middleware\STM32G0xx\FreeRTOS\Source\timers.o
 .text.prvInsertTimerInActiveList
                0x0801f0c4       0x84 Thirdparty\Middleware\STM32G0xx\FreeRTOS\Source\timers.o
 .text.prvProcessReceivedCommands
                0x0801f148      0x16c Thirdparty\Middleware\STM32G0xx\FreeRTOS\Source\timers.o
 .text.prvSwitchTimerLists
                0x0801f2b4       0xb0 Thirdparty\Middleware\STM32G0xx\FreeRTOS\Source\timers.o
 .text.prvCheckForValidListAndQueue
                0x0801f364       0x74 Thirdparty\Middleware\STM32G0xx\FreeRTOS\Source\timers.o
 .text.HAL_Init
                0x0801f3d8       0x40 Thirdparty\STM32G0xx_HAL_Driver\Src\stm32g0xx_hal.o
                0x0801f3d8                HAL_Init
 .text.HAL_InitTick
                0x0801f418       0x94 Thirdparty\STM32G0xx_HAL_Driver\Src\stm32g0xx_hal.o
                0x0801f418                HAL_InitTick
 .text.HAL_IncTick
                0x0801f4ac       0x24 Thirdparty\STM32G0xx_HAL_Driver\Src\stm32g0xx_hal.o
                0x0801f4ac                HAL_IncTick
 .text.HAL_GetTick
                0x0801f4d0       0x14 Thirdparty\STM32G0xx_HAL_Driver\Src\stm32g0xx_hal.o
                0x0801f4d0                HAL_GetTick
 .text.HAL_Delay
                0x0801f4e4       0x48 Thirdparty\STM32G0xx_HAL_Driver\Src\stm32g0xx_hal.o
                0x0801f4e4                HAL_Delay
 .text.HAL_GetREVID
                0x0801f52c       0x18 Thirdparty\STM32G0xx_HAL_Driver\Src\stm32g0xx_hal.o
                0x0801f52c                HAL_GetREVID
 .text.HAL_GetDEVID
                0x0801f544       0x18 Thirdparty\STM32G0xx_HAL_Driver\Src\stm32g0xx_hal.o
                0x0801f544                HAL_GetDEVID
 .text.LL_ADC_SetCommonPathInternalCh
                0x0801f55c       0x28 Thirdparty\STM32G0xx_HAL_Driver\Src\stm32g0xx_hal_adc.o
 .text.LL_ADC_GetCommonPathInternalCh
                0x0801f584       0x1a Thirdparty\STM32G0xx_HAL_Driver\Src\stm32g0xx_hal_adc.o
 .text.LL_ADC_REG_IsTriggerSourceSWStart
                0x0801f59e       0x22 Thirdparty\STM32G0xx_HAL_Driver\Src\stm32g0xx_hal_adc.o
 .text.LL_ADC_REG_SetSequencerRanks
                0x0801f5c0       0x40 Thirdparty\STM32G0xx_HAL_Driver\Src\stm32g0xx_hal_adc.o
 .text.LL_ADC_REG_SetSequencerChAdd
                0x0801f600       0x22 Thirdparty\STM32G0xx_HAL_Driver\Src\stm32g0xx_hal_adc.o
 .text.LL_ADC_REG_SetSequencerChRem
                0x0801f622       0x24 Thirdparty\STM32G0xx_HAL_Driver\Src\stm32g0xx_hal_adc.o
 *fill*         0x0801f646        0x2 
 .text.LL_ADC_SetChannelSamplingTime
                0x0801f648       0x38 Thirdparty\STM32G0xx_HAL_Driver\Src\stm32g0xx_hal_adc.o
 .text.LL_ADC_Enable
                0x0801f680       0x24 Thirdparty\STM32G0xx_HAL_Driver\Src\stm32g0xx_hal_adc.o
 .text.LL_ADC_Disable
                0x0801f6a4       0x24 Thirdparty\STM32G0xx_HAL_Driver\Src\stm32g0xx_hal_adc.o
 .text.LL_ADC_IsEnabled
                0x0801f6c8       0x22 Thirdparty\STM32G0xx_HAL_Driver\Src\stm32g0xx_hal_adc.o
 .text.LL_ADC_IsDisableOngoing
                0x0801f6ea       0x22 Thirdparty\STM32G0xx_HAL_Driver\Src\stm32g0xx_hal_adc.o
 .text.LL_ADC_REG_StartConversion
                0x0801f70c       0x24 Thirdparty\STM32G0xx_HAL_Driver\Src\stm32g0xx_hal_adc.o
 .text.LL_ADC_REG_StopConversion
                0x0801f730       0x24 Thirdparty\STM32G0xx_HAL_Driver\Src\stm32g0xx_hal_adc.o
 .text.LL_ADC_REG_IsConversionOngoing
                0x0801f754       0x22 Thirdparty\STM32G0xx_HAL_Driver\Src\stm32g0xx_hal_adc.o
 *fill*         0x0801f776        0x2 
 .text.HAL_ADC_Start
                0x0801f778       0x9c Thirdparty\STM32G0xx_HAL_Driver\Src\stm32g0xx_hal_adc.o
                0x0801f778                HAL_ADC_Start
 .text.HAL_ADC_Stop
                0x0801f814       0x78 Thirdparty\STM32G0xx_HAL_Driver\Src\stm32g0xx_hal_adc.o
                0x0801f814                HAL_ADC_Stop
 .text.HAL_ADC_PollForConversion
                0x0801f88c      0x128 Thirdparty\STM32G0xx_HAL_Driver\Src\stm32g0xx_hal_adc.o
                0x0801f88c                HAL_ADC_PollForConversion
 .text.HAL_ADC_GetValue
                0x0801f9b4       0x16 Thirdparty\STM32G0xx_HAL_Driver\Src\stm32g0xx_hal_adc.o
                0x0801f9b4                HAL_ADC_GetValue
 *fill*         0x0801f9ca        0x2 
 .text.HAL_ADC_ConfigChannel
                0x0801f9cc      0x3b0 Thirdparty\STM32G0xx_HAL_Driver\Src\stm32g0xx_hal_adc.o
                0x0801f9cc                HAL_ADC_ConfigChannel
 .text.ADC_ConversionStop
                0x0801fd7c       0x84 Thirdparty\STM32G0xx_HAL_Driver\Src\stm32g0xx_hal_adc.o
                0x0801fd7c                ADC_ConversionStop
 .text.ADC_Enable
                0x0801fe00      0x10c Thirdparty\STM32G0xx_HAL_Driver\Src\stm32g0xx_hal_adc.o
                0x0801fe00                ADC_Enable
 .text.ADC_Disable
                0x0801ff0c       0xbc Thirdparty\STM32G0xx_HAL_Driver\Src\stm32g0xx_hal_adc.o
                0x0801ff0c                ADC_Disable
 .text.__NVIC_EnableIRQ
                0x0801ffc8       0x34 Thirdparty\STM32G0xx_HAL_Driver\Src\stm32g0xx_hal_cortex.o
 .text.__NVIC_SetPriority
                0x0801fffc       0xdc Thirdparty\STM32G0xx_HAL_Driver\Src\stm32g0xx_hal_cortex.o
 .text.SysTick_Config
                0x080200d8       0x48 Thirdparty\STM32G0xx_HAL_Driver\Src\stm32g0xx_hal_cortex.o
 .text.HAL_NVIC_SetPriority
                0x08020120       0x2a Thirdparty\STM32G0xx_HAL_Driver\Src\stm32g0xx_hal_cortex.o
                0x08020120                HAL_NVIC_SetPriority
 .text.HAL_NVIC_EnableIRQ
                0x0802014a       0x20 Thirdparty\STM32G0xx_HAL_Driver\Src\stm32g0xx_hal_cortex.o
                0x0802014a                HAL_NVIC_EnableIRQ
 .text.HAL_SYSTICK_Config
                0x0802016a       0x1a Thirdparty\STM32G0xx_HAL_Driver\Src\stm32g0xx_hal_cortex.o
                0x0802016a                HAL_SYSTICK_Config
 .text.HAL_CRC_Init
                0x08020184       0xcc Thirdparty\STM32G0xx_HAL_Driver\Src\stm32g0xx_hal_crc.o
                0x08020184                HAL_CRC_Init
 .text.HAL_CRC_Accumulate
                0x08020250       0x8e Thirdparty\STM32G0xx_HAL_Driver\Src\stm32g0xx_hal_crc.o
                0x08020250                HAL_CRC_Accumulate
 .text.HAL_CRC_Calculate
                0x080202de       0x9e Thirdparty\STM32G0xx_HAL_Driver\Src\stm32g0xx_hal_crc.o
                0x080202de                HAL_CRC_Calculate
 .text.CRC_Handle_8
                0x0802037c      0x122 Thirdparty\STM32G0xx_HAL_Driver\Src\stm32g0xx_hal_crc.o
 .text.CRC_Handle_16
                0x0802049e       0x6e Thirdparty\STM32G0xx_HAL_Driver\Src\stm32g0xx_hal_crc.o
 .text.HAL_CRCEx_Polynomial_Set
                0x0802050c       0xea Thirdparty\STM32G0xx_HAL_Driver\Src\stm32g0xx_hal_crc_ex.o
                0x0802050c                HAL_CRCEx_Polynomial_Set
 *fill*         0x080205f6        0x2 
 .text.HAL_DMA_Init
                0x080205f8      0x158 Thirdparty\STM32G0xx_HAL_Driver\Src\stm32g0xx_hal_dma.o
                0x080205f8                HAL_DMA_Init
 .text.HAL_DMA_Start_IT
                0x08020750      0x10c Thirdparty\STM32G0xx_HAL_Driver\Src\stm32g0xx_hal_dma.o
                0x08020750                HAL_DMA_Start_IT
 .text.HAL_DMA_Abort
                0x0802085c       0xc0 Thirdparty\STM32G0xx_HAL_Driver\Src\stm32g0xx_hal_dma.o
                0x0802085c                HAL_DMA_Abort
 .text.HAL_DMA_Abort_IT
                0x0802091c       0xd0 Thirdparty\STM32G0xx_HAL_Driver\Src\stm32g0xx_hal_dma.o
                0x0802091c                HAL_DMA_Abort_IT
 .text.HAL_DMA_IRQHandler
                0x080209ec      0x188 Thirdparty\STM32G0xx_HAL_Driver\Src\stm32g0xx_hal_dma.o
                0x080209ec                HAL_DMA_IRQHandler
 .text.HAL_DMA_GetError
                0x08020b74       0x14 Thirdparty\STM32G0xx_HAL_Driver\Src\stm32g0xx_hal_dma.o
                0x08020b74                HAL_DMA_GetError
 .text.DMA_SetConfig
                0x08020b88       0x78 Thirdparty\STM32G0xx_HAL_Driver\Src\stm32g0xx_hal_dma.o
 .text.DMA_CalcDMAMUXChannelBaseAndMask
                0x08020c00       0x94 Thirdparty\STM32G0xx_HAL_Driver\Src\stm32g0xx_hal_dma.o
 .text.DMA_CalcDMAMUXRequestGenBaseAndMask
                0x08020c94       0x48 Thirdparty\STM32G0xx_HAL_Driver\Src\stm32g0xx_hal_dma.o
 .text.HAL_FLASH_Program
                0x08020cdc       0x9c Thirdparty\STM32G0xx_HAL_Driver\Src\stm32g0xx_hal_flash.o
                0x08020cdc                HAL_FLASH_Program
 .text.HAL_FLASH_Unlock
                0x08020d78       0x48 Thirdparty\STM32G0xx_HAL_Driver\Src\stm32g0xx_hal_flash.o
                0x08020d78                HAL_FLASH_Unlock
 .text.HAL_FLASH_Lock
                0x08020dc0       0x44 Thirdparty\STM32G0xx_HAL_Driver\Src\stm32g0xx_hal_flash.o
                0x08020dc0                HAL_FLASH_Lock
 .text.FLASH_WaitForLastOperation
                0x08020e04       0x9c Thirdparty\STM32G0xx_HAL_Driver\Src\stm32g0xx_hal_flash.o
                0x08020e04                FLASH_WaitForLastOperation
 .text.FLASH_Program_DoubleWord
                0x08020ea0       0x40 Thirdparty\STM32G0xx_HAL_Driver\Src\stm32g0xx_hal_flash.o
 .text.HAL_FLASHEx_Erase
                0x08020ee0       0xe0 Thirdparty\STM32G0xx_HAL_Driver\Src\stm32g0xx_hal_flash_ex.o
                0x08020ee0                HAL_FLASHEx_Erase
 .text.FLASH_MassErase
                0x08020fc0       0x28 Thirdparty\STM32G0xx_HAL_Driver\Src\stm32g0xx_hal_flash_ex.o
 .text.FLASH_PageErase
                0x08020fe8       0x58 Thirdparty\STM32G0xx_HAL_Driver\Src\stm32g0xx_hal_flash_ex.o
                0x08020fe8                FLASH_PageErase
 .text.HAL_GPIO_Init
                0x08021040      0x2d8 Thirdparty\STM32G0xx_HAL_Driver\Src\stm32g0xx_hal_gpio.o
                0x08021040                HAL_GPIO_Init
 .text.HAL_GPIO_DeInit
                0x08021318      0x1b0 Thirdparty\STM32G0xx_HAL_Driver\Src\stm32g0xx_hal_gpio.o
                0x08021318                HAL_GPIO_DeInit
 .text.HAL_GPIO_ReadPin
                0x080214c8       0x3a Thirdparty\STM32G0xx_HAL_Driver\Src\stm32g0xx_hal_gpio.o
                0x080214c8                HAL_GPIO_ReadPin
 .text.HAL_GPIO_WritePin
                0x08021502       0x3a Thirdparty\STM32G0xx_HAL_Driver\Src\stm32g0xx_hal_gpio.o
                0x08021502                HAL_GPIO_WritePin
 .text.HAL_GPIO_TogglePin
                0x0802153c       0x36 Thirdparty\STM32G0xx_HAL_Driver\Src\stm32g0xx_hal_gpio.o
                0x0802153c                HAL_GPIO_TogglePin
 *fill*         0x08021572        0x2 
 .text.HAL_I2C_Init
                0x08021574      0x14c Thirdparty\STM32G0xx_HAL_Driver\Src\stm32g0xx_hal_i2c.o
                0x08021574                HAL_I2C_Init
 .text.HAL_I2C_Master_Transmit
                0x080216c0      0x254 Thirdparty\STM32G0xx_HAL_Driver\Src\stm32g0xx_hal_i2c.o
                0x080216c0                HAL_I2C_Master_Transmit
 .text.HAL_I2C_Master_Receive
                0x08021914      0x210 Thirdparty\STM32G0xx_HAL_Driver\Src\stm32g0xx_hal_i2c.o
                0x08021914                HAL_I2C_Master_Receive
 .text.HAL_I2C_IsDeviceReady
                0x08021b24      0x1f8 Thirdparty\STM32G0xx_HAL_Driver\Src\stm32g0xx_hal_i2c.o
                0x08021b24                HAL_I2C_IsDeviceReady
 .text.I2C_Flush_TXDR
                0x08021d1c       0x44 Thirdparty\STM32G0xx_HAL_Driver\Src\stm32g0xx_hal_i2c.o
 .text.I2C_WaitOnFlagUntilTimeout
                0x08021d60       0xb0 Thirdparty\STM32G0xx_HAL_Driver\Src\stm32g0xx_hal_i2c.o
 .text.I2C_WaitOnTXISFlagUntilTimeout
                0x08021e10       0x8c Thirdparty\STM32G0xx_HAL_Driver\Src\stm32g0xx_hal_i2c.o
 .text.I2C_WaitOnSTOPFlagUntilTimeout
                0x08021e9c       0x86 Thirdparty\STM32G0xx_HAL_Driver\Src\stm32g0xx_hal_i2c.o
 *fill*         0x08021f22        0x2 
 .text.I2C_WaitOnRXNEFlagUntilTimeout
                0x08021f24      0x13c Thirdparty\STM32G0xx_HAL_Driver\Src\stm32g0xx_hal_i2c.o
 .text.I2C_IsErrorOccurred
                0x08022060      0x200 Thirdparty\STM32G0xx_HAL_Driver\Src\stm32g0xx_hal_i2c.o
 .text.I2C_TransferConfig
                0x08022260       0x74 Thirdparty\STM32G0xx_HAL_Driver\Src\stm32g0xx_hal_i2c.o
 .text.HAL_I2CEx_ConfigAnalogFilter
                0x080222d4       0x98 Thirdparty\STM32G0xx_HAL_Driver\Src\stm32g0xx_hal_i2c_ex.o
                0x080222d4                HAL_I2CEx_ConfigAnalogFilter
 .text.HAL_I2CEx_ConfigDigitalFilter
                0x0802236c       0x98 Thirdparty\STM32G0xx_HAL_Driver\Src\stm32g0xx_hal_i2c_ex.o
                0x0802236c                HAL_I2CEx_ConfigDigitalFilter
 .text.HAL_MspInit
                0x08022404        0xa Thirdparty\STM32G0xx_HAL_Driver\Src\stm32g0xx_hal_msp_template.o
                0x08022404                HAL_MspInit
 *fill*         0x0802240e        0x2 
 .text.HAL_PWR_EnableWakeUpPin
                0x08022410       0x40 Thirdparty\STM32G0xx_HAL_Driver\Src\stm32g0xx_hal_pwr.o
                0x08022410                HAL_PWR_EnableWakeUpPin
 .text.HAL_PWR_DisableWakeUpPin
                0x08022450       0x28 Thirdparty\STM32G0xx_HAL_Driver\Src\stm32g0xx_hal_pwr.o
                0x08022450                HAL_PWR_DisableWakeUpPin
 .text.HAL_PWR_EnterSTOPMode
                0x08022478       0x70 Thirdparty\STM32G0xx_HAL_Driver\Src\stm32g0xx_hal_pwr.o
                0x08022478                HAL_PWR_EnterSTOPMode
 .text.HAL_PWR_EnterSTANDBYMode
                0x080224e8       0x34 Thirdparty\STM32G0xx_HAL_Driver\Src\stm32g0xx_hal_pwr.o
                0x080224e8                HAL_PWR_EnterSTANDBYMode
 .text.HAL_PWREx_EnableSRAMRetention
                0x0802251c       0x1c Thirdparty\STM32G0xx_HAL_Driver\Src\stm32g0xx_hal_pwr_ex.o
                0x0802251c                HAL_PWREx_EnableSRAMRetention
 .text.HAL_PWREx_ControlVoltageScaling
                0x08022538       0x80 Thirdparty\STM32G0xx_HAL_Driver\Src\stm32g0xx_hal_pwr_ex.o
                0x08022538                HAL_PWREx_ControlVoltageScaling
 .text.LL_RCC_GetAPB1Prescaler
                0x080225b8       0x18 Thirdparty\STM32G0xx_HAL_Driver\Src\stm32g0xx_hal_rcc.o
 .text.HAL_RCC_OscConfig
                0x080225d0      0x6c0 Thirdparty\STM32G0xx_HAL_Driver\Src\stm32g0xx_hal_rcc.o
                0x080225d0                HAL_RCC_OscConfig
 .text.HAL_RCC_ClockConfig
                0x08022c90      0x210 Thirdparty\STM32G0xx_HAL_Driver\Src\stm32g0xx_hal_rcc.o
                0x08022c90                HAL_RCC_ClockConfig
 .text.HAL_RCC_GetSysClockFreq
                0x08022ea0      0x104 Thirdparty\STM32G0xx_HAL_Driver\Src\stm32g0xx_hal_rcc.o
                0x08022ea0                HAL_RCC_GetSysClockFreq
 .text.HAL_RCC_GetHCLKFreq
                0x08022fa4       0x14 Thirdparty\STM32G0xx_HAL_Driver\Src\stm32g0xx_hal_rcc.o
                0x08022fa4                HAL_RCC_GetHCLKFreq
 .text.HAL_RCC_GetPCLK1Freq
                0x08022fb8       0x2c Thirdparty\STM32G0xx_HAL_Driver\Src\stm32g0xx_hal_rcc.o
                0x08022fb8                HAL_RCC_GetPCLK1Freq
 .text.HAL_RCCEx_PeriphCLKConfig
                0x08022fe4      0x478 Thirdparty\STM32G0xx_HAL_Driver\Src\stm32g0xx_hal_rcc_ex.o
                0x08022fe4                HAL_RCCEx_PeriphCLKConfig
 .text.HAL_RTC_Init
                0x0802345c      0x144 Thirdparty\STM32G0xx_HAL_Driver\Src\stm32g0xx_hal_rtc.o
                0x0802345c                HAL_RTC_Init
 .text.HAL_RTC_MspInit
                0x080235a0       0x10 Thirdparty\STM32G0xx_HAL_Driver\Src\stm32g0xx_hal_rtc.o
                0x080235a0                HAL_RTC_MspInit
 .text.HAL_RTC_SetTime
                0x080235b0      0x150 Thirdparty\STM32G0xx_HAL_Driver\Src\stm32g0xx_hal_rtc.o
                0x080235b0                HAL_RTC_SetTime
 .text.HAL_RTC_GetTime
                0x08023700       0xb8 Thirdparty\STM32G0xx_HAL_Driver\Src\stm32g0xx_hal_rtc.o
                0x08023700                HAL_RTC_GetTime
 .text.HAL_RTC_SetDate
                0x080237b8      0x124 Thirdparty\STM32G0xx_HAL_Driver\Src\stm32g0xx_hal_rtc.o
                0x080237b8                HAL_RTC_SetDate
 .text.HAL_RTC_GetDate
                0x080238dc       0x9c Thirdparty\STM32G0xx_HAL_Driver\Src\stm32g0xx_hal_rtc.o
                0x080238dc                HAL_RTC_GetDate
 .text.HAL_RTC_WaitForSynchro
                0x08023978       0x4c Thirdparty\STM32G0xx_HAL_Driver\Src\stm32g0xx_hal_rtc.o
                0x08023978                HAL_RTC_WaitForSynchro
 .text.RTC_EnterInitMode
                0x080239c4       0x84 Thirdparty\STM32G0xx_HAL_Driver\Src\stm32g0xx_hal_rtc.o
                0x080239c4                RTC_EnterInitMode
 .text.RTC_ExitInitMode
                0x08023a48       0x88 Thirdparty\STM32G0xx_HAL_Driver\Src\stm32g0xx_hal_rtc.o
                0x08023a48                RTC_ExitInitMode
 .text.RTC_ByteToBcd2
                0x08023ad0       0x50 Thirdparty\STM32G0xx_HAL_Driver\Src\stm32g0xx_hal_rtc.o
                0x08023ad0                RTC_ByteToBcd2
 .text.RTC_Bcd2ToByte
                0x08023b20       0x3a Thirdparty\STM32G0xx_HAL_Driver\Src\stm32g0xx_hal_rtc.o
                0x08023b20                RTC_Bcd2ToByte
 .text.HAL_RTCEx_BKUPWrite
                0x08023b5a       0x3a Thirdparty\STM32G0xx_HAL_Driver\Src\stm32g0xx_hal_rtc_ex.o
                0x08023b5a                HAL_RTCEx_BKUPWrite
 .text.HAL_RTCEx_BKUPRead
                0x08023b94       0x36 Thirdparty\STM32G0xx_HAL_Driver\Src\stm32g0xx_hal_rtc_ex.o
                0x08023b94                HAL_RTCEx_BKUPRead
 .text.HAL_TIM_Base_Init
                0x08023bca       0xb0 Thirdparty\STM32G0xx_HAL_Driver\Src\stm32g0xx_hal_tim.o
                0x08023bca                HAL_TIM_Base_Init
 .text.HAL_TIM_Base_MspInit
                0x08023c7a       0x10 Thirdparty\STM32G0xx_HAL_Driver\Src\stm32g0xx_hal_tim.o
                0x08023c7a                HAL_TIM_Base_MspInit
 *fill*         0x08023c8a        0x2 
 .text.HAL_TIM_Base_Start
                0x08023c8c       0xb4 Thirdparty\STM32G0xx_HAL_Driver\Src\stm32g0xx_hal_tim.o
                0x08023c8c                HAL_TIM_Base_Start
 .text.TIM_Base_SetConfig
                0x08023d40      0x130 Thirdparty\STM32G0xx_HAL_Driver\Src\stm32g0xx_hal_tim.o
                0x08023d40                TIM_Base_SetConfig
 .text.HAL_UART_Init
                0x08023e70       0xac Thirdparty\STM32G0xx_HAL_Driver\Src\stm32g0xx_hal_uart.o
                0x08023e70                HAL_UART_Init
 .text.HAL_UART_DeInit
                0x08023f1c       0x80 Thirdparty\STM32G0xx_HAL_Driver\Src\stm32g0xx_hal_uart.o
                0x08023f1c                HAL_UART_DeInit
 .text.HAL_UART_MspDeInit
                0x08023f9c       0x10 Thirdparty\STM32G0xx_HAL_Driver\Src\stm32g0xx_hal_uart.o
                0x08023f9c                HAL_UART_MspDeInit
 .text.HAL_UART_Transmit
                0x08023fac      0x148 Thirdparty\STM32G0xx_HAL_Driver\Src\stm32g0xx_hal_uart.o