Archive member included to satisfy reference by file (symbol)

c:/st/stm32cubeide_1.5.1/stm32cubeide/plugins/com.st.stm32cube.ide.mcu.externaltools.gnu-tools-for-stm32.7-2018-q2-update.win32_1.5.0.202011040924/tools/bin/../lib/gcc/arm-none-eabi/7.3.1/../../../../arm-none-eabi/lib/thumb/v6-m\libc.a(lib_a-atof.o)
                              BOS\BOS_CLI.o (atof)
c:/st/stm32cubeide_1.5.1/stm32cubeide/plugins/com.st.stm32cube.ide.mcu.externaltools.gnu-tools-for-stm32.7-2018-q2-update.win32_1.5.0.202011040924/tools/bin/../lib/gcc/arm-none-eabi/7.3.1/../../../../arm-none-eabi/lib/thumb/v6-m\libc.a(lib_a-atoi.o)
                              BOS\BOS_CLI.o (atoi)
c:/st/stm32cubeide_1.5.1/stm32cubeide/plugins/com.st.stm32cube.ide.mcu.externaltools.gnu-tools-for-stm32.7-2018-q2-update.win32_1.5.0.202011040924/tools/bin/../lib/gcc/arm-none-eabi/7.3.1/../../../../arm-none-eabi/lib/thumb/v6-m\libc.a(lib_a-atol.o)
                              BOS\BOS.o (atol)
c:/st/stm32cubeide_1.5.1/stm32cubeide/plugins/com.st.stm32cube.ide.mcu.externaltools.gnu-tools-for-stm32.7-2018-q2-update.win32_1.5.0.202011040924/tools/bin/../lib/gcc/arm-none-eabi/7.3.1/../../../../arm-none-eabi/lib/thumb/v6-m\libc.a(lib_a-calloc.o)
                              BOS\BOS.o (calloc)
c:/st/stm32cubeide_1.5.1/stm32cubeide/plugins/com.st.stm32cube.ide.mcu.externaltools.gnu-tools-for-stm32.7-2018-q2-update.win32_1.5.0.202011040924/tools/bin/../lib/gcc/arm-none-eabi/7.3.1/../../../../arm-none-eabi/lib/thumb/v6-m\libc.a(lib_a-callocr.o)
                              c:/st/stm32cubeide_1.5.1/stm32cubeide/plugins/com.st.stm32cube.ide.mcu.externaltools.gnu-tools-for-stm32.7-2018-q2-update.win32_1.5.0.202011040924/tools/bin/../lib/gcc/arm-none-eabi/7.3.1/../../../../arm-none-eabi/lib/thumb/v6-m\libc.a(lib_a-calloc.o) (_calloc_r)
c:/st/stm32cubeide_1.5.1/stm32cubeide/plugins/com.st.stm32cube.ide.mcu.externaltools.gnu-tools-for-stm32.7-2018-q2-update.win32_1.5.0.202011040924/tools/bin/../lib/gcc/arm-none-eabi/7.3.1/../../../../arm-none-eabi/lib/thumb/v6-m\libc.a(lib_a-exit.o)
                              c:/st/stm32cubeide_1.5.1/stm32cubeide/plugins/com.st.stm32cube.ide.mcu.externaltools.gnu-tools-for-stm32.7-2018-q2-update.win32_1.5.0.202011040924/tools/bin/../lib/gcc/arm-none-eabi/7.3.1/../../../../arm-none-eabi/lib/thumb/v6-m/crt0.o (exit)
c:/st/stm32cubeide_1.5.1/stm32cubeide/plugins/com.st.stm32cube.ide.mcu.externaltools.gnu-tools-for-stm32.7-2018-q2-update.win32_1.5.0.202011040924/tools/bin/../lib/gcc/arm-none-eabi/7.3.1/../../../../arm-none-eabi/lib/thumb/v6-m\libc.a(lib_a-impure.o)
                              c:/st/stm32cubeide_1.5.1/stm32cubeide/plugins/com.st.stm32cube.ide.mcu.externaltools.gnu-tools-for-stm32.7-2018-q2-update.win32_1.5.0.202011040924/tools/bin/../lib/gcc/arm-none-eabi/7.3.1/../../../../arm-none-eabi/lib/thumb/v6-m\libc.a(lib_a-exit.o) (_global_impure_ptr)
c:/st/stm32cubeide_1.5.1/stm32cubeide/plugins/com.st.stm32cube.ide.mcu.externaltools.gnu-tools-for-stm32.7-2018-q2-update.win32_1.5.0.202011040924/tools/bin/../lib/gcc/arm-none-eabi/7.3.1/../../../../arm-none-eabi/lib/thumb/v6-m\libc.a(lib_a-init.o)
                              c:/st/stm32cubeide_1.5.1/stm32cubeide/plugins/com.st.stm32cube.ide.mcu.externaltools.gnu-tools-for-stm32.7-2018-q2-update.win32_1.5.0.202011040924/tools/bin/../lib/gcc/arm-none-eabi/7.3.1/../../../../arm-none-eabi/lib/thumb/v6-m/crt0.o (__libc_init_array)
c:/st/stm32cubeide_1.5.1/stm32cubeide/plugins/com.st.stm32cube.ide.mcu.externaltools.gnu-tools-for-stm32.7-2018-q2-update.win32_1.5.0.202011040924/tools/bin/../lib/gcc/arm-none-eabi/7.3.1/../../../../arm-none-eabi/lib/thumb/v6-m\libc.a(lib_a-locale.o)
                              BOS\BOS_CLI.o (__locale_ctype_ptr)
c:/st/stm32cubeide_1.5.1/stm32cubeide/plugins/com.st.stm32cube.ide.mcu.externaltools.gnu-tools-for-stm32.7-2018-q2-update.win32_1.5.0.202011040924/tools/bin/../lib/gcc/arm-none-eabi/7.3.1/../../../../arm-none-eabi/lib/thumb/v6-m\libc.a(lib_a-malloc.o)
                              BOS\BOS.o (malloc)
c:/st/stm32cubeide_1.5.1/stm32cubeide/plugins/com.st.stm32cube.ide.mcu.externaltools.gnu-tools-for-stm32.7-2018-q2-update.win32_1.5.0.202011040924/tools/bin/../lib/gcc/arm-none-eabi/7.3.1/../../../../arm-none-eabi/lib/thumb/v6-m\libc.a(lib_a-mallocr.o)
                              c:/st/stm32cubeide_1.5.1/stm32cubeide/plugins/com.st.stm32cube.ide.mcu.externaltools.gnu-tools-for-stm32.7-2018-q2-update.win32_1.5.0.202011040924/tools/bin/../lib/gcc/arm-none-eabi/7.3.1/../../../../arm-none-eabi/lib/thumb/v6-m\libc.a(lib_a-callocr.o) (_malloc_r)
c:/st/stm32cubeide_1.5.1/stm32cubeide/plugins/com.st.stm32cube.ide.mcu.externaltools.gnu-tools-for-stm32.7-2018-q2-update.win32_1.5.0.202011040924/tools/bin/../lib/gcc/arm-none-eabi/7.3.1/../../../../arm-none-eabi/lib/thumb/v6-m\libc.a(lib_a-mbtowc_r.o)
[...]
Memory Configuration

Name             Origin             Length             Attributes
RAM              0x0000000020000000 0x0000000000008000 xrw
FLASH            0x0000000008000000 0x0000000000020000 xr
*default*        0x0000000000000000 0xffffffffffffffff

Linker script and memory map

LOAD c:/st/stm32cubeide_1.5.1/stm32cubeide/plugins/com.st.stm32cube.ide.mcu.externaltools.gnu-tools-for-stm32.7-2018-q2-update.win32_1.5.0.202011040924/tools/bin/../lib/gcc/arm-none-eabi/7.3.1/thumb/v6-m/crti.o
LOAD c:/st/stm32cubeide_1.5.1/stm32cubeide/plugins/com.st.stm32cube.ide.mcu.externaltools.gnu-tools-for-stm32.7-2018-q2-update.win32_1.5.0.202011040924/tools/bin/../lib/gcc/arm-none-eabi/7.3.1/thumb/v6-m/crtbegin.o
LOAD c:/st/stm32cubeide_1.5.1/stm32cubeide/plugins/com.st.stm32cube.ide.mcu.externaltools.gnu-tools-for-stm32.7-2018-q2-update.win32_1.5.0.202011040924/tools/bin/../lib/gcc/arm-none-eabi/7.3.1/../../../../arm-none-eabi/lib/thumb/v6-m/crt0.o
LOAD BOS\BOS.o
LOAD BOS\BOS_CLI.o
LOAD BOS\BOS_CLIcommands.o
LOAD BOS\BOS_dma.o
LOAD BOS\BOS_freertos.o
LOAD BOS\BOS_messaging.o
LOAD BOS\BOS_msgparser.o
LOAD H09R9x\H09R9.o
LOAD H09R9x\H09R9_dma.o
LOAD H09R9x\H09R9_eeprom.o
LOAD H09R9x\H09R9_gpio.o
LOAD H09R9x\H09R9_i2c.o
LOAD H09R9x\H09R9_inputs.o
LOAD H09R9x\H09R9_it.o
LOAD H09R9x\H09R9_rtc.o
LOAD H09R9x\H09R9_timers.o
LOAD H09R9x\H09R9_uart.o
LOAD H09R9x\startup_stm32f091xc.o
LOAD Thirdparty\CMSIS\STM32F0xx\Device\ST\STM32F0xx\Source\Templates\system_stm32f0xx.o
LOAD Thirdparty\Middleware\STM32F0xx\FreeRTOS\Source\CMSIS_RTOS\cmsis_os.o
LOAD Thirdparty\Middleware\STM32F0xx\FreeRTOS\Source\FreeRTOS_CLI.o
LOAD Thirdparty\Middleware\STM32F0xx\FreeRTOS\Source\croutine.o
LOAD Thirdparty\Middleware\STM32F0xx\FreeRTOS\Source\event_groups.o
LOAD Thirdparty\Middleware\STM32F0xx\FreeRTOS\Source\list.o
LOAD Thirdparty\Middleware\STM32F0xx\FreeRTOS\Source\portable\GCC\ARM_CM0\port.o
LOAD Thirdparty\Middleware\STM32F0xx\FreeRTOS\Source\portable\MemMang\heap_4.o
LOAD Thirdparty\Middleware\STM32F0xx\FreeRTOS\Source\queue.o
LOAD Thirdparty\Middleware\STM32F0xx\FreeRTOS\Source\tasks.o
LOAD Thirdparty\Middleware\STM32F0xx\FreeRTOS\Source\timers.o
LOAD Thirdparty\STM32F0xx_HAL_Driver\Src\stm32f0xx_hal.o
LOAD Thirdparty\STM32F0xx_HAL_Driver\Src\stm32f0xx_hal_adc.o
LOAD Thirdparty\STM32F0xx_HAL_Driver\Src\stm32f0xx_hal_adc_ex.o
LOAD Thirdparty\STM32F0xx_HAL_Driver\Src\stm32f0xx_hal_can.o
LOAD Thirdparty\STM32F0xx_HAL_Driver\Src\stm32f0xx_hal_cec.o
LOAD Thirdparty\STM32F0xx_HAL_Driver\Src\stm32f0xx_hal_comp.o
LOAD Thirdparty\STM32F0xx_HAL_Driver\Src\stm32f0xx_hal_cortex.o
LOAD Thirdparty\STM32F0xx_HAL_Driver\Src\stm32f0xx_hal_crc.o
LOAD Thirdparty\STM32F0xx_HAL_Driver\Src\stm32f0xx_hal_crc_ex.o
LOAD Thirdparty\STM32F0xx_HAL_Driver\Src\stm32f0xx_hal_dac.o
LOAD Thirdparty\STM32F0xx_HAL_Driver\Src\stm32f0xx_hal_dac_ex.o
LOAD Thirdparty\STM32F0xx_HAL_Driver\Src\stm32f0xx_hal_dma.o
LOAD Thirdparty\STM32F0xx_HAL_Driver\Src\stm32f0xx_hal_flash.o
LOAD Thirdparty\STM32F0xx_HAL_Driver\Src\stm32f0xx_hal_flash_ex.o
LOAD Thirdparty\STM32F0xx_HAL_Driver\Src\stm32f0xx_hal_gpio.o
LOAD Thirdparty\STM32F0xx_HAL_Driver\Src\stm32f0xx_hal_i2c.o
LOAD Thirdparty\STM32F0xx_HAL_Driver\Src\stm32f0xx_hal_i2c_ex.o
LOAD Thirdparty\STM32F0xx_HAL_Driver\Src\stm32f0xx_hal_i2s.o
LOAD Thirdparty\STM32F0xx_HAL_Driver\Src\stm32f0xx_hal_irda.o
LOAD Thirdparty\STM32F0xx_HAL_Driver\Src\stm32f0xx_hal_iwdg.o
LOAD Thirdparty\STM32F0xx_HAL_Driver\Src\stm32f0xx_hal_msp_template.o
LOAD Thirdparty\STM32F0xx_HAL_Driver\Src\stm32f0xx_hal_pcd.o
LOAD Thirdparty\STM32F0xx_HAL_Driver\Src\stm32f0xx_hal_pcd_ex.o
LOAD Thirdparty\STM32F0xx_HAL_Driver\Src\stm32f0xx_hal_pwr.o
LOAD Thirdparty\STM32F0xx_HAL_Driver\Src\stm32f0xx_hal_pwr_ex.o
LOAD Thirdparty\STM32F0xx_HAL_Driver\Src\stm32f0xx_hal_rcc.o
LOAD Thirdparty\STM32F0xx_HAL_Driver\Src\stm32f0xx_hal_rcc_ex.o
LOAD Thirdparty\STM32F0xx_HAL_Driver\Src\stm32f0xx_hal_rtc.o
LOAD Thirdparty\STM32F0xx_HAL_Driver\Src\stm32f0xx_hal_rtc_ex.o
LOAD Thirdparty\STM32F0xx_HAL_Driver\Src\stm32f0xx_hal_smartcard.o
LOAD Thirdparty\STM32F0xx_HAL_Driver\Src\stm32f0xx_hal_smartcard_ex.o
LOAD Thirdparty\STM32F0xx_HAL_Driver\Src\stm32f0xx_hal_smbus.o
LOAD Thirdparty\STM32F0xx_HAL_Driver\Src\stm32f0xx_hal_spi.o
LOAD Thirdparty\STM32F0xx_HAL_Driver\Src\stm32f0xx_hal_spi_ex.o
LOAD Thirdparty\STM32F0xx_HAL_Driver\Src\stm32f0xx_hal_tim.o
LOAD Thirdparty\STM32F0xx_HAL_Driver\Src\stm32f0xx_hal_tim_ex.o
LOAD Thirdparty\STM32F0xx_HAL_Driver\Src\stm32f0xx_hal_tsc.o
LOAD Thirdparty\STM32F0xx_HAL_Driver\Src\stm32f0xx_hal_uart.o
LOAD Thirdparty\STM32F0xx_HAL_Driver\Src\stm32f0xx_hal_uart_ex.o
LOAD Thirdparty\STM32F0xx_HAL_Driver\Src\stm32f0xx_hal_usart.o
LOAD Thirdparty\STM32F0xx_HAL_Driver\Src\stm32f0xx_hal_wwdg.o
LOAD User\main.o
START GROUP
LOAD c:/st/stm32cubeide_1.5.1/stm32cubeide/plugins/com.st.stm32cube.ide.mcu.externaltools.gnu-tools-for-stm32.7-2018-q2-update.win32_1.5.0.202011040924/tools/bin/../lib/gcc/arm-none-eabi/7.3.1/../../../../arm-none-eabi/lib/thumb/v6-m\libc.a
LOAD c:/st/stm32cubeide_1.5.1/stm32cubeide/plugins/com.st.stm32cube.ide.mcu.externaltools.gnu-tools-for-stm32.7-2018-q2-update.win32_1.5.0.202011040924/tools/bin/../lib/gcc/arm-none-eabi/7.3.1/../../../../arm-none-eabi/lib/thumb/v6-m\libm.a
END GROUP
START GROUP
LOAD c:/st/stm32cubeide_1.5.1/stm32cubeide/plugins/com.st.stm32cube.ide.mcu.externaltools.gnu-tools-for-stm32.7-2018-q2-update.win32_1.5.0.202011040924/tools/bin/../lib/gcc/arm-none-eabi/7.3.1/thumb/v6-m\libgcc.a
LOAD c:/st/stm32cubeide_1.5.1/stm32cubeide/plugins/com.st.stm32cube.ide.mcu.externaltools.gnu-tools-for-stm32.7-2018-q2-update.win32_1.5.0.202011040924/tools/bin/../lib/gcc/arm-none-eabi/7.3.1/../../../../arm-none-eabi/lib/thumb/v6-m\libc.a
END GROUP
START GROUP
LOAD c:/st/stm32cubeide_1.5.1/stm32cubeide/plugins/com.st.stm32cube.ide.mcu.externaltools.gnu-tools-for-stm32.7-2018-q2-update.win32_1.5.0.202011040924/tools/bin/../lib/gcc/arm-none-eabi/7.3.1/thumb/v6-m\libgcc.a
LOAD c:/st/stm32cubeide_1.5.1/stm32cubeide/plugins/com.st.stm32cube.ide.mcu.externaltools.gnu-tools-for-stm32.7-2018-q2-update.win32_1.5.0.202011040924/tools/bin/../lib/gcc/arm-none-eabi/7.3.1/../../../../arm-none-eabi/lib/thumb/v6-m\libc.a
LOAD c:/st/stm32cubeide_1.5.1/stm32cubeide/plugins/com.st.stm32cube.ide.mcu.externaltools.gnu-tools-for-stm32.7-2018-q2-update.win32_1.5.0.202011040924/tools/bin/../lib/gcc/arm-none-eabi/7.3.1/../../../../arm-none-eabi/lib/thumb/v6-m\libnosys.a
END GROUP
LOAD c:/st/stm32cubeide_1.5.1/stm32cubeide/plugins/com.st.stm32cube.ide.mcu.externaltools.gnu-tools-for-stm32.7-2018-q2-update.win32_1.5.0.202011040924/tools/bin/../lib/gcc/arm-none-eabi/7.3.1/thumb/v6-m/crtend.o
LOAD c:/st/stm32cubeide_1.5.1/stm32cubeide/plugins/com.st.stm32cube.ide.mcu.externaltools.gnu-tools-for-stm32.7-2018-q2-update.win32_1.5.0.202011040924/tools/bin/../lib/gcc/arm-none-eabi/7.3.1/thumb/v6-m/crtn.o
                0x0000000020008000                _estack = 0x20008000
                0x0000000000000200                _Min_Heap_Size = 0x200
                0x0000000000000400                _Min_Stack_Size = 0x400

.isr_vector     0x0000000008000000       0xbc
                0x0000000008000000                . = ALIGN (0x4)
 *(.isr_vector)
 .isr_vector    0x0000000008000000       0xbc H09R9x\startup_stm32f091xc.o
                0x0000000008000000                g_pfnVectors
                0x00000000080000bc                . = ALIGN (0x4)

.text           0x00000000080000bc    0x18530
                0x00000000080000bc                . = ALIGN (0x4)
 *(.text)
 .text          0x00000000080000bc       0x48 c:/st/stm32cubeide_1.5.1/stm32cubeide/plugins/com.st.stm32cube.ide.mcu.externaltools.gnu-tools-for-stm32.7-2018-q2-update.win32_1.5.0.202011040924/tools/bin/../lib/gcc/arm-none-eabi/7.3.1/thumb/v6-m/crtbegin.o
 .text          0x0000000008000104       0x14 c:/st/stm32cubeide_1.5.1/stm32cubeide/plugins/com.st.stm32cube.ide.mcu.externaltools.gnu-tools-for-stm32.7-2018-q2-update.win32_1.5.0.202011040924/tools/bin/../lib/gcc/arm-none-eabi/7.3.1/../../../../arm-none-eabi/lib/thumb/v6-m\libc.a(lib_a-strcmp.o)
                0x0000000008000104                strcmp
 .text          0x0000000008000118        0xe c:/st/stm32cubeide_1.5.1/stm32cubeide/plugins/com.st.stm32cube.ide.mcu.externaltools.gnu-tools-for-stm32.7-2018-q2-update.win32_1.5.0.202011040924/tools/bin/../lib/gcc/arm-none-eabi/7.3.1/../../../../arm-none-eabi/lib/thumb/v6-m\libc.a(lib_a-strlen.o)
                0x0000000008000118                strlen
 *fill*         0x0000000008000126        0x2 
 .text          0x0000000008000128       0x14 c:/st/stm32cubeide_1.5.1/stm32cubeide/plugins/com.st.stm32cube.ide.mcu.externaltools.gnu-tools-for-stm32.7-2018-q2-update.win32_1.5.0.202011040924/tools/bin/../lib/gcc/arm-none-eabi/7.3.1/thumb/v6-m\libgcc.a(_thumb1_case_uqi.o)
                0x0000000008000128                __gnu_thumb1_case_uqi
 .text          0x000000000800013c       0x14 c:/st/stm32cubeide_1.5.1/stm32cubeide/plugins/com.st.stm32cube.ide.mcu.externaltools.gnu-tools-for-stm32.7-2018-q2-update.win32_1.5.0.202011040924/tools/bin/../lib/gcc/arm-none-eabi/7.3.1/thumb/v6-m\libgcc.a(_thumb1_case_shi.o)
                0x000000000800013c                __gnu_thumb1_case_shi
 .text          0x0000000008000150      0x114 c:/st/stm32cubeide_1.5.1/stm32cubeide/plugins/com.st.stm32cube.ide.mcu.externaltools.gnu-tools-for-stm32.7-2018-q2-update.win32_1.5.0.202011040924/tools/bin/../lib/gcc/arm-none-eabi/7.3.1/thumb/v6-m\libgcc.a(_udivsi3.o)
                0x0000000008000150                __aeabi_uidiv
                0x0000000008000150                __udivsi3
                0x000000000800025c                __aeabi_uidivmod
 .text          0x0000000008000264      0x1d4 c:/st/stm32cubeide_1.5.1/stm32cubeide/plugins/com.st.stm32cube.ide.mcu.externaltools.gnu-tools-for-stm32.7-2018-q2-update.win32_1.5.0.202011040924/tools/bin/../lib/gcc/arm-none-eabi/7.3.1/thumb/v6-m\libgcc.a(_divsi3.o)
                0x0000000008000264                __divsi3
                0x0000000008000264                __aeabi_idiv
                0x0000000008000430                __aeabi_idivmod
 .text          0x0000000008000438        0x4 c:/st/stm32cubeide_1.5.1/stm32cubeide/plugins/com.st.stm32cube.ide.mcu.externaltools.gnu-tools-for-stm32.7-2018-q2-update.win32_1.5.0.202011040924/tools/bin/../lib/gcc/arm-none-eabi/7.3.1/thumb/v6-m\libgcc.a(_dvmd_tls.o)
                0x0000000008000438                __aeabi_idiv0
                0x0000000008000438                __aeabi_ldiv0
 .text          0x000000000800043c       0x7c c:/st/stm32cubeide_1.5.1/stm32cubeide/plugins/com.st.stm32cube.ide.mcu.externaltools.gnu-tools-for-stm32.7-2018-q2-update.win32_1.5.0.202011040924/tools/bin/../lib/gcc/arm-none-eabi/7.3.1/thumb/v6-m\libgcc.a(_arm_cmpdf2.o)
                0x000000000800043c                __aeabi_cdrcmple
                0x000000000800044c                __aeabi_cdcmple
                0x000000000800044c                __aeabi_cdcmpeq
                0x000000000800045c                __aeabi_dcmpeq
                0x0000000008000468                __aeabi_dcmplt
                0x000000000800047c                __aeabi_dcmple
                0x0000000008000490                __aeabi_dcmpgt
                0x00000000080004a4                __aeabi_dcmpge
 .text          0x00000000080004b8       0x74 c:/st/stm32cubeide_1.5.1/stm32cubeide/plugins/com.st.stm32cube.ide.mcu.externaltools.gnu-tools-for-stm32.7-2018-q2-update.win32_1.5.0.202011040924/tools/bin/../lib/gcc/arm-none-eabi/7.3.1/thumb/v6-m\libgcc.a(_arm_cmpsf2.o)
                0x00000000080004b8                __aeabi_cfrcmple
                0x00000000080004c0                __aeabi_cfcmpeq
                0x00000000080004c0                __aeabi_cfcmple
                0x00000000080004d0                __aeabi_fcmpeq
                0x00000000080004dc                __aeabi_fcmplt
                0x00000000080004f0                __aeabi_fcmple
                0x0000000008000504                __aeabi_fcmpgt
                0x0000000008000518                __aeabi_fcmpge
 .text          0x000000000800052c       0x40 c:/st/stm32cubeide_1.5.1/stm32cubeide/plugins/com.st.stm32cube.ide.mcu.externaltools.gnu-tools-for-stm32.7-2018-q2-update.win32_1.5.0.202011040924/tools/bin/../lib/gcc/arm-none-eabi/7.3.1/thumb/v6-m\libgcc.a(_aeabi_uldivmod.o)
                0x000000000800052c                __aeabi_uldivmod
 .text          0x000000000800056c       0x54 c:/st/stm32cubeide_1.5.1/stm32cubeide/plugins/com.st.stm32cube.ide.mcu.externaltools.gnu-tools-for-stm32.7-2018-q2-update.win32_1.5.0.202011040924/tools/bin/../lib/gcc/arm-none-eabi/7.3.1/thumb/v6-m\libgcc.a(_muldi3.o)
                0x000000000800056c                __muldi3
                0x000000000800056c                __aeabi_lmul
 .text          0x00000000080005c0       0x30 c:/st/stm32cubeide_1.5.1/stm32cubeide/plugins/com.st.stm32cube.ide.mcu.externaltools.gnu-tools-for-stm32.7-2018-q2-update.win32_1.5.0.202011040924/tools/bin/../lib/gcc/arm-none-eabi/7.3.1/thumb/v6-m\libgcc.a(_fixunssfsi.o)
                0x00000000080005c0                __fixunssfsi
                0x00000000080005c0                __aeabi_f2uiz
 .text          0x00000000080005f0       0x3c c:/st/stm32cubeide_1.5.1/stm32cubeide/plugins/com.st.stm32cube.ide.mcu.externaltools.gnu-tools-for-stm32.7-2018-q2-update.win32_1.5.0.202011040924/tools/bin/../lib/gcc/arm-none-eabi/7.3.1/thumb/v6-m\libgcc.a(_fixunsdfsi.o)
                0x00000000080005f0                __aeabi_d2uiz
                0x00000000080005f0                __fixunsdfsi
 .text          0x000000000800062c      0x184 c:/st/stm32cubeide_1.5.1/stm32cubeide/plugins/com.st.stm32cube.ide.mcu.externaltools.gnu-tools-for-stm32.7-2018-q2-update.win32_1.5.0.202011040924/tools/bin/../lib/gcc/arm-none-eabi/7.3.1/thumb/v6-m\libgcc.a(_udivmoddi4.o)
                0x000000000800062c                __udivmoddi4
 .text          0x00000000080007b0      0x334 c:/st/stm32cubeide_1.5.1/stm32cubeide/plugins/com.st.stm32cube.ide.mcu.externaltools.gnu-tools-for-stm32.7-2018-q2-update.win32_1.5.0.202011040924/tools/bin/../lib/gcc/arm-none-eabi/7.3.1/thumb/v6-m\libgcc.a(addsf3.o)
                0x00000000080007b0                __aeabi_fadd
 .text          0x0000000008000ae4      0x224 c:/st/stm32cubeide_1.5.1/stm32cubeide/plugins/com.st.stm32cube.ide.mcu.externaltools.gnu-tools-for-stm32.7-2018-q2-update.win32_1.5.0.202011040924/tools/bin/../lib/gcc/arm-none-eabi/7.3.1/thumb/v6-m\libgcc.a(divsf3.o)
                0x0000000008000ae4                __aeabi_fdiv
 .text          0x0000000008000d08       0x50 c:/st/stm32cubeide_1.5.1/stm32cubeide/plugins/com.st.stm32cube.ide.mcu.externaltools.gnu-tools-for-stm32.7-2018-q2-update.win32_1.5.0.202011040924/tools/bin/../lib/gcc/arm-none-eabi/7.3.1/thumb/v6-m\libgcc.a(eqsf2.o)
                0x0000000008000d08                __eqsf2
                0x0000000008000d08                __nesf2
 .text          0x0000000008000d58       0x9c c:/st/stm32cubeide_1.5.1/stm32cubeide/plugins/com.st.stm32cube.ide.mcu.externaltools.gnu-tools-for-stm32.7-2018-q2-update.win32_1.5.0.202011040924/tools/bin/../lib/gcc/arm-none-eabi/7.3.1/thumb/v6-m\libgcc.a(gesf2.o)
                0x0000000008000d58                __gesf2
                0x0000000008000d58                __gtsf2
 .text          0x0000000008000df4       0xa0 c:/st/stm32cubeide_1.5.1/stm32cubeide/plugins/com.st.stm32cube.ide.mcu.externaltools.gnu-tools-for-stm32.7-2018-q2-update.win32_1.5.0.202011040924/tools/bin/../lib/gcc/arm-none-eabi/7.3.1/thumb/v6-m\libgcc.a(lesf2.o)
                0x0000000008000df4                __ltsf2
                0x0000000008000df4                __lesf2
 .text          0x0000000008000e94      0x264 c:/st/stm32cubeide_1.5.1/stm32cubeide/plugins/com.st.stm32cube.ide.mcu.externaltools.gnu-tools-for-stm32.7-2018-q2-update.win32_1.5.0.202011040924/tools/bin/../lib/gcc/arm-none-eabi/7.3.1/thumb/v6-m\libgcc.a(mulsf3.o)
                0x0000000008000e94                __aeabi_fmul
 .text          0x00000000080010f8      0x388 c:/st/stm32cubeide_1.5.1/stm32cubeide/plugins/com.st.stm32cube.ide.mcu.externaltools.gnu-tools-for-stm32.7-2018-q2-update.win32_1.5.0.202011040924/tools/bin/../lib/gcc/arm-none-eabi/7.3.1/thumb/v6-m\libgcc.a(subsf3.o)
                0x00000000080010f8                __aeabi_fsub
 .text          0x0000000008001480       0x40 c:/st/stm32cubeide_1.5.1/stm32cubeide/plugins/com.st.stm32cube.ide.mcu.externaltools.gnu-tools-for-stm32.7-2018-q2-update.win32_1.5.0.202011040924/tools/bin/../lib/gcc/arm-none-eabi/7.3.1/thumb/v6-m\libgcc.a(fixsfsi.o)
                0x0000000008001480                __aeabi_f2iz
 .text          0x00000000080014c0       0x94 c:/st/stm32cubeide_1.5.1/stm32cubeide/plugins/com.st.stm32cube.ide.mcu.externaltools.gnu-tools-for-stm32.7-2018-q2-update.win32_1.5.0.202011040924/tools/bin/../lib/gcc/arm-none-eabi/7.3.1/thumb/v6-m\libgcc.a(floatsisf.o)
                0x00000000080014c0                __aeabi_i2f
 .text          0x0000000008001554       0x80 c:/st/stm32cubeide_1.5.1/stm32cubeide/plugins/com.st.stm32cube.ide.mcu.externaltools.gnu-tools-for-stm32.7-2018-q2-update.win32_1.5.0.202011040924/tools/bin/../lib/gcc/arm-none-eabi/7.3.1/thumb/v6-m\libgcc.a(floatunsisf.o)
                0x0000000008001554                __aeabi_ui2f
 .text          0x00000000080015d4      0x638 c:/st/stm32cubeide_1.5.1/stm32cubeide/plugins/com.st.stm32cube.ide.mcu.externaltools.gnu-tools-for-stm32.7-2018-q2-update.win32_1.5.0.202011040924/tools/bin/../lib/gcc/arm-none-eabi/7.3.1/thumb/v6-m\libgcc.a(adddf3.o)
                0x00000000080015d4                __aeabi_dadd
 .text          0x0000000008001c0c      0x604 c:/st/stm32cubeide_1.5.1/stm32cubeide/plugins/com.st.stm32cube.ide.mcu.externaltools.gnu-tools-for-stm32.7-2018-q2-update.win32_1.5.0.202011040924/tools/bin/../lib/gcc/arm-none-eabi/7.3.1/thumb/v6-m\libgcc.a(divdf3.o)
                0x0000000008001c0c                __aeabi_ddiv
 .text          0x0000000008002210       0x78 c:/st/stm32cubeide_1.5.1/stm32cubeide/plugins/com.st.stm32cube.ide.mcu.externaltools.gnu-tools-for-stm32.7-2018-q2-update.win32_1.5.0.202011040924/tools/bin/../lib/gcc/arm-none-eabi/7.3.1/thumb/v6-m\libgcc.a(eqdf2.o)
                0x0000000008002210                __nedf2
                0x0000000008002210                __eqdf2
 .text          0x0000000008002288       0xc8 c:/st/stm32cubeide_1.5.1/stm32cubeide/plugins/com.st.stm32cube.ide.mcu.externaltools.gnu-tools-for-stm32.7-2018-q2-update.win32_1.5.0.202011040924/tools/bin/../lib/gcc/arm-none-eabi/7.3.1/thumb/v6-m\libgcc.a(gedf2.o)
                0x0000000008002288                __gedf2
                0x0000000008002288                __gtdf2
 .text          0x0000000008002350       0xd0 c:/st/stm32cubeide_1.5.1/stm32cubeide/plugins/com.st.stm32cube.ide.mcu.externaltools.gnu-tools-for-stm32.7-2018-q2-update.win32_1.5.0.202011040924/tools/bin/../lib/gcc/arm-none-eabi/7.3.1/thumb/v6-m\libgcc.a(ledf2.o)
                0x0000000008002350                __ledf2
                0x0000000008002350                __ltdf2
 .text          0x0000000008002420      0x4e4 c:/st/stm32cubeide_1.5.1/stm32cubeide/plugins/com.st.stm32cube.ide.mcu.externaltools.gnu-tools-for-stm32.7-2018-q2-update.win32_1.5.0.202011040924/tools/bin/../lib/gcc/arm-none-eabi/7.3.1/thumb/v6-m\libgcc.a(muldf3.o)
                0x0000000008002420                __aeabi_dmul
 .text          0x0000000008002904      0x690 c:/st/stm32cubeide_1.5.1/stm32cubeide/plugins/com.st.stm32cube.ide.mcu.externaltools.gnu-tools-for-stm32.7-2018-q2-update.win32_1.5.0.202011040924/tools/bin/../lib/gcc/arm-none-eabi/7.3.1/thumb/v6-m\libgcc.a(subdf3.o)
                0x0000000008002904                __aeabi_dsub
 .text          0x0000000008002f94       0x38 c:/st/stm32cubeide_1.5.1/stm32cubeide/plugins/com.st.stm32cube.ide.mcu.externaltools.gnu-tools-for-stm32.7-2018-q2-update.win32_1.5.0.202011040924/tools/bin/../lib/gcc/arm-none-eabi/7.3.1/thumb/v6-m\libgcc.a(unorddf2.o)
                0x0000000008002f94                __aeabi_dcmpun
 .text          0x0000000008002fcc       0x6c c:/st/stm32cubeide_1.5.1/stm32cubeide/plugins/com.st.stm32cube.ide.mcu.externaltools.gnu-tools-for-stm32.7-2018-q2-update.win32_1.5.0.202011040924/tools/bin/../lib/gcc/arm-none-eabi/7.3.1/thumb/v6-m\libgcc.a(fixdfsi.o)
                0x0000000008002fcc                __aeabi_d2iz
 .text          0x0000000008003038       0x74 c:/st/stm32cubeide_1.5.1/stm32cubeide/plugins/com.st.stm32cube.ide.mcu.externaltools.gnu-tools-for-stm32.7-2018-q2-update.win32_1.5.0.202011040924/tools/bin/../lib/gcc/arm-none-eabi/7.3.1/thumb/v6-m\libgcc.a(floatsidf.o)
                0x0000000008003038                __aeabi_i2d
 .text          0x00000000080030ac       0x64 c:/st/stm32cubeide_1.5.1/stm32cubeide/plugins/com.st.stm32cube.ide.mcu.externaltools.gnu-tools-for-stm32.7-2018-q2-update.win32_1.5.0.202011040924/tools/bin/../lib/gcc/arm-none-eabi/7.3.1/thumb/v6-m\libgcc.a(floatunsidf.o)
                0x00000000080030ac                __aeabi_ui2d
 .text          0x0000000008003110       0xa4 c:/st/stm32cubeide_1.5.1/stm32cubeide/plugins/com.st.stm32cube.ide.mcu.externaltools.gnu-tools-for-stm32.7-2018-q2-update.win32_1.5.0.202011040924/tools/bin/../lib/gcc/arm-none-eabi/7.3.1/thumb/v6-m\libgcc.a(extendsfdf2.o)
                0x0000000008003110                __aeabi_f2d
 .text          0x00000000080031b4      0x108 c:/st/stm32cubeide_1.5.1/stm32cubeide/plugins/com.st.stm32cube.ide.mcu.externaltools.gnu-tools-for-stm32.7-2018-q2-update.win32_1.5.0.202011040924/tools/bin/../lib/gcc/arm-none-eabi/7.3.1/thumb/v6-m\libgcc.a(truncdfsf2.o)
                0x00000000080031b4                __aeabi_d2f
 .text          0x00000000080032bc       0x3c c:/st/stm32cubeide_1.5.1/stm32cubeide/plugins/com.st.stm32cube.ide.mcu.externaltools.gnu-tools-for-stm32.7-2018-q2-update.win32_1.5.0.202011040924/tools/bin/../lib/gcc/arm-none-eabi/7.3.1/thumb/v6-m\libgcc.a(_clzsi2.o)
                0x00000000080032bc                __clzsi2
 .text          0x00000000080032f8       0x18 c:/st/stm32cubeide_1.5.1/stm32cubeide/plugins/com.st.stm32cube.ide.mcu.externaltools.gnu-tools-for-stm32.7-2018-q2-update.win32_1.5.0.202011040924/tools/bin/../lib/gcc/arm-none-eabi/7.3.1/thumb/v6-m\libgcc.a(_clzdi2.o)
                0x00000000080032f8                __clzdi2
 *(.text*)
 .text.Send_BOS_Message
                0x0000000008003310       0x64 BOS\BOS.o
                0x0000000008003310                Send_BOS_Message
 .text.LoadROtopology
                0x0000000008003374       0xa0 BOS\BOS.o
                0x0000000008003374                LoadROtopology
 .text.LoadEEportsDir
                0x0000000008003414       0x4c BOS\BOS.o
                0x0000000008003414                LoadEEportsDir
 .text.LoadEEalias
                0x0000000008003460       0x80 BOS\BOS.o
                0x0000000008003460                LoadEEalias
 .text.LoadEEgroup
                0x00000000080034e0       0xa4 BOS\BOS.o
                0x00000000080034e0                LoadEEgroup
 .text.LoadEEstreams
                0x0000000008003584      0x120 BOS\BOS.o
                0x0000000008003584                LoadEEstreams
 .text.LoadEEparams
                0x00000000080036a4      0x17c BOS\BOS.o
                0x00000000080036a4                LoadEEparams
 .text.LoadEEbuttons
                0x0000000008003820      0x104 BOS\BOS.o
                0x0000000008003820                LoadEEbuttons
 .text.LoadROsnippets
                0x0000000008003924      0x114 BOS\BOS.o
                0x0000000008003924                LoadROsnippets
 .text.LoadEEvars
                0x0000000008003a38       0x24 BOS\BOS.o
                0x0000000008003a38                LoadEEvars
 .text.SaveEEportsDir
                0x0000000008003a5c       0x50 BOS\BOS.o
                0x0000000008003a5c                SaveEEportsDir
 .text.SaveEEalias
                0x0000000008003aac       0x88 BOS\BOS.o
                0x0000000008003aac                SaveEEalias
 .text.SaveEEstreams
                0x0000000008003b34       0x90 BOS\BOS.o
                0x0000000008003b34                SaveEEstreams
 .text.SaveEEparams
                0x0000000008003bc4       0x88 BOS\BOS.o
                0x0000000008003bc4                SaveEEparams
 .text.ClearEEportsDir
                0x0000000008003c4c       0x58 BOS\BOS.o
                0x0000000008003c4c                ClearEEportsDir
 .text.IsLowerCLIbaud
                0x0000000008003ca4       0x94 BOS\BOS.o
                0x0000000008003ca4                IsLowerCLIbaud
 .text.IsModuleParameter
                0x0000000008003d38       0x18 BOS\BOS.o
                0x0000000008003d38                IsModuleParameter
 .text.IsMathOperator
                0x0000000008003d50       0xb0 BOS\BOS.o
                0x0000000008003d50                IsMathOperator
 .text.BOS_Init
                0x0000000008003e00      0x134 BOS\BOS.o
                0x0000000008003e00                BOS_Init
 .text.Module_Init
                0x0000000008003f34       0x18 BOS\BOS.o
                0x0000000008003f34                Module_Init
 .text.ExploreNeighbors
                0x0000000008003f4c       0x58 BOS\BOS.o
                0x0000000008003f4c                ExploreNeighbors
 .text.FindBroadcastRoutes
                0x0000000008003fa4      0x150 BOS\BOS.o
                0x0000000008003fa4                FindBroadcastRoutes
 .text.FindRoute
                0x00000000080040f4      0x1c0 BOS\BOS.o
                0x00000000080040f4                FindRoute
 .text.DisplayTopology
                0x00000000080042b4      0x1a8 BOS\BOS.o
                0x00000000080042b4                DisplayTopology
 .text.DisplayPortsDir
                0x000000000800445c       0xf4 BOS\BOS.o
                0x000000000800445c                DisplayPortsDir
 .text.DisplayModuleStatus
                0x0000000008004550      0x2e8 BOS\BOS.o
                0x0000000008004550                DisplayModuleStatus
 .text.GetID    0x0000000008004838       0xc0 BOS\BOS.o
                0x0000000008004838                GetID
 .text.NameModule
                0x00000000080048f8       0xd4 BOS\BOS.o
                0x00000000080048f8                NameModule
 .text.AddModuleToGroup
                0x00000000080049cc      0x11c BOS\BOS.o
                0x00000000080049cc                AddModuleToGroup
 .text.WriteToRemote
                0x0000000008004ae8      0x230 BOS\BOS.o
                0x0000000008004ae8                WriteToRemote
 .text.GetDateString
                0x0000000008004d18       0x3c BOS\BOS.o
                0x0000000008004d18                GetDateString
 .text.Bridge   0x0000000008004d54       0x28 BOS\BOS.o
                0x0000000008004d54                Bridge
 .text.Unbridge
                0x0000000008004d7c       0x70 BOS\BOS.o
                0x0000000008004d7c                Unbridge
 .text.AddSnippet.part.0
                0x0000000008004dec       0xb0 BOS\BOS_CLI.o
 .text.StringToLowerCase
                0x0000000008004e9c       0x28 BOS\BOS_CLI.o
                0x0000000008004e9c                StringToLowerCase
 .text.ParseSnippetCondition
                0x0000000008004ec4      0x3c8 BOS\BOS_CLI.o
                0x0000000008004ec4                ParseSnippetCondition
 .text.CLI_CommandParser
                0x000000000800528c      0x444 BOS\BOS_CLI.o
                0x000000000800528c                CLI_CommandParser
 .text.prvCLITask
                0x00000000080056d0      0x19c BOS\BOS_CLI.o
                0x00000000080056d0                prvCLITask
 .text.ParseSnippetCommand
                0x000000000800586c       0x78 BOS\BOS_CLI.o
                0x000000000800586c                ParseSnippetCommand
 .text.CheckSnippetCondition
                0x00000000080058e4       0xd0 BOS\BOS_CLI.o
                0x00000000080058e4                CheckSnippetCondition
 .text.ExecuteSnippet
                0x00000000080059b4       0xb4 BOS\BOS_CLI.o
                0x00000000080059b4                ExecuteSnippet
 .text.exploreCommand
                0x0000000008005a68        0x4 BOS\BOS_CLIcommands.o
 .text.flashsizeCommand
                0x0000000008005a6c       0x18 BOS\BOS_CLIcommands.o
 .text.ReadVrefCommand
                0x0000000008005a84       0x38 BOS\BOS_CLIcommands.o
 .text.ReadTempCommand
                0x0000000008005abc       0x38 BOS\BOS_CLIcommands.o
 .text.ADCReadCommand
                0x0000000008005af4       0xb0 BOS\BOS_CLIcommands.o
 .text.testportCommand
                0x0000000008005ba4      0x1a8 BOS\BOS_CLIcommands.o
 .text.unbridgeCommand
                0x0000000008005d4c       0xa8 BOS\BOS_CLIcommands.o
 .text.bridgeCommand
                0x0000000008005df4       0xa8 BOS\BOS_CLIcommands.o
 .text.delSnipCommand
                0x0000000008005e9c       0xf8 BOS\BOS_CLIcommands.o
 .text.pauseSnipCommand
                0x0000000008005f94       0x68 BOS\BOS_CLIcommands.o
 .text.actSnipCommand
                0x0000000008005ffc       0x6c BOS\BOS_CLIcommands.o
 .text.snipCommand
                0x0000000008006068      0x244 BOS\BOS_CLIcommands.o
 .text.idcodeCommand
                0x00000000080062ac       0xa0 BOS\BOS_CLIcommands.o
 .text.uuidCommand
                0x000000000800634c       0x64 BOS\BOS_CLIcommands.o
 .text.dateCommand
                0x00000000080063b0       0x20 BOS\BOS_CLIcommands.o
 .text.getCommand
                0x00000000080063d0      0x230 BOS\BOS_CLIcommands.o
 .text.defaultCommand
                0x0000000008006600       0xb4 BOS\BOS_CLIcommands.o
 .text.setCommand
                0x00000000080066b4      0x814 BOS\BOS_CLIcommands.o
 .text.removebuttonCommand
                0x0000000008006ec8       0x48 BOS\BOS_CLIcommands.o
 .text.addbuttonCommand
                0x0000000008006f10       0xcc BOS\BOS_CLIcommands.o
 .text.scastCommand
                0x0000000008006fdc      0x180 BOS\BOS_CLIcommands.o
 .text.infoCommand
                0x000000000800715c       0xa4 BOS\BOS_CLIcommands.o
 .text.statusCommand
                0x0000000008007200        0xc BOS\BOS_CLIcommands.o
 .text.groupCommand
                0x000000000800720c      0x1a0 BOS\BOS_CLIcommands.o
 .text.nameCommand
                0x00000000080073ac       0x88 BOS\BOS_CLIcommands.o
 .text.bootloaderUpdateCommand
                0x0000000008007434      0x180 BOS\BOS_CLIcommands.o
 .text.pingCommand
                0x00000000080075b4       0x5c BOS\BOS_CLIcommands.o
 .text.prvRunTimeStatsCommand
                0x0000000008007610       0x1c BOS\BOS_CLIcommands.o
 .text.prvTaskStatsCommand
                0x000000000800762c       0x1c BOS\BOS_CLIcommands.o
 .text.setBaudrateCommand
                0x0000000008007648       0x78 BOS\BOS_CLIcommands.o
 .text.GetReadPrecentageCommand
                0x00000000080076c0       0x58 BOS\BOS_CLIcommands.o
 .text.timeCommand
                0x0000000008007718       0x74 BOS\BOS_CLIcommands.o
 .text.resetCommand
                0x000000000800778c       0x1c BOS\BOS_CLIcommands.o
 .text.RegisterUserCLICommands
                0x00000000080077a8        0x4 BOS\BOS_CLIcommands.o
                0x00000000080077a8                RegisterUserCLICommands
 .text.vRegisterCLICommands
                0x00000000080077ac      0x130 BOS\BOS_CLIcommands.o
                0x00000000080077ac                vRegisterCLICommands
 .text.StartDMAstream
                0x00000000080078dc       0x58 BOS\BOS_dma.o
                0x00000000080078dc                StartDMAstream
 .text.DMA_IRQHandler
                0x0000000008007934       0x54 BOS\BOS_dma.o
                0x0000000008007934                DMA_IRQHandler
 .text.ResetUartORE
                0x0000000008007988       0x40 BOS\BOS_dma.o
                0x0000000008007988                ResetUartORE
 .text.MX_FREERTOS_Init
                0x00000000080079c8      0x1dc BOS\BOS_freertos.o
                0x00000000080079c8                MX_FREERTOS_Init
 .text.ExecuteMonitor
                0x0000000008007ba4      0x400 BOS\BOS_freertos.o
                0x0000000008007ba4                ExecuteMonitor
 .text.StartDefaultTask
                0x0000000008007fa4       0x88 BOS\BOS_freertos.o
                0x0000000008007fa4                StartDefaultTask
 .text.vMainConfigureTimerForRunTimeStats
                0x000000000800802c       0x20 BOS\BOS_freertos.o
                0x000000000800802c                vMainConfigureTimerForRunTimeStats
 .text.ulMainGetRunTimeCounterValue
                0x000000000800804c       0x50 BOS\BOS_freertos.o
                0x000000000800804c                ulMainGetRunTimeCounterValue
 .text.StreamTimerCallback
                0x000000000800809c       0x18 BOS\BOS_messaging.o
                0x000000000800809c                StreamTimerCallback
 .text.SetupDMAStreams
                0x00000000080080b4      0x198 BOS\BOS_messaging.o
                0x00000000080080b4                SetupDMAStreams
 .text.NotifyMessagingTask
                0x000000000800824c       0x50 BOS\BOS_messaging.o
                0x000000000800824c                NotifyMessagingTask
 .text.SendMessageFromPort
                0x000000000800829c       0x38 BOS\BOS_messaging.o
                0x000000000800829c                SendMessageFromPort
 .text.SendMessageFromPort.part.0
                0x00000000080082d4      0x3c0 BOS\BOS_messaging.o
 .text.BroadcastReceivedMessage
                0x0000000008008694       0x3c BOS\BOS_messaging.o
                0x0000000008008694                BroadcastReceivedMessage
 .text.BroadcastMessage
                0x00000000080086d0       0x4c BOS\BOS_messaging.o
                0x00000000080086d0                BroadcastMessage
 .text.ForwardReceivedMessage
                0x000000000800871c       0x40 BOS\BOS_messaging.o
                0x000000000800871c                ForwardReceivedMessage
 .text.SendMessageToModule
                0x000000000800875c       0x48 BOS\BOS_messaging.o
                0x000000000800875c                SendMessageToModule
 .text.StartScastDMAStream
                0x00000000080087a4      0x178 BOS\BOS_messaging.o
                0x00000000080087a4                StartScastDMAStream
 .text.BackEndTask
                0x000000000800891c      0x164 BOS\BOS_msgparser.o
                0x000000000800891c                BackEndTask
 .text.User_MessagingParser
                0x0000000008008a80        0x4 BOS\BOS_msgparser.o
                0x0000000008008a80                User_MessagingParser
 .text.PxMessagingTask
                0x0000000008008a84     0x1448 BOS\BOS_msgparser.o
                0x0000000008008a84                PxMessagingTask
 .text.StopStreamCommand
                0x0000000008009ecc       0x20 H09R9x\H09R9.o
 .text.SystemClock_Config
                0x0000000008009eec       0xb0 H09R9x\H09R9.o
                0x0000000008009eec                SystemClock_Config
 .text.RegisterModuleCLICommands
                0x0000000008009f9c       0x20 H09R9x\H09R9.o
                0x0000000008009f9c                RegisterModuleCLICommands
 .text.SetupPortForRemoteBootloaderUpdate
                0x0000000008009fbc       0x2c H09R9x\H09R9.o
                0x0000000008009fbc                SetupPortForRemoteBootloaderUpdate
 .text.remoteBootloaderUpdate
                0x0000000008009fe8       0xc4 H09R9x\H09R9.o
                0x0000000008009fe8                remoteBootloaderUpdate
 .text.SENSOR_COEFFICIENTS_Init
                0x000000000800a0ac      0x754 H09R9x\H09R9.o
                0x000000000800a0ac                SENSOR_COEFFICIENTS_Init
 .text.Module_Peripheral_Init
                0x000000000800a800       0x28 H09R9x\H09R9.o
                0x000000000800a800                Module_Peripheral_Init
 .text.SampleTemperature
                0x000000000800a828      0x290 H09R9x\H09R9.o
                0x000000000800a828                SampleTemperature
 .text.SampleTemperatureToPort
                0x000000000800aab8       0x68 H09R9x\H09R9.o
                0x000000000800aab8                SampleTemperatureToPort
 .text.StreamMemsToPort.constprop.3
                0x000000000800ab20       0x8c H09R9x\H09R9.o
 .text.Module_MessagingTask
                0x000000000800abac       0x90 H09R9x\H09R9.o
                0x000000000800abac                Module_MessagingTask
 .text.SampleTemperatureToString
                0x000000000800ac3c       0x38 H09R9x\H09R9.o
                0x000000000800ac3c                SampleTemperatureToString
 .text.SampleSensorCommand
                0x000000000800ac74       0x10 H09R9x\H09R9.o
 .text.StreamMemsToCLI.constprop.1
                0x000000000800ac84      0x12c H09R9x\H09R9.o
 .text.StreamSensorCommand
                0x000000000800adb0       0xc8 H09R9x\H09R9.o
 .text.SaveToRO
                0x000000000800ae78      0x1f0 H09R9x\H09R9.o
                0x000000000800ae78                SaveToRO
 .text.ClearROtopology
                0x000000000800b068       0x2c H09R9x\H09R9.o
                0x000000000800b068                ClearROtopology
 .text.GetPort  0x000000000800b094       0x60 H09R9x\H09R9.o
                0x000000000800b094                GetPort
 .text.DMA_Init
                0x000000000800b0f4      0x1bc H09R9x\H09R9_dma.o
                0x000000000800b0f4                DMA_Init
 .text.StopStreamDMA
                0x000000000800b2b0       0x30 H09R9x\H09R9_dma.o
                0x000000000800b2b0                StopStreamDMA
 .text.SwitchMsgDMAToStream
                0x000000000800b2e0       0x40 H09R9x\H09R9_dma.o
                0x000000000800b2e0                SwitchMsgDMAToStream
 .text.SetupDMAInterrupts
                0x000000000800b320       0xb8 H09R9x\H09R9_dma.o
                0x000000000800b320                SetupDMAInterrupts
 .text.UnSetupDMAInterrupts
                0x000000000800b3d8       0xa0 H09R9x\H09R9_dma.o
                0x000000000800b3d8                UnSetupDMAInterrupts
 .text.DMA_MSG_TX_UnSetup
                0x000000000800b478       0x14 H09R9x\H09R9_dma.o
                0x000000000800b478                DMA_MSG_TX_UnSetup
 .text.RemapAndLinkDMAtoUARTRx
                0x000000000800b48c      0x5d0 H09R9x\H09R9_dma.o
                0x000000000800b48c                RemapAndLinkDMAtoUARTRx
 .text.DMA_MSG_RX_Setup
                0x000000000800ba5c       0x2c H09R9x\H09R9_dma.o
                0x000000000800ba5c                DMA_MSG_RX_Setup
 .text.SetupMessagingRxDMAs
                0x000000000800ba88       0x98 H09R9x\H09R9_dma.o
                0x000000000800ba88                SetupMessagingRxDMAs
 .text.SwitchStreamDMAToMsg
                0x000000000800bb20       0x98 H09R9x\H09R9_dma.o
                0x000000000800bb20                SwitchStreamDMAToMsg
 .text.DMA_STREAM_Setup
                0x000000000800bbb8       0x40 H09R9x\H09R9_dma.o
                0x000000000800bbb8                DMA_STREAM_Setup
 .text.CRC_Init
                0x000000000800bbf8       0x28 H09R9x\H09R9_dma.o
                0x000000000800bbf8                CRC_Init
 .text.HAL_CRC_MspInit
                0x000000000800bc20       0x1c H09R9x\H09R9_dma.o
                0x000000000800bc20                HAL_CRC_MspInit
 .text.CalculateCRC8
                0x000000000800bc3c       0x94 H09R9x\H09R9_dma.o
                0x000000000800bc3c                CalculateCRC8
 .text.EE_VerifyPageFullWriteVariable
                0x000000000800bcd0       0xbc H09R9x\H09R9_eeprom.o
 .text.EE_ReadVariable
                0x000000000800bd8c       0x60 H09R9x\H09R9_eeprom.o
                0x000000000800bd8c                EE_ReadVariable
 .text.EE_WriteVariable
                0x000000000800bdec      0x12c H09R9x\H09R9_eeprom.o
                0x000000000800bdec                EE_WriteVariable
 .text.EE_Format
                0x000000000800bf18       0xa0 H09R9x\H09R9_eeprom.o
                0x000000000800bf18                EE_Format
 .text.EE_Init  0x000000000800bfb8      0x2b0 H09R9x\H09R9_eeprom.o
                0x000000000800bfb8                EE_Init
 .text.EraseSector
                0x000000000800c268       0x30 H09R9x\H09R9_eeprom.o
                0x000000000800c268                EraseSector
 .text.GPIO_Init
                0x000000000800c298       0x84 H09R9x\H09R9_gpio.o
                0x000000000800c298                GPIO_Init
 .text.SENSOR_GPIO_Init
                0x000000000800c31c       0x44 H09R9x\H09R9_gpio.o
                0x000000000800c31c                SENSOR_GPIO_Init
 .text.GetPortGPIOs
                0x000000000800c360       0xdc H09R9x\H09R9_gpio.o
                0x000000000800c360                GetPortGPIOs
 .text.IsFactoryReset
                0x000000000800c43c       0xec H09R9x\H09R9_gpio.o
                0x000000000800c43c                IsFactoryReset
 .text.MX_I2C1_Init
                0x000000000800c528       0x38 H09R9x\H09R9_i2c.o
                0x000000000800c528                MX_I2C1_Init
 .text.MX_I2C_Init
                0x000000000800c560       0x6c H09R9x\H09R9_i2c.o
                0x000000000800c560                MX_I2C_Init
 .text.buttonPressedCallback
                0x000000000800c5cc        0x4 H09R9x\H09R9_inputs.o
                0x000000000800c5cc                buttonPressedCallback
 .text.AddPortButton
                0x000000000800c5d0       0xf4 H09R9x\H09R9_inputs.o
                0x000000000800c5d0                AddPortButton
 .text.RemovePortButton
                0x000000000800c6c4      0x120 H09R9x\H09R9_inputs.o
                0x000000000800c6c4                RemovePortButton
 .text.SetButtonEvents
                0x000000000800c7e4      0x23c H09R9x\H09R9_inputs.o
                0x000000000800c7e4                SetButtonEvents
 .text.MX_ADC_Init
                0x000000000800ca20       0x54 H09R9x\H09R9_inputs.o
                0x000000000800ca20                MX_ADC_Init
 .text.HAL_ADC_MspInit
                0x000000000800ca74       0x60 H09R9x\H09R9_inputs.o
                0x000000000800ca74                HAL_ADC_MspInit
 .text.ReadTempAndVref
                0x000000000800cad4      0x19c H09R9x\H09R9_inputs.o
                0x000000000800cad4                ReadTempAndVref
 .text.GetReadPrecentage
                0x000000000800cc70      0x1b0 H09R9x\H09R9_inputs.o
                0x000000000800cc70                GetReadPrecentage
 .text.Error_Handler
                0x000000000800ce20        0xc H09R9x\H09R9_inputs.o
                0x000000000800ce20                Error_Handler
 .text.Get_Rank
                0x000000000800ce2c       0x58 H09R9x\H09R9_inputs.o
                0x000000000800ce2c                Get_Rank
 .text.ADCSelectChannel
                0x000000000800ce84       0xb0 H09R9x\H09R9_inputs.o
                0x000000000800ce84                ADCSelectChannel
 .text.ReadADCChannel
                0x000000000800cf34      0x114 H09R9x\H09R9_inputs.o
                0x000000000800cf34                ReadADCChannel
 .text.buttonReleasedCallback
                0x000000000800d048        0x4 H09R9x\H09R9_inputs.o
                0x000000000800d048                buttonReleasedCallback
 .text.buttonClickedCallback
                0x000000000800d04c        0x4 H09R9x\H09R9_inputs.o
                0x000000000800d04c                buttonClickedCallback
 .text.buttonDblClickedCallback
                0x000000000800d050        0x4 H09R9x\H09R9_inputs.o
                0x000000000800d050                buttonDblClickedCallback
 .text.buttonPressedForXCallback
                0x000000000800d054        0x4 H09R9x\H09R9_inputs.o
                0x000000000800d054                buttonPressedForXCallback
 .text.buttonReleasedForYCallback
                0x000000000800d058        0x4 H09R9x\H09R9_inputs.o
                0x000000000800d058                buttonReleasedForYCallback
 .text.CheckAttachedButtons
                0x000000000800d05c      0x54c H09R9x\H09R9_inputs.o
                0x000000000800d05c                CheckAttachedButtons
 .text.NVIC_SystemReset
                0x000000000800d5a8       0x1c H09R9x\H09R9_it.o
 .text.SysTick_Handler
                0x000000000800d5c4        0xc H09R9x\H09R9_it.o
                0x000000000800d5c4                SysTick_Handler
 .text.HardFault_Handler
                0x000000000800d5d0       0x38 H09R9x\H09R9_it.o
                0x000000000800d5d0                HardFault_Handler
 .text.USART1_IRQHandler
                0x000000000800d608       0x10 H09R9x\H09R9_it.o
                0x000000000800d608                USART1_IRQHandler
 .text.USART2_IRQHandler
                0x000000000800d618       0x10 H09R9x\H09R9_it.o
                0x000000000800d618                USART2_IRQHandler
 .text.USART3_8_IRQHandler
                0x000000000800d628       0x2c H09R9x\H09R9_it.o
                0x000000000800d628                USART3_8_IRQHandler
 .text.DMA1_Ch1_IRQHandler
                0x000000000800d654        0xc H09R9x\H09R9_it.o
                0x000000000800d654                DMA1_Ch1_IRQHandler
 .text.DMA1_Ch2_3_DMA2_Ch1_2_IRQHandler
                0x000000000800d660       0x40 H09R9x\H09R9_it.o
                0x000000000800d660                DMA1_Ch2_3_DMA2_Ch1_2_IRQHandler
 .text.DMA1_Ch4_7_DMA2_Ch3_5_IRQHandler
                0x000000000800d6a0       0x5c H09R9x\H09R9_it.o
                0x000000000800d6a0                DMA1_Ch4_7_DMA2_Ch3_5_IRQHandler
 .text.HAL_UART_TxCpltCallback
                0x000000000800d6fc       0x30 H09R9x\H09R9_it.o
                0x000000000800d6fc                HAL_UART_TxCpltCallback
 .text.HAL_UART_ErrorCallback
                0x000000000800d72c       0x48 H09R9x\H09R9_it.o
                0x000000000800d72c                HAL_UART_ErrorCallback
 .text.HAL_UART_RxCpltCallback
                0x000000000800d774      0x1c4 H09R9x\H09R9_it.o
                0x000000000800d774                HAL_UART_RxCpltCallback
 .text.vApplicationStackOverflowHook
                0x000000000800d938       0x38 H09R9x\H09R9_it.o
                0x000000000800d938                vApplicationStackOverflowHook
 .text.vApplicationMallocFailedHook
                0x000000000800d970       0x38 H09R9x\H09R9_it.o
                0x000000000800d970                vApplicationMallocFailedHook
 .text.RTC_CalendarConfig
                0x000000000800d9a8       0xfc H09R9x\H09R9_rtc.o
                0x000000000800d9a8                RTC_CalendarConfig
 .text.RTC_Init
                0x000000000800daa4       0x98 H09R9x\H09R9_rtc.o
                0x000000000800daa4                RTC_Init
 .text.BOS_CalendarConfig
                0x000000000800db3c       0xb4 H09R9x\H09R9_rtc.o
                0x000000000800db3c                BOS_CalendarConfig
 .text.GetTimeDate
                0x000000000800dbf0       0x64 H09R9x\H09R9_rtc.o
                0x000000000800dbf0                GetTimeDate
 .text.TIM_USEC_Init
                0x000000000800dc54       0x64 H09R9x\H09R9_timers.o
                0x000000000800dc54                TIM_USEC_Init
 .text.TIM_MSEC_Init
                0x000000000800dcb8       0x60 H09R9x\H09R9_timers.o
                0x000000000800dcb8                TIM_MSEC_Init
 .text.StartMicroDelay
                0x000000000800dd18       0x24 H09R9x\H09R9_timers.o
                0x000000000800dd18                StartMicroDelay
 .text.StartMilliDelay
                0x000000000800dd3c       0x24 H09R9x\H09R9_timers.o
                0x000000000800dd3c                StartMilliDelay
 .text.SwapUartPins.part.0
                0x000000000800dd60       0x38 H09R9x\H09R9_uart.o
 .text.MX_USART1_UART_Init
                0x000000000800dd98       0x30 H09R9x\H09R9_uart.o
                0x000000000800dd98                MX_USART1_UART_Init
 .text.MX_USART2_UART_Init
                0x000000000800ddc8       0x30 H09R9x\H09R9_uart.o
                0x000000000800ddc8                MX_USART2_UART_Init
 .text.MX_USART3_UART_Init
                0x000000000800ddf8       0x30 H09R9x\H09R9_uart.o
                0x000000000800ddf8                MX_USART3_UART_Init
 .text.MX_USART4_UART_Init
                0x000000000800de28       0x30 H09R9x\H09R9_uart.o
                0x000000000800de28                MX_USART4_UART_Init
 .text.MX_USART5_UART_Init
                0x000000000800de58       0x30 H09R9x\H09R9_uart.o
                0x000000000800de58                MX_USART5_UART_Init
 .text.MX_USART6_UART_Init
                0x000000000800de88       0x30 H09R9x\H09R9_uart.o
                0x000000000800de88                MX_USART6_UART_Init
 .text.HAL_UART_MspInit
                0x000000000800deb8      0x220 H09R9x\H09R9_uart.o
                0x000000000800deb8                HAL_UART_MspInit
 .text.writePxMutex
                0x000000000800e0d8       0x64 H09R9x\H09R9_uart.o
                0x000000000800e0d8                writePxMutex
 .text.writePxITMutex
                0x000000000800e13c       0x40 H09R9x\H09R9_uart.o
                0x000000000800e13c                writePxITMutex
 .text.UpdateBaudrate
                0x000000000800e17c       0x24 H09R9x\H09R9_uart.o
                0x000000000800e17c                UpdateBaudrate
 .text.GetUart  0x000000000800e1a0       0x18 H09R9x\H09R9_uart.o
                0x000000000800e1a0                GetUart
 .text.SwapUartPins
                0x000000000800e1b8       0x4c H09R9x\H09R9_uart.o
                0x000000000800e1b8                SwapUartPins
 .text.ReadPortsDir
                0x000000000800e204       0x5c H09R9x\H09R9_uart.o
                0x000000000800e204                ReadPortsDir
 .text.ReadPortsDirMSG
                0x000000000800e260       0x44 H09R9x\H09R9_uart.o
                0x000000000800e260                ReadPortsDirMSG
 .text.UpdateMyPortsDir
                0x000000000800e2a4       0x60 H09R9x\H09R9_uart.o
                0x000000000800e2a4                UpdateMyPortsDir
 .text.Reset_Handler
                0x000000000800e304       0x8c H09R9x\startup_stm32f091xc.o
                0x000000000800e304                Reset_Handler
 .text.Default_Handler
                0x000000000800e390        0x2 H09R9x\startup_stm32f091xc.o
                0x000000000800e390                TIM1_CC_IRQHandler
                0x000000000800e390                TSC_IRQHandler
                0x000000000800e390                ADC1_COMP_IRQHandler
                0x000000000800e390                NMI_Handler
                0x000000000800e390                I2C1_IRQHandler
                0x000000000800e390                RCC_CRS_IRQHandler
                0x000000000800e390                SPI1_IRQHandler
                0x000000000800e390                TIM6_DAC_IRQHandler
                0x000000000800e390                EXTI2_3_IRQHandler
                0x000000000800e390                I2C2_IRQHandler
                0x000000000800e390                TIM17_IRQHandler
                0x000000000800e390                CEC_CAN_IRQHandler
                0x000000000800e390                RTC_IRQHandler
                0x000000000800e390                PVD_VDDIO2_IRQHandler
                0x000000000800e390                TIM16_IRQHandler
                0x000000000800e390                TIM3_IRQHandler
                0x000000000800e390                EXTI4_15_IRQHandler
                0x000000000800e390                Default_Handler
                0x000000000800e390                TIM14_IRQHandler
                0x000000000800e390                TIM7_IRQHandler
                0x000000000800e390                TIM15_IRQHandler
                0x000000000800e390                EXTI0_1_IRQHandler
                0x000000000800e390                SPI2_IRQHandler
                0x000000000800e390                WWDG_IRQHandler
                0x000000000800e390                TIM2_IRQHandler
                0x000000000800e390                FLASH_IRQHandler
                0x000000000800e390                TIM1_BRK_UP_TRG_COM_IRQHandler
 *fill*         0x000000000800e392        0x2 
 .text.SystemInit
                0x000000000800e394       0x60 Thirdparty\CMSIS\STM32F0xx\Device\ST\STM32F0xx\Source\Templates\system_stm32f0xx.o
                0x000000000800e394                SystemInit
 .text.osKernelStart
                0x000000000800e3f4        0xc Thirdparty\Middleware\STM32F0xx\FreeRTOS\Source\CMSIS_RTOS\cmsis_os.o
                0x000000000800e3f4                osKernelStart
 .text.osDelay  0x000000000800e400       0x10 Thirdparty\Middleware\STM32F0xx\FreeRTOS\Source\CMSIS_RTOS\cmsis_os.o
                0x000000000800e400                osDelay
 .text.osMutexRelease
                0x000000000800e410       0x48 Thirdparty\Middleware\STM32F0xx\FreeRTOS\Source\CMSIS_RTOS\cmsis_os.o
                0x000000000800e410                osMutexRelease
 .text.osSemaphoreCreate
                0x000000000800e458       0x2c Thirdparty\Middleware\STM32F0xx\FreeRTOS\Source\CMSIS_RTOS\cmsis_os.o
                0x000000000800e458                osSemaphoreCreate
 .text.osSemaphoreWait
                0x000000000800e484       0x54 Thirdparty\Middleware\STM32F0xx\FreeRTOS\Source\CMSIS_RTOS\cmsis_os.o
                0x000000000800e484                osSemaphoreWait
 .text.osSemaphoreRelease
                0x000000000800e4d8        0x8 Thirdparty\Middleware\STM32F0xx\FreeRTOS\Source\CMSIS_RTOS\cmsis_os.o
                0x000000000800e4d8                osSemaphoreRelease
 .text.osSystickHandler
                0x000000000800e4e0       0x10 Thirdparty\Middleware\STM32F0xx\FreeRTOS\Source\CMSIS_RTOS\cmsis_os.o
                0x000000000800e4e0                osSystickHandler
 .text.FreeRTOS_CLIRegisterCommand
                0x000000000800e4f0       0x30 Thirdparty\Middleware\STM32F0xx\FreeRTOS\Source\FreeRTOS_CLI.o
                0x000000000800e4f0                FreeRTOS_CLIRegisterCommand
 .text.FreeRTOS_CLIProcessCommand
                0x000000000800e520       0xf0 Thirdparty\Middleware\STM32F0xx\FreeRTOS\Source\FreeRTOS_CLI.o
                0x000000000800e520                FreeRTOS_CLIProcessCommand
 .text.FreeRTOS_CLIGetOutputBuffer
                0x000000000800e610        0x8 Thirdparty\Middleware\STM32F0xx\FreeRTOS\Source\FreeRTOS_CLI.o
                0x000000000800e610                FreeRTOS_CLIGetOutputBuffer
 .text.FreeRTOS_CLIGetParameter
                0x000000000800e618       0x54 Thirdparty\Middleware\STM32F0xx\FreeRTOS\Source\FreeRTOS_CLI.o
                0x000000000800e618                FreeRTOS_CLIGetParameter
 .text.prvHelpCommand
                0x000000000800e66c      0x100 Thirdparty\Middleware\STM32F0xx\FreeRTOS\Source\FreeRTOS_CLI.o
 .text.vListInitialise
                0x000000000800e76c       0x18 Thirdparty\Middleware\STM32F0xx\FreeRTOS\Source\list.o
                0x000000000800e76c                vListInitialise
 .text.vListInitialiseItem
                0x000000000800e784        0x8 Thirdparty\Middleware\STM32F0xx\FreeRTOS\Source\list.o
                0x000000000800e784                vListInitialiseItem
 .text.vListInsertEnd
                0x000000000800e78c       0x18 Thirdparty\Middleware\STM32F0xx\FreeRTOS\Source\list.o
                0x000000000800e78c                vListInsertEnd
 .text.vListInsert
                0x000000000800e7a4       0x30 Thirdparty\Middleware\STM32F0xx\FreeRTOS\Source\list.o
                0x000000000800e7a4                vListInsert
 .text.uxListRemove
                0x000000000800e7d4       0x20 Thirdparty\Middleware\STM32F0xx\FreeRTOS\Source\list.o
                0x000000000800e7d4                uxListRemove
 .text.prvTaskExitError
                0x000000000800e7f4        0x4 Thirdparty\Middleware\STM32F0xx\FreeRTOS\Source\portable\GCC\ARM_CM0\port.o
 .text.vPortStartFirstTask
                0x000000000800e7f8       0x20 Thirdparty\Middleware\STM32F0xx\FreeRTOS\Source\portable\GCC\ARM_CM0\port.o
 .text.pxPortInitialiseStack
                0x000000000800e818       0x20 Thirdparty\Middleware\STM32F0xx\FreeRTOS\Source\portable\GCC\ARM_CM0\port.o
                0x000000000800e818                pxPortInitialiseStack
 .text.SVC_Handler
                0x000000000800e838        0x4 Thirdparty\Middleware\STM32F0xx\FreeRTOS\Source\portable\GCC\ARM_CM0\port.o
                0x000000000800e838                SVC_Handler
 .text.xPortStartScheduler
                0x000000000800e83c       0x54 Thirdparty\Middleware\STM32F0xx\FreeRTOS\Source\portable\GCC\ARM_CM0\port.o
                0x000000000800e83c                xPortStartScheduler
 .text.vPortYield
                0x000000000800e890       0x18 Thirdparty\Middleware\STM32F0xx\FreeRTOS\Source\portable\GCC\ARM_CM0\port.o
                0x000000000800e890                vPortYield
 .text.vPortEnterCritical
                0x000000000800e8a8       0x18 Thirdparty\Middleware\STM32F0xx\FreeRTOS\Source\portable\GCC\ARM_CM0\port.o
                0x000000000800e8a8                vPortEnterCritical
 .text.vPortExitCritical
                0x000000000800e8c0       0x14 Thirdparty\Middleware\STM32F0xx\FreeRTOS\Source\portable\GCC\ARM_CM0\port.o
                0x000000000800e8c0                vPortExitCritical
 .text.ulSetInterruptMaskFromISR
                0x000000000800e8d4        0xc Thirdparty\Middleware\STM32F0xx\FreeRTOS\Source\portable\GCC\ARM_CM0\port.o
                0x000000000800e8d4                ulSetInterruptMaskFromISR
 .text.vClearInterruptMaskFromISR
                0x000000000800e8e0        0x8 Thirdparty\Middleware\STM32F0xx\FreeRTOS\Source\portable\GCC\ARM_CM0\port.o
                0x000000000800e8e0                vClearInterruptMaskFromISR
 .text.PendSV_Handler
                0x000000000800e8e8       0x44 Thirdparty\Middleware\STM32F0xx\FreeRTOS\Source\portable\GCC\ARM_CM0\port.o
                0x000000000800e8e8                PendSV_Handler
 .text.xPortSysTickHandler
                0x000000000800e92c       0x24 Thirdparty\Middleware\STM32F0xx\FreeRTOS\Source\portable\GCC\ARM_CM0\port.o
                0x000000000800e92c                xPortSysTickHandler
 .text.prvInsertBlockIntoFreeList
                0x000000000800e950       0x4c Thirdparty\Middleware\STM32F0xx\FreeRTOS\Source\portable\MemMang\heap_4.o
 .text.pvPortMalloc
                0x000000000800e99c       0xec Thirdparty\Middleware\STM32F0xx\FreeRTOS\Source\portable\MemMang\heap_4.o
                0x000000000800e99c                pvPortMalloc
 .text.vPortFree
                0x000000000800ea88       0x40 Thirdparty\Middleware\STM32F0xx\FreeRTOS\Source\portable\MemMang\heap_4.o
                0x000000000800ea88                vPortFree
 .text.prvCopyDataToQueue
                0x000000000800eac8       0x78 Thirdparty\Middleware\STM32F0xx\FreeRTOS\Source\queue.o
 .text.prvCopyDataFromQueue
                0x000000000800eb40       0x24 Thirdparty\Middleware\STM32F0xx\FreeRTOS\Source\queue.o
 .text.prvUnlockQueue
                0x000000000800eb64       0xa0 Thirdparty\Middleware\STM32F0xx\FreeRTOS\Source\queue.o
 .text.xQueueGenericReset
                0x000000000800ec04       0x60 Thirdparty\Middleware\STM32F0xx\FreeRTOS\Source\queue.o
                0x000000000800ec04                xQueueGenericReset
 .text.xQueueGenericCreate
                0x000000000800ec64       0x44 Thirdparty\Middleware\STM32F0xx\FreeRTOS\Source\queue.o
                0x000000000800ec64                xQueueGenericCreate
 .text.xQueueCreateCountingSemaphore
                0x000000000800eca8       0x14 Thirdparty\Middleware\STM32F0xx\FreeRTOS\Source\queue.o
                0x000000000800eca8                xQueueCreateCountingSemaphore
 .text.xQueueGenericSend
                0x000000000800ecbc       0xf8 Thirdparty\Middleware\STM32F0xx\FreeRTOS\Source\queue.o
                0x000000000800ecbc                xQueueGenericSend
 .text.xQueueGenericSendFromISR
                0x000000000800edb4       0x70 Thirdparty\Middleware\STM32F0xx\FreeRTOS\Source\queue.o
                0x000000000800edb4                xQueueGenericSendFromISR
 .text.xQueueGiveFromISR
                0x000000000800ee24       0x54 Thirdparty\Middleware\STM32F0xx\FreeRTOS\Source\queue.o
                0x000000000800ee24                xQueueGiveFromISR
 .text.xQueueGenericReceive
                0x000000000800ee78      0x138 Thirdparty\Middleware\STM32F0xx\FreeRTOS\Source\queue.o
                0x000000000800ee78                xQueueGenericReceive
 .text.xQueueReceiveFromISR
                0x000000000800efb0       0x68 Thirdparty\Middleware\STM32F0xx\FreeRTOS\Source\queue.o
                0x000000000800efb0                xQueueReceiveFromISR
 .text.vQueueAddToRegistry
                0x000000000800f018       0x24 Thirdparty\Middleware\STM32F0xx\FreeRTOS\Source\queue.o
                0x000000000800f018                vQueueAddToRegistry
 .text.vQueueWaitForMessageRestricted
                0x000000000800f03c       0x3c Thirdparty\Middleware\STM32F0xx\FreeRTOS\Source\queue.o
                0x000000000800f03c                vQueueWaitForMessageRestricted
 .text.prvWriteNameToBuffer
                0x000000000800f078       0x30 Thirdparty\Middleware\STM32F0xx\FreeRTOS\Source\tasks.o
 .text.prvListTaskWithinSingleList.part.1
                0x000000000800f0a8       0xa8 Thirdparty\Middleware\STM32F0xx\FreeRTOS\Source\tasks.o
 .text.prvResetNextTaskUnblockTime.part.2
                0x000000000800f150       0x18 Thirdparty\Middleware\STM32F0xx\FreeRTOS\Source\tasks.o
 .text.prvAddCurrentTaskToDelayedList
                0x000000000800f168       0x3c Thirdparty\Middleware\STM32F0xx\FreeRTOS\Source\tasks.o
 .text.vTaskSwitchContext.part.5
                0x000000000800f1a4       0xac Thirdparty\Middleware\STM32F0xx\FreeRTOS\Source\tasks.o
 .text.xTaskGenericCreate
                0x000000000800f250      0x1a4 Thirdparty\Middleware\STM32F0xx\FreeRTOS\Source\tasks.o
                0x000000000800f250                xTaskGenericCreate
 .text.uxTaskPriorityGet
                0x000000000800f3f4       0x20 Thirdparty\Middleware\STM32F0xx\FreeRTOS\Source\tasks.o
                0x000000000800f3f4                uxTaskPriorityGet
 .text.vTaskPrioritySet
                0x000000000800f414       0xac Thirdparty\Middleware\STM32F0xx\FreeRTOS\Source\tasks.o
                0x000000000800f414                vTaskPrioritySet
 .text.vTaskStartScheduler
                0x000000000800f4c0       0x50 Thirdparty\Middleware\STM32F0xx\FreeRTOS\Source\tasks.o
                0x000000000800f4c0                vTaskStartScheduler
 .text.vTaskSuspendAll
                0x000000000800f510       0x10 Thirdparty\Middleware\STM32F0xx\FreeRTOS\Source\tasks.o
                0x000000000800f510                vTaskSuspendAll
 .text.xTaskGetTickCount
                0x000000000800f520        0xc Thirdparty\Middleware\STM32F0xx\FreeRTOS\Source\tasks.o
                0x000000000800f520                xTaskGetTickCount
 .text.xTaskGetTickCountFromISR
                0x000000000800f52c        0xc Thirdparty\Middleware\STM32F0xx\FreeRTOS\Source\tasks.o
                0x000000000800f52c                xTaskGetTickCountFromISR
 .text.xTaskIncrementTick
                0x000000000800f538      0x114 Thirdparty\Middleware\STM32F0xx\FreeRTOS\Source\tasks.o
                0x000000000800f538                xTaskIncrementTick
 .text.xTaskResumeAll
                0x000000000800f64c       0xbc Thirdparty\Middleware\STM32F0xx\FreeRTOS\Source\tasks.o
                0x000000000800f64c                xTaskResumeAll
 .text.vTaskDelay
                0x000000000800f708       0x38 Thirdparty\Middleware\STM32F0xx\FreeRTOS\Source\tasks.o
                0x000000000800f708                vTaskDelay
 .text.prvIdleTask
                0x000000000800f740       0x64 Thirdparty\Middleware\STM32F0xx\FreeRTOS\Source\tasks.o
 .text.uxTaskGetSystemState
                0x000000000800f7a4       0xe4 Thirdparty\Middleware\STM32F0xx\FreeRTOS\Source\tasks.o
                0x000000000800f7a4                uxTaskGetSystemState
 .text.vTaskSwitchContext
                0x000000000800f888       0x20 Thirdparty\Middleware\STM32F0xx\FreeRTOS\Source\tasks.o
                0x000000000800f888                vTaskSwitchContext
 .text.vTaskPlaceOnEventList
                0x000000000800f8a8       0x38 Thirdparty\Middleware\STM32F0xx\FreeRTOS\Source\tasks.o
                0x000000000800f8a8                vTaskPlaceOnEventList
 .text.vTaskPlaceOnEventListRestricted
                0x000000000800f8e0       0x24 Thirdparty\Middleware\STM32F0xx\FreeRTOS\Source\tasks.o
                0x000000000800f8e0                vTaskPlaceOnEventListRestricted
 .text.xTaskRemoveFromEventList
                0x000000000800f904       0x6c Thirdparty\Middleware\STM32F0xx\FreeRTOS\Source\tasks.o
                0x000000000800f904                xTaskRemoveFromEventList
 .text.vTaskSetTimeOutState
                0x000000000800f970       0x18 Thirdparty\Middleware\STM32F0xx\FreeRTOS\Source\tasks.o
                0x000000000800f970                vTaskSetTimeOutState
 .text.xTaskCheckForTimeOut
                0x000000000800f988       0x58 Thirdparty\Middleware\STM32F0xx\FreeRTOS\Source\tasks.o
                0x000000000800f988                xTaskCheckForTimeOut
 .text.vTaskMissedYield
                0x000000000800f9e0        0xc Thirdparty\Middleware\STM32F0xx\FreeRTOS\Source\tasks.o
                0x000000000800f9e0                vTaskMissedYield
 .text.xTaskGetSchedulerState
                0x000000000800f9ec       0x18 Thirdparty\Middleware\STM32F0xx\FreeRTOS\Source\tasks.o
                0x000000000800f9ec                xTaskGetSchedulerState
 .text.vTaskPriorityInherit
                0x000000000800fa04       0x68 Thirdparty\Middleware\STM32F0xx\FreeRTOS\Source\tasks.o
                0x000000000800fa04                vTaskPriorityInherit
 .text.xTaskPriorityDisinherit
                0x000000000800fa6c       0x54 Thirdparty\Middleware\STM32F0xx\FreeRTOS\Source\tasks.o
                0x000000000800fa6c                xTaskPriorityDisinherit
 .text.vTaskList
                0x000000000800fac0       0xb4 Thirdparty\Middleware\STM32F0xx\FreeRTOS\Source\tasks.o
                0x000000000800fac0                vTaskList
 .text.vTaskGetRunTimeStats
                0x000000000800fb74       0xb8 Thirdparty\Middleware\STM32F0xx\FreeRTOS\Source\tasks.o
                0x000000000800fb74                vTaskGetRunTimeStats
 .text.pvTaskIncrementMutexHeldCount
                0x000000000800fc2c       0x18 Thirdparty\Middleware\STM32F0xx\FreeRTOS\Source\tasks.o
                0x000000000800fc2c                pvTaskIncrementMutexHeldCount
 .text.ulTaskNotifyTake
                0x000000000800fc44       0x80 Thirdparty\Middleware\STM32F0xx\FreeRTOS\Source\tasks.o
                0x000000000800fc44                ulTaskNotifyTake
 .text.xTaskGenericNotify
                0x000000000800fcc4       0x98 Thirdparty\Middleware\STM32F0xx\FreeRTOS\Source\tasks.o
                0x000000000800fcc4                xTaskGenericNotify
 .text.prvCheckForValidListAndQueue
                0x000000000800fd5c       0x4c Thirdparty\Middleware\STM32F0xx\FreeRTOS\Source\timers.o
 .text.prvInsertTimerInActiveList
                0x000000000800fda8       0x44 Thirdparty\Middleware\STM32F0xx\FreeRTOS\Source\timers.o
 .text.xTimerCreateTimerTask
                0x000000000800fdec       0x38 Thirdparty\Middleware\STM32F0xx\FreeRTOS\Source\timers.o
                0x000000000800fdec                xTimerCreateTimerTask
 .text.xTimerCreate
                0x000000000800fe24       0x40 Thirdparty\Middleware\STM32F0xx\FreeRTOS\Source\timers.o
                0x000000000800fe24                xTimerCreate
 .text.xTimerGenericCommand
                0x000000000800fe64       0x54 Thirdparty\Middleware\STM32F0xx\FreeRTOS\Source\timers.o
                0x000000000800fe64                xTimerGenericCommand
 .text.prvSwitchTimerLists
                0x000000000800feb8       0x6c Thirdparty\Middleware\STM32F0xx\FreeRTOS\Source\timers.o
 .text.prvTimerTask
                0x000000000800ff24      0x1a0 Thirdparty\Middleware\STM32F0xx\FreeRTOS\Source\timers.o
 .text.pvTimerGetTimerID
                0x00000000080100c4       0x14 Thirdparty\Middleware\STM32F0xx\FreeRTOS\Source\timers.o
                0x00000000080100c4                pvTimerGetTimerID
 .text.HAL_InitTick
                0x00000000080100d8       0x24 Thirdparty\STM32F0xx_HAL_Driver\Src\stm32f0xx_hal.o
                0x00000000080100d8                HAL_InitTick
 .text.HAL_Init
                0x00000000080100fc       0x20 Thirdparty\STM32F0xx_HAL_Driver\Src\stm32f0xx_hal.o
                0x00000000080100fc                HAL_Init
 .text.HAL_IncTick
                0x000000000801011c       0x10 Thirdparty\STM32F0xx_HAL_Driver\Src\stm32f0xx_hal.o
                0x000000000801011c                HAL_IncTick
 .text.HAL_GetTick
                0x000000000801012c        0xc Thirdparty\STM32F0xx_HAL_Driver\Src\stm32f0xx_hal.o
                0x000000000801012c                HAL_GetTick
 .text.HAL_Delay
                0x0000000008010138       0x1c Thirdparty\STM32F0xx_HAL_Driver\Src\stm32f0xx_hal.o
                0x0000000008010138                HAL_Delay
 .text.HAL_GetREVID
                0x0000000008010154        0xc Thirdparty\STM32F0xx_HAL_Driver\Src\stm32f0xx_hal.o
                0x0000000008010154                HAL_GetREVID
 .text.HAL_GetDEVID
                0x0000000008010160       0x10 Thirdparty\STM32F0xx_HAL_Driver\Src\stm32f0xx_hal.o
                0x0000000008010160                HAL_GetDEVID
 .text.ADC_Disable
                0x0000000008010170       0x7c Thirdparty\STM32F0xx_HAL_Driver\Src\stm32f0xx_hal_adc.o
 .text.ADC_Enable
                0x00000000080101ec       0xa8 Thirdparty\STM32F0xx_HAL_Driver\Src\stm32f0xx_hal_adc.o
 .text.ADC_ConversionStop
                0x0000000008010294       0x58 Thirdparty\STM32F0xx_HAL_Driver\Src\stm32f0xx_hal_adc.o
 .text.HAL_ADC_Init
                0x00000000080102ec      0x144 Thirdparty\STM32F0xx_HAL_Driver\Src\stm32f0xx_hal_adc.o
                0x00000000080102ec                HAL_ADC_Init
 .text.HAL_ADC_Start
                0x0000000008010430       0x58 Thirdparty\STM32F0xx_HAL_Driver\Src\stm32f0xx_hal_adc.o
                0x0000000008010430                HAL_ADC_Start
 .text.HAL_ADC_Stop
                0x0000000008010488       0x40 Thirdparty\STM32F0xx_HAL_Driver\Src\stm32f0xx_hal_adc.o
                0x0000000008010488                HAL_ADC_Stop
 .text.HAL_ADC_PollForConversion
                0x00000000080104c8       0xc8 Thirdparty\STM32F0xx_HAL_Driver\Src\stm32f0xx_hal_adc.o
                0x00000000080104c8                HAL_ADC_PollForConversion
 .text.HAL_ADC_GetValue
                0x0000000008010590        0xc Thirdparty\STM32F0xx_HAL_Driver\Src\stm32f0xx_hal_adc.o
                0x0000000008010590                HAL_ADC_GetValue
 .text.HAL_ADC_ConfigChannel
                0x000000000801059c      0x120 Thirdparty\STM32F0xx_HAL_Driver\Src\stm32f0xx_hal_adc.o
                0x000000000801059c                HAL_ADC_ConfigChannel
 .text.HAL_NVIC_SetPriority
                0x00000000080106bc       0x58 Thirdparty\STM32F0xx_HAL_Driver\Src\stm32f0xx_hal_cortex.o
                0x00000000080106bc                HAL_NVIC_SetPriority
 .text.HAL_NVIC_EnableIRQ
                0x0000000008010714       0x14 Thirdparty\STM32F0xx_HAL_Driver\Src\stm32f0xx_hal_cortex.o
                0x0000000008010714                HAL_NVIC_EnableIRQ
 .text.HAL_NVIC_DisableIRQ
                0x0000000008010728       0x14 Thirdparty\STM32F0xx_HAL_Driver\Src\stm32f0xx_hal_cortex.o
                0x0000000008010728                HAL_NVIC_DisableIRQ
 .text.HAL_SYSTICK_Config
                0x000000000801073c       0x38 Thirdparty\STM32F0xx_HAL_Driver\Src\stm32f0xx_hal_cortex.o
                0x000000000801073c                HAL_SYSTICK_Config
 .text.HAL_SYSTICK_CLKSourceConfig
                0x0000000008010774       0x1c Thirdparty\STM32F0xx_HAL_Driver\Src\stm32f0xx_hal_cortex.o
                0x0000000008010774                HAL_SYSTICK_CLKSourceConfig
 .text.CRC_Handle_8
                0x0000000008010790       0x6c Thirdparty\STM32F0xx_HAL_Driver\Src\stm32f0xx_hal_crc.o
 .text.CRC_Handle_16
                0x00000000080107fc       0x2c Thirdparty\STM32F0xx_HAL_Driver\Src\stm32f0xx_hal_crc.o
 .text.HAL_CRC_Init
                0x0000000008010828       0x68 Thirdparty\STM32F0xx_HAL_Driver\Src\stm32f0xx_hal_crc.o
                0x0000000008010828                HAL_CRC_Init
 .text.HAL_CRC_Accumulate
                0x0000000008010890       0x54 Thirdparty\STM32F0xx_HAL_Driver\Src\stm32f0xx_hal_crc.o
                0x0000000008010890                HAL_CRC_Accumulate
 .text.HAL_CRC_Calculate
                0x00000000080108e4       0x5c Thirdparty\STM32F0xx_HAL_Driver\Src\stm32f0xx_hal_crc.o
                0x00000000080108e4                HAL_CRC_Calculate
 .text.HAL_CRCEx_Polynomial_Set
                0x0000000008010940       0x5c Thirdparty\STM32F0xx_HAL_Driver\Src\stm32f0xx_hal_crc_ex.o
                0x0000000008010940                HAL_CRCEx_Polynomial_Set
 .text.HAL_CRCEx_Init
                0x000000000801099c       0x30 Thirdparty\STM32F0xx_HAL_Driver\Src\stm32f0xx_hal_crc_ex.o
                0x000000000801099c                HAL_CRCEx_Init
 .text.HAL_DMA_Init
                0x00000000080109cc       0x58 Thirdparty\STM32F0xx_HAL_Driver\Src\stm32f0xx_hal_dma.o
                0x00000000080109cc                HAL_DMA_Init
 .text.HAL_DMA_Start_IT
                0x0000000008010a24       0x58 Thirdparty\STM32F0xx_HAL_Driver\Src\stm32f0xx_hal_dma.o
                0x0000000008010a24                HAL_DMA_Start_IT
 .text.HAL_DMA_Abort
                0x0000000008010a7c       0x50 Thirdparty\STM32F0xx_HAL_Driver\Src\stm32f0xx_hal_dma.o
                0x0000000008010a7c                HAL_DMA_Abort
 .text.HAL_DMA_IRQHandler
                0x0000000008010acc      0x940 Thirdparty\STM32F0xx_HAL_Driver\Src\stm32f0xx_hal_dma.o
                0x0000000008010acc                HAL_DMA_IRQHandler
 .text.HAL_FLASH_Unlock
                0x000000000801140c       0x24 Thirdparty\STM32F0xx_HAL_Driver\Src\stm32f0xx_hal_flash.o
                0x000000000801140c                HAL_FLASH_Unlock
 .text.HAL_FLASH_Lock
                0x0000000008011430       0x14 Thirdparty\STM32F0xx_HAL_Driver\Src\stm32f0xx_hal_flash.o
                0x0000000008011430                HAL_FLASH_Lock
 .text.FLASH_WaitForLastOperation
                0x0000000008011444       0x88 Thirdparty\STM32F0xx_HAL_Driver\Src\stm32f0xx_hal_flash.o
                0x0000000008011444                FLASH_WaitForLastOperation
 .text.HAL_FLASH_Program
                0x00000000080114cc       0xc8 Thirdparty\STM32F0xx_HAL_Driver\Src\stm32f0xx_hal_flash.o
                0x00000000080114cc                HAL_FLASH_Program
 .text.HAL_FLASHEx_Erase
                0x0000000008011594       0xd8 Thirdparty\STM32F0xx_HAL_Driver\Src\stm32f0xx_hal_flash_ex.o
                0x0000000008011594                HAL_FLASHEx_Erase
 .text.FLASH_PageErase
                0x000000000801166c       0x24 Thirdparty\STM32F0xx_HAL_Driver\Src\stm32f0xx_hal_flash_ex.o
                0x000000000801166c                FLASH_PageErase
 .text.HAL_GPIO_Init
                0x0000000008011690      0x1f8 Thirdparty\STM32F0xx_HAL_Driver\Src\stm32f0xx_hal_gpio.o
                0x0000000008011690                HAL_GPIO_Init
 .text.HAL_GPIO_DeInit
                0x0000000008011888      0x13c Thirdparty\STM32F0xx_HAL_Driver\Src\stm32f0xx_hal_gpio.o
                0x0000000008011888                HAL_GPIO_DeInit
 .text.HAL_GPIO_ReadPin
                0x00000000080119c4        0xc Thirdparty\STM32F0xx_HAL_Driver\Src\stm32f0xx_hal_gpio.o
                0x00000000080119c4                HAL_GPIO_ReadPin
 .text.HAL_GPIO_WritePin
                0x00000000080119d0        0xc Thirdparty\STM32F0xx_HAL_Driver\Src\stm32f0xx_hal_gpio.o
                0x00000000080119d0                HAL_GPIO_WritePin
 .text.HAL_GPIO_TogglePin
                0x00000000080119dc        0x8 Thirdparty\STM32F0xx_HAL_Driver\Src\stm32f0xx_hal_gpio.o
                0x00000000080119dc                HAL_GPIO_TogglePin
 .text.I2C_IsAcknowledgeFailed
                0x00000000080119e4       0x94 Thirdparty\STM32F0xx_HAL_Driver\Src\stm32f0xx_hal_i2c.o
 .text.I2C_WaitOnFlagUntilTimeout
                0x0000000008011a78       0x70 Thirdparty\STM32F0xx_HAL_Driver\Src\stm32f0xx_hal_i2c.o
 .text.I2C_WaitOnSTOPFlagUntilTimeout
                0x0000000008011ae8       0x54 Thirdparty\STM32F0xx_HAL_Driver\Src\stm32f0xx_hal_i2c.o
 .text.I2C_WaitOnTXISFlagUntilTimeout
                0x0000000008011b3c       0x58 Thirdparty\STM32F0xx_HAL_Driver\Src\stm32f0xx_hal_i2c.o
 .text.HAL_I2C_MspInit
                0x0000000008011b94        0x4 Thirdparty\STM32F0xx_HAL_Driver\Src\stm32f0xx_hal_i2c.o
                0x0000000008011b94                HAL_I2C_MspInit
 .text.HAL_I2C_Init
                0x0000000008011b98       0xa8 Thirdparty\STM32F0xx_HAL_Driver\Src\stm32f0xx_hal_i2c.o
                0x0000000008011b98                HAL_I2C_Init
 .text.HAL_I2C_Master_Transmit
                0x0000000008011c40      0x148 Thirdparty\STM32F0xx_HAL_Driver\Src\stm32f0xx_hal_i2c.o
                0x0000000008011c40                HAL_I2C_Master_Transmit
 .text.HAL_I2C_Master_Receive
                0x0000000008011d88      0x14c Thirdparty\STM32F0xx_HAL_Driver\Src\stm32f0xx_hal_i2c.o
                0x0000000008011d88                HAL_I2C_Master_Receive
 .text.HAL_I2C_IsDeviceReady
                0x0000000008011ed4      0x130 Thirdparty\STM32F0xx_HAL_Driver\Src\stm32f0xx_hal_i2c.o
                0x0000000008011ed4                HAL_I2C_IsDeviceReady
 .text.HAL_MspInit
                0x0000000008012004        0x4 Thirdparty\STM32F0xx_HAL_Driver\Src\stm32f0xx_hal_msp_template.o
                0x0000000008012004                HAL_MspInit
 .text.HAL_PWR_EnableBkUpAccess
                0x0000000008012008       0x14 Thirdparty\STM32F0xx_HAL_Driver\Src\stm32f0xx_hal_pwr.o
                0x0000000008012008                HAL_PWR_EnableBkUpAccess
 .text.HAL_RCC_OscConfig
                0x000000000801201c      0x544 Thirdparty\STM32F0xx_HAL_Driver\Src\stm32f0xx_hal_rcc.o
                0x000000000801201c                HAL_RCC_OscConfig
 .text.HAL_RCC_ClockConfig
                0x0000000008012560      0x230 Thirdparty\STM32F0xx_HAL_Driver\Src\stm32f0xx_hal_rcc.o
                0x0000000008012560                HAL_RCC_ClockConfig
 .text.HAL_RCC_GetSysClockFreq
                0x0000000008012790       0x8c Thirdparty\STM32F0xx_HAL_Driver\Src\stm32f0xx_hal_rcc.o
                0x0000000008012790                HAL_RCC_GetSysClockFreq
 .text.HAL_RCC_GetHCLKFreq
                0x000000000801281c       0x28 Thirdparty\STM32F0xx_HAL_Driver\Src\stm32f0xx_hal_rcc.o
                0x000000000801281c                HAL_RCC_GetHCLKFreq
 .text.HAL_RCC_GetPCLK1Freq
                0x0000000008012844       0x34 Thirdparty\STM32F0xx_HAL_Driver\Src\stm32f0xx_hal_rcc.o
                0x0000000008012844                HAL_RCC_GetPCLK1Freq
 .text.HAL_RCCEx_PeriphCLKConfig
                0x0000000008012878      0x128 Thirdparty\STM32F0xx_HAL_Driver\Src\stm32f0xx_hal_rcc_ex.o
                0x0000000008012878                HAL_RCCEx_PeriphCLKConfig
 .text.HAL_RTC_MspInit
                0x00000000080129a0        0x4 Thirdparty\STM32F0xx_HAL_Driver\Src\stm32f0xx_hal_rtc.o
                0x00000000080129a0                HAL_RTC_MspInit
 .text.HAL_RTC_GetTime
                0x00000000080129a4       0x60 Thirdparty\STM32F0xx_HAL_Driver\Src\stm32f0xx_hal_rtc.o
                0x00000000080129a4                HAL_RTC_GetTime
 .text.HAL_RTC_GetDate
                0x0000000008012a04       0x5c Thirdparty\STM32F0xx_HAL_Driver\Src\stm32f0xx_hal_rtc.o
                0x0000000008012a04                HAL_RTC_GetDate
 .text.HAL_RTC_WaitForSynchro
                0x0000000008012a60       0x38 Thirdparty\STM32F0xx_HAL_Driver\Src\stm32f0xx_hal_rtc.o
                0x0000000008012a60                HAL_RTC_WaitForSynchro
 .text.RTC_EnterInitMode
                0x0000000008012a98       0x3c Thirdparty\STM32F0xx_HAL_Driver\Src\stm32f0xx_hal_rtc.o
                0x0000000008012a98                RTC_EnterInitMode
 .text.HAL_RTC_Init
                0x0000000008012ad4       0x90 Thirdparty\STM32F0xx_HAL_Driver\Src\stm32f0xx_hal_rtc.o
                0x0000000008012ad4                HAL_RTC_Init
 .text.HAL_RTC_SetTime
                0x0000000008012b64      0x128 Thirdparty\STM32F0xx_HAL_Driver\Src\stm32f0xx_hal_rtc.o
                0x0000000008012b64                HAL_RTC_SetTime
 .text.HAL_RTC_SetDate
                0x0000000008012c8c       0xf8 Thirdparty\STM32F0xx_HAL_Driver\Src\stm32f0xx_hal_rtc.o
                0x0000000008012c8c                HAL_RTC_SetDate
 .text.HAL_RTCEx_BKUPWrite
                0x0000000008012d84        0xc Thirdparty\STM32F0xx_HAL_Driver\Src\stm32f0xx_hal_rtc_ex.o
                0x0000000008012d84                HAL_RTCEx_BKUPWrite
 .text.HAL_RTCEx_BKUPRead
                0x0000000008012d90        0xc Thirdparty\STM32F0xx_HAL_Driver\Src\stm32f0xx_hal_rtc_ex.o
                0x0000000008012d90                HAL_RTCEx_BKUPRead
 .text.HAL_TIM_Base_MspInit
                0x0000000008012d9c        0x4 Thirdparty\STM32F0xx_HAL_Driver\Src\stm32f0xx_hal_tim.o
                0x0000000008012d9c                HAL_TIM_Base_MspInit
 .text.HAL_TIM_Base_Start
                0x0000000008012da0       0x18 Thirdparty\STM32F0xx_HAL_Driver\Src\stm32f0xx_hal_tim.o
                0x0000000008012da0                HAL_TIM_Base_Start
 .text.TIM_Base_SetConfig
                0x0000000008012db8       0xa8 Thirdparty\STM32F0xx_HAL_Driver\Src\stm32f0xx_hal_tim.o
                0x0000000008012db8                TIM_Base_SetConfig
 .text.HAL_TIM_Base_Init
                0x0000000008012e60       0x34 Thirdparty\STM32F0xx_HAL_Driver\Src\stm32f0xx_hal_tim.o
                0x0000000008012e60                HAL_TIM_Base_Init
 .text.HAL_TIMEx_MasterConfigSynchronization
                0x0000000008012e94       0x44 Thirdparty\STM32F0xx_HAL_Driver\Src\stm32f0xx_hal_tim_ex.o
                0x0000000008012e94                HAL_TIMEx_MasterConfigSynchronization
 .text.HAL_UART_MspDeInit
                0x0000000008012ed8        0x4 Thirdparty\STM32F0xx_HAL_Driver\Src\stm32f0xx_hal_uart.o
                0x0000000008012ed8                HAL_UART_MspDeInit
 .text.HAL_UART_DeInit
                0x0000000008012edc       0x34 Thirdparty\STM32F0xx_HAL_Driver\Src\stm32f0xx_hal_uart.o
                0x0000000008012edc                HAL_UART_DeInit
 .text.HAL_UART_Transmit_IT
                0x0000000008012f10       0x68 Thirdparty\STM32F0xx_HAL_Driver\Src\stm32f0xx_hal_uart.o
                0x0000000008012f10                HAL_UART_Transmit_IT
 .text.HAL_UART_Receive_IT
                0x0000000008012f78       0xbc Thirdparty\STM32F0xx_HAL_Driver\Src\stm32f0xx_hal_uart.o
                0x0000000008012f78                HAL_UART_Receive_IT
 .text.HAL_UART_Receive_DMA
                0x0000000008013034       0x84 Thirdparty\STM32F0xx_HAL_Driver\Src\stm32f0xx_hal_uart.o
                0x0000000008013034                HAL_UART_Receive_DMA
 .text.UART_DMAReceiveCplt
                0x00000000080130b8       0x38 Thirdparty\STM32F0xx_HAL_Driver\Src\stm32f0xx_hal_uart.o
 .text.HAL_UART_RxHalfCpltCallback
                0x00000000080130f0        0x4 Thirdparty\STM32F0xx_HAL_Driver\Src\stm32f0xx_hal_uart.o
                0x00000000080130f0                HAL_UART_RxHalfCpltCallback
 .text.UART_DMARxHalfCplt
                0x00000000080130f4        0xc Thirdparty\STM32F0xx_HAL_Driver\Src\stm32f0xx_hal_uart.o
 .text.UART_DMAError
                0x0000000008013100       0x24 Thirdparty\STM32F0xx_HAL_Driver\Src\stm32f0xx_hal_uart.o
 .text.UART_SetConfig
                0x0000000008013124      0x1d8 Thirdparty\STM32F0xx_HAL_Driver\Src\stm32f0xx_hal_uart.o
                0x0000000008013124                UART_SetConfig
 .text.UART_AdvFeatureConfig
                0x00000000080132fc       0xd0 Thirdparty\STM32F0xx_HAL_Driver\Src\stm32f0xx_hal_uart.o
                0x00000000080132fc                UART_AdvFeatureConfig
 .text.UART_WaitOnFlagUntilTimeout
                0x00000000080133cc       0x98 Thirdparty\STM32F0xx_HAL_Driver\Src\stm32f0xx_hal_uart.o
                0x00000000080133cc                UART_WaitOnFlagUntilTimeout
 .text.HAL_UART_Transmit
                0x0000000008013464       0xc8 Thirdparty\STM32F0xx_HAL_Driver\Src\stm32f0xx_hal_uart.o
                0x0000000008013464                HAL_UART_Transmit
 .text.UART_CheckIdleState
                0x000000000801352c       0x7c Thirdparty\STM32F0xx_HAL_Driver\Src\stm32f0xx_hal_uart.o
                0x000000000801352c                UART_CheckIdleState
 .text.HAL_UART_Init
                0x00000000080135a8       0x6c Thirdparty\STM32F0xx_HAL_Driver\Src\stm32f0xx_hal_uart.o
                0x00000000080135a8                HAL_UART_Init
 .text.UART_Transmit_IT
                0x0000000008013614       0x64 Thirdparty\STM32F0xx_HAL_Driver\Src\stm32f0xx_hal_uart.o
                0x0000000008013614                UART_Transmit_IT
 .text.UART_EndTransmit_IT
                0x0000000008013678       0x2c Thirdparty\STM32F0xx_HAL_Driver\Src\stm32f0xx_hal_uart.o
                0x0000000008013678                UART_EndTransmit_IT
 .text.UART_Receive_IT
                0x00000000080136a4       0x8c Thirdparty\STM32F0xx_HAL_Driver\Src\stm32f0xx_hal_uart.o
                0x00000000080136a4                UART_Receive_IT
 .text.HAL_UARTEx_WakeupCallback
                0x0000000008013730        0x4 Thirdparty\STM32F0xx_HAL_Driver\Src\stm32f0xx_hal_uart_ex.o
                0x0000000008013730                HAL_UARTEx_WakeupCallback
 .text.HAL_UART_IRQHandler
                0x0000000008013734      0x108 Thirdparty\STM32F0xx_HAL_Driver\Src\stm32f0xx_hal_uart_ex.o
                0x0000000008013734                HAL_UART_IRQHandler
 .text.startup.main
                0x000000000801383c        0x8 User\main.o
                0x000000000801383c                main
 .text.UserTask
                0x0000000008013844        0x4 User\main.o
                0x0000000008013844                UserTask
 .text.atof     0x0000000008013848        0xa c:/st/stm32cubeide_1.5.1/stm32cubeide/plugins/com.st.stm32cube.ide.mcu.externaltools.gnu-tools-for-stm32.7-2018-q2-update.win32_1.5.0.202011040924/tools/bin/../lib/gcc/arm-none-eabi/7.3.1/../../../../arm-none-eabi/lib/thumb/v6-m\libc.a(lib_a-atof.o)
                0x0000000008013848                atof
 .text.atoi     0x0000000008013852        0xc c:/st/stm32cubeide_1.5.1/stm32cubeide/plugins/com.st.stm32cube.ide.mcu.externaltools.gnu-tools-for-stm32.7-2018-q2-update.win32_1.5.0.202011040924/tools/bin/../lib/gcc/arm-none-eabi/7.3.1/../../../../arm-none-eabi/lib/thumb/v6-m\libc.a(lib_a-atoi.o)
                0x0000000008013852                atoi
 .text.atol     0x000000000801385e        0xc c:/st/stm32cubeide_1.5.1/stm32cubeide/plugins/com.st.stm32cube.ide.mcu.externaltools.gnu-tools-for-stm32.7-2018-q2-update.win32_1.5.0.202011040924/tools/bin/../lib/gcc/arm-none-eabi/7.3.1/../../../../arm-none-eabi/lib/thumb/v6-m\libc.a(lib_a-atol.o)
                0x000000000801385e                atol
 *fill*         0x000000000801386a        0x2 
 .text.calloc   0x000000000801386c       0x14 c:/st/stm32cubeide_1.5.1/stm32cubeide/plugins/com.st.stm32cube.ide.mcu.externaltools.gnu-tools-for-stm32.7-2018-q2-update.win32_1.5.0.202011040924/tools/bin/../lib/gcc/arm-none-eabi/7.3.1/../../../../arm-none-eabi/lib/thumb/v6-m\libc.a(lib_a-calloc.o)
                0x000000000801386c                calloc
 .text._calloc_r
                0x0000000008013880       0x58 c:/st/stm32cubeide_1.5.1/stm32cubeide/plugins/com.st.stm32cube.ide.mcu.externaltools.gnu-tools-for-stm32.7-2018-q2-update.win32_1.5.0.202011040924/tools/bin/../lib/gcc/arm-none-eabi/7.3.1/../../../../arm-none-eabi/lib/thumb/v6-m\libc.a(lib_a-callocr.o)
                0x0000000008013880                _calloc_r
 .text.__libc_init_array
                0x00000000080138d8       0x48 c:/st/stm32cubeide_1.5.1/stm32cubeide/plugins/com.st.stm32cube.ide.mcu.externaltools.gnu-tools-for-stm32.7-2018-q2-update.win32_1.5.0.202011040924/tools/bin/../lib/gcc/arm-none-eabi/7.3.1/../../../../arm-none-eabi/lib/thumb/v6-m\libc.a(lib_a-init.o)
                0x00000000080138d8                __libc_init_array
 .text.__locale_ctype_ptr_l
                0x0000000008013920        0x6 c:/st/stm32cubeide_1.5.1/stm32cubeide/plugins/com.st.stm32cube.ide.mcu.externaltools.gnu-tools-for-stm32.7-2018-q2-update.win32_1.5.0.202011040924/tools/bin/../lib/gcc/arm-none-eabi/7.3.1/../../../../arm-none-eabi/lib/thumb/v6-m\libc.a(lib_a-locale.o)
                0x0000000008013920                __locale_ctype_ptr_l
 *fill*         0x0000000008013926        0x2 
 .text.__locale_ctype_ptr
                0x0000000008013928       0x1c c:/st/stm32cubeide_1.5.1/stm32cubeide/plugins/com.st.stm32cube.ide.mcu.externaltools.gnu-tools-for-stm32.7-2018-q2-update.win32_1.5.0.202011040924/tools/bin/../lib/gcc/arm-none-eabi/7.3.1/../../../../arm-none-eabi/lib/thumb/v6-m\libc.a(lib_a-locale.o)
                0x0000000008013928                __locale_ctype_ptr
 .text.malloc   0x0000000008013944       0x14 c:/st/stm32cubeide_1.5.1/stm32cubeide/plugins/com.st.stm32cube.ide.mcu.externaltools.gnu-tools-for-stm32.7-2018-q2-update.win32_1.5.0.202011040924/tools/bin/../lib/gcc/arm-none-eabi/7.3.1/../../../../arm-none-eabi/lib/thumb/v6-m\libc.a(lib_a-malloc.o)
                0x0000000008013944                malloc
 .text.free     0x0000000008013958       0x14 c:/st/stm32cubeide_1.5.1/stm32cubeide/plugins/com.st.stm32cube.ide.mcu.externaltools.gnu-tools-for-stm32.7-2018-q2-update.win32_1.5.0.202011040924/tools/bin/../lib/gcc/arm-none-eabi/7.3.1/../../../../arm-none-eabi/lib/thumb/v6-m\libc.a(lib_a-malloc.o)
                0x0000000008013958                free
 .text._malloc_r
                0x000000000801396c      0x430 c:/st/stm32cubeide_1.5.1/stm32cubeide/plugins/com.st.stm32cube.ide.mcu.externaltools.gnu-tools-for-stm32.7-2018-q2-update.win32_1.5.0.202011040924/tools/bin/../lib/gcc/arm-none-eabi/7.3.1/../../../../arm-none-eabi/lib/thumb/v6-m\libc.a(lib_a-mallocr.o)
                0x000000000801396c                _malloc_r
 .text.__ascii_mbtowc
                0x0000000008013d9c       0x24 c:/st/stm32cubeide_1.5.1/stm32cubeide/plugins/com.st.stm32cube.ide.mcu.externaltools.gnu-tools-for-stm32.7-2018-q2-update.win32_1.5.0.202011040924/tools/bin/../lib/gcc/arm-none-eabi/7.3.1/../../../../arm-none-eabi/lib/thumb/v6-m\libc.a(lib_a-mbtowc_r.o)
                0x0000000008013d9c                __ascii_mbtowc
 .text.memcmp   0x0000000008013dc0       0x1e c:/st/stm32cubeide_1.5.1/stm32cubeide/plugins/com.st.stm32cube.ide.mcu.externaltools.gnu-tools-for-stm32.7-2018-q2-update.win32_1.5.0.202011040924/tools/bin/../lib/gcc/arm-none-eabi/7.3.1/../../../../arm-none-eabi/lib/thumb/v6-m\libc.a(lib_a-memcmp.o)
                0x0000000008013dc0                memcmp
 .text.memcpy   0x0000000008013dde       0x12 c:/st/stm32cubeide_1.5.1/stm32cubeide/plugins/com.st.stm32cube.ide.mcu.externaltools.gnu-tools-for-stm32.7-2018-q2-update.win32_1.5.0.202011040924/tools/bin/../lib/gcc/arm-none-eabi/7.3.1/../../../../arm-none-eabi/lib/thumb/v6-m\libc.a(lib_a-memcpy-stub.o)
                0x0000000008013dde                memcpy
 .text.memset   0x0000000008013df0       0x10 c:/st/stm32cubeide_1.5.1/stm32cubeide/plugins/com.st.stm32cube.ide.mcu.externaltools.gnu-tools-for-stm32.7-2018-q2-update.win32_1.5.0.202011040924/tools/bin/../lib/gcc/arm-none-eabi/7.3.1/../../../../arm-none-eabi/lib/thumb/v6-m\libc.a(lib_a-memset.o)
                0x0000000008013df0                memset
 .text.__malloc_lock
                0x0000000008013e00       0x10 c:/st/stm32cubeide_1.5.1/stm32cubeide/plugins/com.st.stm32cube.ide.mcu.externaltools.gnu-tools-for-stm32.7-2018-q2-update.win32_1.5.0.202011040924/tools/bin/../lib/gcc/arm-none-eabi/7.3.1/../../../../arm-none-eabi/lib/thumb/v6-m\libc.a(lib_a-mlock.o)
                0x0000000008013e00                __malloc_lock
 .text.__malloc_unlock
                0x0000000008013e10       0x10 c:/st/stm32cubeide_1.5.1/stm32cubeide/plugins/com.st.stm32cube.ide.mcu.externaltools.gnu-tools-for-stm32.7-2018-q2-update.win32_1.5.0.202011040924/tools/bin/../lib/gcc/arm-none-eabi/7.3.1/../../../../arm-none-eabi/lib/thumb/v6-m\libc.a(lib_a-mlock.o)
                0x0000000008013e10                __malloc_unlock
 .text.rand     0x0000000008013e20       0x34 c:/st/stm32cubeide_1.5.1/stm32cubeide/plugins/com.st.stm32cube.ide.mcu.externaltools.gnu-tools-for-stm32.7-2018-q2-update.win32_1.5.0.202011040924/tools/bin/../lib/gcc/arm-none-eabi/7.3.1/../../../../arm-none-eabi/lib/thumb/v6-m\libc.a(lib_a-rand.o)
                0x0000000008013e20                rand
 .text.realloc  0x0000000008013e54       0x14 c:/st/stm32cubeide_1.5.1/stm32cubeide/plugins/com.st.stm32cube.ide.mcu.externaltools.gnu-tools-for-stm32.7-2018-q2-update.win32_1.5.0.202011040924/tools/bin/../lib/gcc/arm-none-eabi/7.3.1/../../../../arm-none-eabi/lib/thumb/v6-m\libc.a(lib_a-realloc.o)
                0x0000000008013e54                realloc
 .text._realloc_r
                0x0000000008013e68      0x358 c:/st/stm32cubeide_1.5.1/stm32cubeide/plugins/com.st.stm32cube.ide.mcu.externaltools.gnu-tools-for-stm32.7-2018-q2-update.win32_1.5.0.202011040924/tools/bin/../lib/gcc/arm-none-eabi/7.3.1/../../../../arm-none-eabi/lib/thumb/v6-m\libc.a(lib_a-reallocr.o)
                0x0000000008013e68                _realloc_r
 .text._sbrk_r  0x00000000080141c0       0x24 c:/st/stm32cubeide_1.5.1/stm32cubeide/plugins/com.st.stm32cube.ide.mcu.externaltools.gnu-tools-for-stm32.7-2018-q2-update.win32_1.5.0.202011040924/tools/bin/../lib/gcc/arm-none-eabi/7.3.1/../../../../arm-none-eabi/lib/thumb/v6-m\libc.a(lib_a-sbrkr.o)
                0x00000000080141c0                _sbrk_r
 .text.snprintf
                0x00000000080141e4       0x64 c:/st/stm32cubeide_1.5.1/stm32cubeide/plugins/com.st.stm32cube.ide.mcu.externaltools.gnu-tools-for-stm32.7-2018-q2-update.win32_1.5.0.202011040924/tools/bin/../lib/gcc/arm-none-eabi/7.3.1/../../../../arm-none-eabi/lib/thumb/v6-m\libc.a(lib_a-snprintf.o)
                0x00000000080141e4                snprintf